

================================================================
== Vitis HLS Report for 'dataflow_in_loop_VITIS_LOOP_241_1_1_Block_newFuncRoot_proc_1'
================================================================
* Date:           Sat Mar 28 14:02:39 2026

* Version:        2024.2 (Build 5238294 on Nov  8 2024)
* Project:        atomflow_controller_2024_2
* Solution:       hls (Vivado IP Flow Target)
* Product family: zynquplusRFSOC
* Target device:  xczu49dr-ffvf1760-2-e


================================================================
== Performance Estimates
================================================================
+ Timing: 
    * Summary: 
    +--------+----------+----------+------------+
    |  Clock |  Target  | Estimated| Uncertainty|
    +--------+----------+----------+------------+
    |ap_clk  |  10.00 ns|      0 ns|     2.70 ns|
    +--------+----------+----------+------------+

+ Latency: 
    * Summary: 
    +---------+---------+----------+----------+-----+-----+---------+
    |  Latency (cycles) |  Latency (absolute) |  Interval | Pipeline|
    |   min   |   max   |    min   |    max   | min | max |   Type  |
    +---------+---------+----------+----------+-----+-----+---------+
    |        0|        0|      0 ns|      0 ns|    0|    0|       no|
    +---------+---------+----------+----------+-----+-----+---------+

    + Detail: 
        * Instance: 
        N/A

        * Loop: 
        N/A



================================================================
== Utilization Estimates
================================================================
* Summary: 
+-----------------+---------+------+--------+--------+-----+
|       Name      | BRAM_18K|  DSP |   FF   |   LUT  | URAM|
+-----------------+---------+------+--------+--------+-----+
|DSP              |        -|     -|       -|       -|    -|
|Expression       |        -|     -|       0|       2|    -|
|FIFO             |        -|     -|       -|       -|    -|
|Instance         |        -|     -|       -|       -|    -|
|Memory           |        -|     -|       -|       -|    -|
|Multiplexer      |        -|     -|       0|      27|    -|
|Register         |        -|     -|      18|       -|    -|
+-----------------+---------+------+--------+--------+-----+
|Total            |        0|     0|      18|      29|    0|
+-----------------+---------+------+--------+--------+-----+
|Available        |     2160|  4272|  850560|  425280|   80|
+-----------------+---------+------+--------+--------+-----+
|Utilization (%)  |        0|     0|      ~0|      ~0|    0|
+-----------------+---------+------+--------+--------+-----+

+ Detail: 
    * Instance: 
    N/A

    * DSP: 
    N/A

    * Memory: 
    N/A

    * FIFO: 
    N/A

    * Expression: 
    +-----------------+----------+----+---+----+------------+------------+
    |  Variable Name  | Operation| DSP| FF| LUT| Bitwidth P0| Bitwidth P1|
    +-----------------+----------+----+---+----+------------+------------+
    |ap_block_state1  |        or|   0|  0|   2|           1|           1|
    +-----------------+----------+----+---+----+------------+------------+
    |Total            |          |   0|  0|   2|           1|           1|
    +-----------------+----------+----+---+----+------------+------------+

    * Multiplexer: 
    +-------------+----+-----------+-----+-----------+
    |     Name    | LUT| Input Size| Bits| Total Bits|
    +-------------+----+-----------+-----+-----------+
    |ap_done      |   9|          2|    1|          2|
    |ap_return_0  |   9|          2|   13|         26|
    |ap_return_1  |   9|          2|    3|          6|
    +-------------+----+-----------+-----+-----------+
    |Total        |  27|          6|   17|         34|
    +-------------+----+-----------+-----+-----------+

    * Register: 
    +------------------+----+----+-----+-----------+
    |       Name       | FF | LUT| Bits| Const Bits|
    +------------------+----+----+-----+-----------+
    |ap_CS_fsm         |   1|   0|    1|          0|
    |ap_done_reg       |   1|   0|    1|          0|
    |ap_return_0_preg  |  13|   0|   13|          0|
    |ap_return_1_preg  |   3|   0|    3|          0|
    +------------------+----+----+-----+-----------+
    |Total             |  18|   0|   18|          0|
    +------------------+----+----+-----+-----------+



================================================================
== Interface
================================================================
* Summary: 
+-------------+-----+-----+------------+--------------------------------------------------------------+--------------+
|  RTL Ports  | Dir | Bits|  Protocol  |                         Source Object                        |    C Type    |
+-------------+-----+-----+------------+--------------------------------------------------------------+--------------+
|ap_clk       |   in|    1|  ap_ctrl_hs|  dataflow_in_loop_VITIS_LOOP_241_1.1_Block_newFuncRoot_proc.1|  return value|
|ap_rst       |   in|    1|  ap_ctrl_hs|  dataflow_in_loop_VITIS_LOOP_241_1.1_Block_newFuncRoot_proc.1|  return value|
|ap_start     |   in|    1|  ap_ctrl_hs|  dataflow_in_loop_VITIS_LOOP_241_1.1_Block_newFuncRoot_proc.1|  return value|
|ap_done      |  out|    1|  ap_ctrl_hs|  dataflow_in_loop_VITIS_LOOP_241_1.1_Block_newFuncRoot_proc.1|  return value|
|ap_continue  |   in|    1|  ap_ctrl_hs|  dataflow_in_loop_VITIS_LOOP_241_1.1_Block_newFuncRoot_proc.1|  return value|
|ap_idle      |  out|    1|  ap_ctrl_hs|  dataflow_in_loop_VITIS_LOOP_241_1.1_Block_newFuncRoot_proc.1|  return value|
|ap_ready     |  out|    1|  ap_ctrl_hs|  dataflow_in_loop_VITIS_LOOP_241_1.1_Block_newFuncRoot_proc.1|  return value|
|ap_return_0  |  out|   13|  ap_ctrl_hs|  dataflow_in_loop_VITIS_LOOP_241_1.1_Block_newFuncRoot_proc.1|  return value|
|ap_return_1  |  out|    3|  ap_ctrl_hs|  dataflow_in_loop_VITIS_LOOP_241_1.1_Block_newFuncRoot_proc.1|  return value|
|conv         |   in|   16|     ap_none|                                                          conv|        scalar|
+-------------+-----+-----+------------+--------------------------------------------------------------+--------------+

