

================================================================
== Vitis HLS Report for 'sortRemainingRowsOrCols_HLSMoveStream_Pipeline_VITIS_LOOP_1114_37'
================================================================
* Date:           Sat Mar 28 14:02:45 2026

* Version:        2024.2 (Build 5238294 on Nov  8 2024)
* Project:        atomflow_controller_2024_2
* Solution:       hls (Vivado IP Flow Target)
* Product family: zynquplusRFSOC
* Target device:  xczu49dr-ffvf1760-2-e


================================================================
== Performance Estimates
================================================================
+ Timing: 
    * Summary: 
    +--------+----------+----------+------------+
    |  Clock |  Target  | Estimated| Uncertainty|
    +--------+----------+----------+------------+
    |ap_clk  |  10.00 ns|  6.858 ns|     2.70 ns|
    +--------+----------+----------+------------+

+ Latency: 
    * Summary: 
    +---------+---------+-----------+----------+-----+-----+------------------------------------------------+
    |  Latency (cycles) |  Latency (absolute)  |  Interval |                    Pipeline                    |
    |   min   |   max   |    min    |    max   | min | max |                      Type                      |
    +---------+---------+-----------+----------+-----+-----+------------------------------------------------+
    |        7|       22|  70.000 ns|  0.220 us|    2|   17|  loop auto-rewind stp (delay=0 clock cycles(s))|
    +---------+---------+-----------+----------+-----+-----+------------------------------------------------+

    + Detail: 
        * Instance: 
        N/A

        * Loop: 
        +----------------------+---------+---------+----------+-----------+-----------+--------+----------+
        |                      |  Latency (cycles) | Iteration|  Initiation Interval  |  Trip  |          |
        |       Loop Name      |   min   |   max   |  Latency |  achieved |   target  |  Count | Pipelined|
        +----------------------+---------+---------+----------+-----------+-----------+--------+----------+
        |- VITIS_LOOP_1114_37  |        5|       20|         6|          1|          1|  1 ~ 16|       yes|
        +----------------------+---------+---------+----------+-----------+-----------+--------+----------+



================================================================
== Utilization Estimates
================================================================
* Summary: 
+-----------------+---------+------+--------+--------+-----+
|       Name      | BRAM_18K|  DSP |   FF   |   LUT  | URAM|
+-----------------+---------+------+--------+--------+-----+
|DSP              |        -|     -|       -|       -|    -|
|Expression       |        -|     -|       0|    4167|    -|
|FIFO             |        -|     -|       -|       -|    -|
|Instance         |        -|     -|       -|       -|    -|
|Memory           |        -|     -|       -|       -|    -|
|Multiplexer      |        -|     -|       0|     184|    -|
|Register         |        -|     -|     900|     352|    -|
+-----------------+---------+------+--------+--------+-----+
|Total            |        0|     0|     900|    4703|    0|
+-----------------+---------+------+--------+--------+-----+
|Available        |     2160|  4272|  850560|  425280|   80|
+-----------------+---------+------+--------+--------+-----+
|Utilization (%)  |        0|     0|      ~0|       1|    0|
+-----------------+---------+------+--------+--------+-----+

+ Detail: 
    * Instance: 
    +--------------------------------+---------------------------+---------+----+---+----+-----+
    |            Instance            |           Module          | BRAM_18K| DSP| FF| LUT| URAM|
    +--------------------------------+---------------------------+---------+----+---+----+-----+
    |sitodp_32ns_64_4_no_dsp_1_U747  |sitodp_32ns_64_4_no_dsp_1  |        0|   0|  0|   0|    0|
    |uitodp_64ns_64_4_no_dsp_1_U746  |uitodp_64ns_64_4_no_dsp_1  |        0|   0|  0|   0|    0|
    +--------------------------------+---------------------------+---------+----+---+----+-----+
    |Total                           |                           |        0|   0|  0|   0|    0|
    +--------------------------------+---------------------------+---------+----+---+----+-----+

    * DSP: 
    N/A

    * Memory: 
    N/A

    * FIFO: 
    N/A

    * Expression: 
    +-----------------------------+----------+----+---+-----+------------+------------+
    |        Variable Name        | Operation| DSP| FF| LUT | Bitwidth P0| Bitwidth P1|
    +-----------------------------+----------+----+---+-----+------------+------------+
    |add_ln486_1_fu_1040_p2       |         +|   0|  0|   19|          12|          11|
    |add_ln486_2_fu_629_p2        |         +|   0|  0|   19|          12|          11|
    |add_ln486_3_fu_766_p2        |         +|   0|  0|   19|          12|          11|
    |add_ln486_fu_903_p2          |         +|   0|  0|   19|          12|          11|
    |iter_2_fu_339_p2             |         +|   0|  0|   12|           5|           1|
    |parkingBackIdx_3_fu_547_p2   |         +|   0|  0|   12|           5|           1|
    |parkingFrontIdx_3_fu_567_p2  |         +|   0|  0|   12|           5|           1|
    |usableBackIdx_3_fu_542_p2    |         +|   0|  0|   12|           5|           1|
    |usableFrontIdx_fu_562_p2     |         +|   0|  0|   12|           5|           1|
    |neg82_fu_516_p2              |         -|   0|  0|   39|           1|          32|
    |neg_fu_486_p2                |         -|   0|  0|   39|           1|          32|
    |sub_ln1121_1_fu_359_p2       |         -|   0|  0|   17|          17|          17|
    |sub_ln1121_fu_353_p2         |         -|   0|  0|   17|          17|          17|
    |sub_ln1122_fu_375_p2         |         -|   0|  0|   24|          17|          17|
    |sub_ln1133_1_fu_510_p2       |         -|   0|  0|   39|          32|          32|
    |sub_ln1133_fu_480_p2         |         -|   0|  0|   39|          32|          32|
    |sub_ln18_1_fu_1054_p2        |         -|   0|  0|   18|          10|          11|
    |sub_ln18_2_fu_643_p2         |         -|   0|  0|   18|          10|          11|
    |sub_ln18_3_fu_780_p2         |         -|   0|  0|   18|          10|          11|
    |sub_ln18_fu_917_p2           |         -|   0|  0|   18|          10|          11|
    |sub_ln59_1_fu_1120_p2        |         -|   0|  0|   23|           1|          16|
    |sub_ln59_2_fu_709_p2         |         -|   0|  0|   23|           1|          16|
    |sub_ln59_3_fu_846_p2         |         -|   0|  0|   23|           1|          16|
    |sub_ln59_fu_983_p2           |         -|   0|  0|   23|           1|          16|
    |ap_condition_271             |       and|   0|  0|    2|           1|           1|
    |ap_condition_905             |       and|   0|  0|    2|           1|           1|
    |abscond83_fu_522_p2          |      icmp|   0|  0|   39|          32|           1|
    |abscond_fu_492_p2            |      icmp|   0|  0|   39|          32|           1|
    |icmp_ln1121_fu_365_p2        |      icmp|   0|  0|   24|          17|          17|
    |icmp_ln1122_fu_385_p2        |      icmp|   0|  0|   24|          17|          17|
    |icmp_ln1125_1_fu_403_p2      |      icmp|   0|  0|   12|           5|           5|
    |icmp_ln1125_fu_391_p2        |      icmp|   0|  0|   12|           5|           5|
    |icmp_ln1126_1_fu_433_p2      |      icmp|   0|  0|   12|           5|           5|
    |icmp_ln1126_fu_421_p2        |      icmp|   0|  0|   12|           5|           5|
    |icmp_ln1133_fu_536_p2        |      icmp|   0|  0|   39|          32|          32|
    |lshr_ln18_1_fu_1080_p2       |      lshr|   0|  0|  398|         121|         121|
    |lshr_ln18_2_fu_669_p2        |      lshr|   0|  0|  398|         121|         121|
    |lshr_ln18_3_fu_806_p2        |      lshr|   0|  0|  398|         121|         121|
    |lshr_ln18_fu_943_p2          |      lshr|   0|  0|  398|         121|         121|
    |ap_predicate_pred308_state5  |        or|   0|  0|    2|           1|           1|
    |or_ln1125_fu_415_p2          |        or|   0|  0|    2|           1|           1|
    |or_ln1126_fu_445_p2          |        or|   0|  0|    2|           1|           1|
    |abs84_fu_528_p3              |    select|   0|  0|   32|           1|          32|
    |abs_fu_498_p3                |    select|   0|  0|   32|           1|          32|
    |result_1_fu_989_p3           |    select|   0|  0|   16|           1|          16|
    |result_3_fu_1126_p3          |    select|   0|  0|   16|           1|          16|
    |result_5_fu_715_p3           |    select|   0|  0|   16|           1|          16|
    |result_7_fu_852_p3           |    select|   0|  0|   16|           1|          16|
    |select_ln18_2_fu_1064_p3     |    select|   0|  0|   11|           1|          12|
    |select_ln18_4_fu_653_p3      |    select|   0|  0|   11|           1|          12|
    |select_ln18_6_fu_790_p3      |    select|   0|  0|   11|           1|          12|
    |select_ln18_fu_927_p3        |    select|   0|  0|   11|           1|          12|
    |val_1_fu_1112_p3             |    select|   0|  0|   16|           1|          16|
    |val_2_fu_701_p3              |    select|   0|  0|   16|           1|          16|
    |val_3_fu_838_p3              |    select|   0|  0|   16|           1|          16|
    |val_fu_975_p3                |    select|   0|  0|   16|           1|          16|
    |shl_ln18_1_fu_1086_p2        |       shl|   0|  0|  398|         121|         121|
    |shl_ln18_2_fu_675_p2         |       shl|   0|  0|  398|         121|         121|
    |shl_ln18_3_fu_812_p2         |       shl|   0|  0|  398|         121|         121|
    |shl_ln18_fu_949_p2           |       shl|   0|  0|  398|         121|         121|
    |ap_enable_pp0                |       xor|   0|  0|    2|           1|           2|
    |xor_ln1125_1_fu_409_p2       |       xor|   0|  0|    2|           1|           2|
    |xor_ln1125_fu_397_p2         |       xor|   0|  0|    2|           1|           2|
    |xor_ln1126_1_fu_439_p2       |       xor|   0|  0|    2|           1|           2|
    |xor_ln1126_fu_427_p2         |       xor|   0|  0|    2|           1|           2|
    +-----------------------------+----------+----+---+-----+------------+------------+
    |Total                        |          |   0|  0| 4167|        1376|        1647|
    +-----------------------------+----------+----+---+-----+------------+------------+

    * Multiplexer: 
    +------------------------------------+----+-----------+-----+-----------+
    |                Name                | LUT| Input Size| Bits| Total Bits|
    +------------------------------------+----+-----------+-----+-----------+
    |ap_done_int                         |   9|          2|    1|          2|
    |ap_enable_reg_pp0_iter1             |   9|          2|    1|          2|
    |ap_sig_allocacmp_iter_1             |   9|          2|    5|         10|
    |ap_sig_allocacmp_parkingBackIdx_2   |  14|          3|    5|         15|
    |ap_sig_allocacmp_parkingFrontIdx_2  |  14|          3|    5|         15|
    |ap_sig_allocacmp_usableBackIdx_2    |  14|          3|    5|         15|
    |ap_sig_allocacmp_usableFrontIdx_2   |  14|          3|    5|         15|
    |end_colSelection_2_d0_local         |  14|          3|   16|         48|
    |grp_fu_261_p0                       |  14|          3|   64|        192|
    |grp_fu_266_p0                       |  14|          3|   32|         96|
    |iter_fu_98                          |   9|          2|    5|         10|
    |parkingBackIdx_fu_114               |   9|          2|    5|         10|
    |parkingFrontIdx_fu_110              |   9|          2|    5|         10|
    |start_colSelection_2_d0_local       |  14|          3|   16|         48|
    |usableBackIdx_fu_106                |   9|          2|    5|         10|
    |usableFrontIdx_1_fu_102             |   9|          2|    5|         10|
    +------------------------------------+----+-----------+-----+-----------+
    |Total                               | 184|         40|  180|        508|
    +------------------------------------+----+-----------+-----+-----------+

    * Register: 
    +----------------------------------+----+----+-----+-----------+
    |               Name               | FF | LUT| Bits| Const Bits|
    +----------------------------------+----+----+-----+-----------+
    |ap_CS_fsm                         |   1|   0|    1|          0|
    |ap_done_reg                       |   1|   0|    1|          0|
    |ap_enable_reg_pp0_iter1           |   1|   0|    1|          0|
    |ap_enable_reg_pp0_iter2           |   1|   0|    1|          0|
    |ap_enable_reg_pp0_iter3           |   1|   0|    1|          0|
    |ap_enable_reg_pp0_iter4           |   1|   0|    1|          0|
    |ap_enable_reg_pp0_iter5           |   1|   0|    1|          0|
    |ap_loop_exit_ready_pp0_iter1_reg  |   1|   0|    1|          0|
    |ap_loop_exit_ready_pp0_iter2_reg  |   1|   0|    1|          0|
    |ap_loop_exit_ready_pp0_iter3_reg  |   1|   0|    1|          0|
    |ap_loop_exit_ready_pp0_iter4_reg  |   1|   0|    1|          0|
    |ap_predicate_pred308_state5       |   1|   0|    1|          0|
    |icmp_ln1121_reg_1204              |   1|   0|    1|          0|
    |icmp_ln1122_reg_1208              |   1|   0|    1|          0|
    |icmp_ln1133_reg_1260              |   1|   0|    1|          0|
    |iter_1_reg_1170                   |   5|   0|    5|          0|
    |iter_fu_98                        |   5|   0|    5|          0|
    |or_ln1125_reg_1212                |   1|   0|    1|          0|
    |or_ln1126_reg_1216                |   1|   0|    1|          0|
    |parkingBackIdx_2_reg_1194         |   5|   0|    5|          0|
    |parkingBackIdx_fu_114             |   5|   0|    5|          0|
    |parkingFrontIdx_2_reg_1188        |   5|   0|    5|          0|
    |parkingFrontIdx_fu_110            |   5|   0|    5|          0|
    |reg_271                           |  64|   0|   64|          0|
    |reg_275                           |  64|   0|   64|          0|
    |tmp_reg_1200                      |   1|   0|    1|          0|
    |usableBackIdx_2_reg_1182          |   5|   0|    5|          0|
    |usableBackIdx_fu_106              |   5|   0|    5|          0|
    |usableFrontIdx_1_fu_102           |   5|   0|    5|          0|
    |usableFrontIdx_2_reg_1176         |   5|   0|    5|          0|
    |icmp_ln1121_reg_1204              |  64|  32|    1|          0|
    |icmp_ln1122_reg_1208              |  64|  32|    1|          0|
    |icmp_ln1133_reg_1260              |  64|  32|    1|          0|
    |iter_1_reg_1170                   |  64|  32|    5|          0|
    |or_ln1125_reg_1212                |  64|  32|    1|          0|
    |or_ln1126_reg_1216                |  64|  32|    1|          0|
    |parkingBackIdx_2_reg_1194         |  64|  32|    5|          0|
    |parkingFrontIdx_2_reg_1188        |  64|  32|    5|          0|
    |tmp_reg_1200                      |  64|  32|    1|          0|
    |usableBackIdx_2_reg_1182          |  64|  32|    5|          0|
    |usableFrontIdx_2_reg_1176         |  64|  32|    5|          0|
    +----------------------------------+----+----+-----+-----------+
    |Total                             | 900| 352|  227|          0|
    +----------------------------------+----+----+-----+-----------+



================================================================
== Interface
================================================================
* Summary: 
+------------------------------------------------------+-----+-----+------------+--------------------------------------------------------------------+--------------+
|                       RTL Ports                      | Dir | Bits|  Protocol  |                            Source Object                           |    C Type    |
+------------------------------------------------------+-----+-----+------------+--------------------------------------------------------------------+--------------+
|ap_clk                                                |   in|    1|  ap_ctrl_hs|  sortRemainingRowsOrCols<HLSMoveStream>_Pipeline_VITIS_LOOP_1114_37|  return value|
|ap_rst                                                |   in|    1|  ap_ctrl_hs|  sortRemainingRowsOrCols<HLSMoveStream>_Pipeline_VITIS_LOOP_1114_37|  return value|
|ap_start                                              |   in|    1|  ap_ctrl_hs|  sortRemainingRowsOrCols<HLSMoveStream>_Pipeline_VITIS_LOOP_1114_37|  return value|
|ap_done                                               |  out|    1|  ap_ctrl_hs|  sortRemainingRowsOrCols<HLSMoveStream>_Pipeline_VITIS_LOOP_1114_37|  return value|
|ap_idle                                               |  out|    1|  ap_ctrl_hs|  sortRemainingRowsOrCols<HLSMoveStream>_Pipeline_VITIS_LOOP_1114_37|  return value|
|ap_ready                                              |  out|    1|  ap_ctrl_hs|  sortRemainingRowsOrCols<HLSMoveStream>_Pipeline_VITIS_LOOP_1114_37|  return value|
|usableFrontBuf_address0                               |  out|    4|   ap_memory|                                                      usableFrontBuf|         array|
|usableFrontBuf_ce0                                    |  out|    1|   ap_memory|                                                      usableFrontBuf|         array|
|usableFrontBuf_q0                                     |   in|   32|   ap_memory|                                                      usableFrontBuf|         array|
|usableBackBuf_address0                                |  out|    4|   ap_memory|                                                       usableBackBuf|         array|
|usableBackBuf_ce0                                     |  out|    1|   ap_memory|                                                       usableBackBuf|         array|
|usableBackBuf_q0                                      |   in|   32|   ap_memory|                                                       usableBackBuf|         array|
|parkFrontBuf_address0                                 |  out|    4|   ap_memory|                                                        parkFrontBuf|         array|
|parkFrontBuf_ce0                                      |  out|    1|   ap_memory|                                                        parkFrontBuf|         array|
|parkFrontBuf_q0                                       |   in|   64|   ap_memory|                                                        parkFrontBuf|         array|
|parkBackBuf_address0                                  |  out|    4|   ap_memory|                                                         parkBackBuf|         array|
|parkBackBuf_ce0                                       |  out|    1|   ap_memory|                                                         parkBackBuf|         array|
|parkBackBuf_q0                                        |   in|   64|   ap_memory|                                                         parkBackBuf|         array|
|start_colSelection_2_address0                         |  out|    4|   ap_memory|                                                start_colSelection_2|         array|
|start_colSelection_2_ce0                              |  out|    1|   ap_memory|                                                start_colSelection_2|         array|
|start_colSelection_2_we0                              |  out|    1|   ap_memory|                                                start_colSelection_2|         array|
|start_colSelection_2_d0                               |  out|   16|   ap_memory|                                                start_colSelection_2|         array|
|end_colSelection_2_address0                           |  out|    4|   ap_memory|                                                  end_colSelection_2|         array|
|end_colSelection_2_ce0                                |  out|    1|   ap_memory|                                                  end_colSelection_2|         array|
|end_colSelection_2_we0                                |  out|    1|   ap_memory|                                                  end_colSelection_2|         array|
|end_colSelection_2_d0                                 |  out|   16|   ap_memory|                                                  end_colSelection_2|         array|
|prefetchCountParking_1                                |   in|    5|     ap_none|                                              prefetchCountParking_1|        scalar|
|prefetchCountUsable                                   |   in|    5|     ap_none|                                                 prefetchCountUsable|        scalar|
|parkingSpotsRemainingAtCurrentIndexXC_count_7_cast38  |   in|   16|     ap_none|                parkingSpotsRemainingAtCurrentIndexXC_count_7_cast38|        scalar|
|zext_ln882                                            |   in|   16|     ap_none|                                                          zext_ln882|        scalar|
|requiredAtoms_2                                       |   in|   16|     ap_none|                                                     requiredAtoms_2|        scalar|
|iter_1_out                                            |  out|    5|      ap_vld|                                                          iter_1_out|       pointer|
|iter_1_out_ap_vld                                     |  out|    1|      ap_vld|                                                          iter_1_out|       pointer|
|parkingBackIdx_out                                    |  out|    5|      ap_vld|                                                  parkingBackIdx_out|       pointer|
|parkingBackIdx_out_ap_vld                             |  out|    1|      ap_vld|                                                  parkingBackIdx_out|       pointer|
|parkingFrontIdx_out                                   |  out|    5|      ap_vld|                                                 parkingFrontIdx_out|       pointer|
|parkingFrontIdx_out_ap_vld                            |  out|    1|      ap_vld|                                                 parkingFrontIdx_out|       pointer|
|usableBackIdx_out                                     |  out|    5|      ap_vld|                                                   usableBackIdx_out|       pointer|
|usableBackIdx_out_ap_vld                              |  out|    1|      ap_vld|                                                   usableBackIdx_out|       pointer|
|usableFrontIdx_3_out                                  |  out|    5|      ap_vld|                                                usableFrontIdx_3_out|       pointer|
|usableFrontIdx_3_out_ap_vld                           |  out|    1|      ap_vld|                                                usableFrontIdx_3_out|       pointer|
+------------------------------------------------------+-----+-----+------------+--------------------------------------------------------------------+--------------+

