

================================================================
== Vitis HLS Report for 'sortRemainingRowsOrCols_HLSMoveStream_Pipeline_VITIS_LOOP_643_6'
================================================================
* Date:           Sat Mar 28 14:02:44 2026

* Version:        2024.2 (Build 5238294 on Nov  8 2024)
* Project:        atomflow_controller_2024_2
* Solution:       hls (Vivado IP Flow Target)
* Product family: zynquplusRFSOC
* Target device:  xczu49dr-ffvf1760-2-e


================================================================
== Performance Estimates
================================================================
+ Timing: 
    * Summary: 
    +--------+----------+----------+------------+
    |  Clock |  Target  | Estimated| Uncertainty|
    +--------+----------+----------+------------+
    |ap_clk  |  10.00 ns|  2.923 ns|     2.70 ns|
    +--------+----------+----------+------------+

+ Latency: 
    * Summary: 
    +---------+---------+-----------+----------+-----+-----+------------------------------------------------+
    |  Latency (cycles) |  Latency (absolute)  |  Interval |                    Pipeline                    |
    |   min   |   max   |    min    |    max   | min | max |                      Type                      |
    +---------+---------+-----------+----------+-----+-----+------------------------------------------------+
    |        2|      258|  20.000 ns|  2.580 us|    1|  257|  loop auto-rewind stp (delay=0 clock cycles(s))|
    +---------+---------+-----------+----------+-----+-----+------------------------------------------------+

    + Detail: 
        * Instance: 
        N/A

        * Loop: 
        +--------------------+---------+---------+----------+-----------+-----------+---------+----------+
        |                    |  Latency (cycles) | Iteration|  Initiation Interval  |   Trip  |          |
        |      Loop Name     |   min   |   max   |  Latency |  achieved |   target  |  Count  | Pipelined|
        +--------------------+---------+---------+----------+-----------+-----------+---------+----------+
        |- VITIS_LOOP_643_6  |        0|      256|         2|          1|          1|  0 ~ 256|       yes|
        +--------------------+---------+---------+----------+-----------+-----------+---------+----------+



================================================================
== Utilization Estimates
================================================================
* Summary: 
+-----------------+---------+------+--------+--------+-----+
|       Name      | BRAM_18K|  DSP |   FF   |   LUT  | URAM|
+-----------------+---------+------+--------+--------+-----+
|DSP              |        -|     -|       -|       -|    -|
|Expression       |        -|     -|       0|     230|    -|
|FIFO             |        -|     -|       -|       -|    -|
|Instance         |        -|     -|       -|       -|    -|
|Memory           |        -|     -|       -|       -|    -|
|Multiplexer      |        -|     -|       0|      63|    -|
|Register         |        -|     -|     142|       -|    -|
+-----------------+---------+------+--------+--------+-----+
|Total            |        0|     0|     142|     293|    0|
+-----------------+---------+------+--------+--------+-----+
|Available        |     2160|  4272|  850560|  425280|   80|
+-----------------+---------+------+--------+--------+-----+
|Utilization (%)  |        0|     0|      ~0|      ~0|    0|
+-----------------+---------+------+--------+--------+-----+

+ Detail: 
    * Instance: 
    N/A

    * DSP: 
    N/A

    * Memory: 
    N/A

    * FIFO: 
    N/A

    * Expression: 
    +------------------------+----------+----+---+----+------------+------------+
    |      Variable Name     | Operation| DSP| FF| LUT| Bitwidth P0| Bitwidth P1|
    +------------------------+----------+----+---+----+------------+------------+
    |add_ln648_2_fu_205_p2   |         +|   0|  0|  23|          16|          16|
    |add_ln648_fu_182_p2     |         +|   0|  0|  23|          16|          16|
    |readIdx_3_fu_219_p2     |         +|   0|  0|  23|          16|           1|
    |writeIdx_2_fu_176_p2    |         +|   0|  0|  16|           9|           1|
    |addr_cmp_fu_195_p2      |      icmp|   0|  0|  71|          64|          64|
    |icmp_ln643_1_fu_164_p2  |      icmp|   0|  0|  15|           8|           1|
    |icmp_ln643_fu_149_p2    |      icmp|   0|  0|  23|          16|          16|
    |or_ln643_fu_170_p2      |        or|   0|  0|   2|           1|           1|
    |reuse_select_fu_238_p3  |    select|   0|  0|  32|           1|          32|
    |ap_enable_pp0           |       xor|   0|  0|   2|           1|           2|
    +------------------------+----------+----+---+----+------------+------------+
    |Total                   |          |   0|  0| 230|         148|         150|
    +------------------------+----------+----+---+----+------------+------------+

    * Multiplexer: 
    +-------------------------+----+-----------+-----+-----------+
    |           Name          | LUT| Input Size| Bits| Total Bits|
    +-------------------------+----+-----------+-----+-----------+
    |ap_done_int              |   9|          2|    1|          2|
    |ap_enable_reg_pp0_iter1  |   9|          2|    1|          2|
    |ap_enable_reg_pp0_iter2  |   9|          2|    1|          2|
    |readIdx_fu_68            |   9|          2|   16|         32|
    |reuse_addr_reg_fu_56     |   9|          2|   64|        128|
    |reuse_reg_fu_60          |   9|          2|   32|         64|
    |writeIdx_fu_64           |   9|          2|    9|         18|
    +-------------------------+----+-----------+-----+-----------+
    |Total                    |  63|         14|  124|        248|
    +-------------------------+----+-----------+-----+-----------+

    * Register: 
    +-------------------------+----+----+-----+-----------+
    |           Name          | FF | LUT| Bits| Const Bits|
    +-------------------------+----+----+-----+-----------+
    |addr_cmp_reg_298         |   1|   0|    1|          0|
    |ap_CS_fsm                |   1|   0|    1|          0|
    |ap_done_reg              |   1|   0|    1|          0|
    |ap_enable_reg_pp0_iter1  |   1|   0|    1|          0|
    |ap_enable_reg_pp0_iter2  |   1|   0|    1|          0|
    |readIdx_fu_68            |  16|   0|   16|          0|
    |reuse_addr_reg_fu_56     |  64|   0|   64|          0|
    |reuse_reg_fu_60          |  32|   0|   32|          0|
    |writeIdx_fu_64           |   9|   0|    9|          0|
    |zext_ln648_2_reg_303     |  16|   0|   64|         48|
    +-------------------------+----+----+-----+-----------+
    |Total                    | 142|   0|  190|         48|
    +-------------------------+----+----+-----+-----------+



================================================================
== Interface
================================================================
* Summary: 
+----------------------------------------+-----+-----+------------+------------------------------------------------------------------+--------------+
|                RTL Ports               | Dir | Bits|  Protocol  |                           Source Object                          |    C Type    |
+----------------------------------------+-----+-----+------------+------------------------------------------------------------------+--------------+
|ap_clk                                  |   in|    1|  ap_ctrl_hs|  sortRemainingRowsOrCols<HLSMoveStream>_Pipeline_VITIS_LOOP_643_6|  return value|
|ap_rst                                  |   in|    1|  ap_ctrl_hs|  sortRemainingRowsOrCols<HLSMoveStream>_Pipeline_VITIS_LOOP_643_6|  return value|
|ap_start                                |   in|    1|  ap_ctrl_hs|  sortRemainingRowsOrCols<HLSMoveStream>_Pipeline_VITIS_LOOP_643_6|  return value|
|ap_done                                 |  out|    1|  ap_ctrl_hs|  sortRemainingRowsOrCols<HLSMoveStream>_Pipeline_VITIS_LOOP_643_6|  return value|
|ap_idle                                 |  out|    1|  ap_ctrl_hs|  sortRemainingRowsOrCols<HLSMoveStream>_Pipeline_VITIS_LOOP_643_6|  return value|
|ap_ready                                |  out|    1|  ap_ctrl_hs|  sortRemainingRowsOrCols<HLSMoveStream>_Pipeline_VITIS_LOOP_643_6|  return value|
|frontIdx_reload                         |   in|   16|     ap_none|                                                   frontIdx_reload|        scalar|
|backIdx_1_reload                        |   in|   16|     ap_none|                                                  backIdx_1_reload|        scalar|
|zext_ln620_1                            |   in|   16|     ap_none|                                                      zext_ln620_1|        scalar|
|unusableInfo_usableAtoms_data_address0  |  out|   16|   ap_memory|                                     unusableInfo_usableAtoms_data|         array|
|unusableInfo_usableAtoms_data_ce0       |  out|    1|   ap_memory|                                     unusableInfo_usableAtoms_data|         array|
|unusableInfo_usableAtoms_data_q0        |   in|   32|   ap_memory|                                     unusableInfo_usableAtoms_data|         array|
|unusableInfo_usableAtoms_data_address1  |  out|   16|   ap_memory|                                     unusableInfo_usableAtoms_data|         array|
|unusableInfo_usableAtoms_data_ce1       |  out|    1|   ap_memory|                                     unusableInfo_usableAtoms_data|         array|
|unusableInfo_usableAtoms_data_we1       |  out|    1|   ap_memory|                                     unusableInfo_usableAtoms_data|         array|
|unusableInfo_usableAtoms_data_d1        |  out|   32|   ap_memory|                                     unusableInfo_usableAtoms_data|         array|
|writeIdx_out                            |  out|    9|      ap_vld|                                                      writeIdx_out|       pointer|
|writeIdx_out_ap_vld                     |  out|    1|      ap_vld|                                                      writeIdx_out|       pointer|
+----------------------------------------+-----+-----+------------+------------------------------------------------------------------+--------------+

