#-----------------------------------------------------------
# Vivado v2024.2 (64-bit)
# SW Build 5239630 on Fri Nov 08 22:34:34 MST 2024
# IP Build 5239520 on Sun Nov 10 16:12:51 MST 2024
# SharedData Build 5239561 on Fri Nov 08 14:39:27 MST 2024
# Start of session at: Thu Mar 26 11:04:30 2026
# Process ID         : 49546
# Current directory  : /home/xiaorang/Documents/ATOMFLOW/atomflow_controller/.vitis_ws_atomflow_mpl4mjhg/atomflow_controller_2024_2/atomflow_controller_2024_2/hls/impl/ip
# Command line       : vivado -notrace -mode batch -source run_ippack.tcl
# Log file           : /home/xiaorang/Documents/ATOMFLOW/atomflow_controller/.vitis_ws_atomflow_mpl4mjhg/atomflow_controller_2024_2/atomflow_controller_2024_2/hls/impl/ip/vivado.log
# Journal file       : /home/xiaorang/Documents/ATOMFLOW/atomflow_controller/.vitis_ws_atomflow_mpl4mjhg/atomflow_controller_2024_2/atomflow_controller_2024_2/hls/impl/ip/vivado.jou
# Running On         : xiaorang-MSI
# Platform           : Ubuntu
# Operating System   : Ubuntu 22.04.5 LTS
# Processor Detail   : AMD Ryzen 7 7800X3D 8-Core Processor
# CPU Frequency      : 4040.078 MHz
# CPU Physical cores : 8
# CPU Logical cores  : 16
# Host memory        : 32757 MB
# Swap memory        : 32767 MB
# Total Virtual      : 65525 MB
# Available Virtual  : 49955 MB
#-----------------------------------------------------------
source run_ippack.tcl -notrace
