

================================================================
== Vitis HLS Report for 'atomflow_controller_Pipeline_VITIS_LOOP_231_17'
================================================================
* Date:           Thu Mar 26 11:03:32 2026

* Version:        2024.2 (Build 5238294 on Nov  8 2024)
* Project:        atomflow_controller_2024_2
* Solution:       hls (Vivado IP Flow Target)
* Product family: zynquplusRFSOC
* Target device:  xczu49dr-ffvf1760-2-e


================================================================
== Performance Estimates
================================================================
+ Timing: 
    * Summary: 
    +--------+----------+----------+------------+
    |  Clock |  Target  | Estimated| Uncertainty|
    +--------+----------+----------+------------+
    |ap_clk  |  10.00 ns|  2.506 ns|     2.70 ns|
    +--------+----------+----------+------------+

+ Latency: 
    * Summary: 
    +---------+---------+----------+----------+-------+-------+------------------------------------------------+
    |  Latency (cycles) |  Latency (absolute) |    Interval   |                    Pipeline                    |
    |   min   |   max   |    min   |    max   |  min  |  max  |                      Type                      |
    +---------+---------+----------+----------+-------+-------+------------------------------------------------+
    |    25002|    25002|  0.250 ms|  0.250 ms|  25001|  25001|  loop auto-rewind stp (delay=0 clock cycles(s))|
    +---------+---------+----------+----------+-------+-------+------------------------------------------------+

    + Detail: 
        * Instance: 
        N/A

        * Loop: 
        +--------------------+---------+---------+----------+-----------+-----------+-------+----------+
        |                    |  Latency (cycles) | Iteration|  Initiation Interval  |  Trip |          |
        |      Loop Name     |   min   |   max   |  Latency |  achieved |   target  | Count | Pipelined|
        +--------------------+---------+---------+----------+-----------+-----------+-------+----------+
        |- VITIS_LOOP_231_1  |    25000|    25000|         1|          1|          1|  25000|       yes|
        +--------------------+---------+---------+----------+-----------+-----------+-------+----------+



================================================================
== Utilization Estimates
================================================================
* Summary: 
+-----------------+---------+------+--------+--------+-----+
|       Name      | BRAM_18K|  DSP |   FF   |   LUT  | URAM|
+-----------------+---------+------+--------+--------+-----+
|DSP              |        -|     -|       -|       -|    -|
|Expression       |        -|     -|       0|      44|    -|
|FIFO             |        -|     -|       -|       -|    -|
|Instance         |        -|     -|       -|       -|    -|
|Memory           |        -|     -|       -|       -|    -|
|Multiplexer      |        -|     -|       0|      27|    -|
|Register         |        -|     -|      17|       -|    -|
+-----------------+---------+------+--------+--------+-----+
|Total            |        0|     0|      17|      71|    0|
+-----------------+---------+------+--------+--------+-----+
|Available        |     2160|  4272|  850560|  425280|   80|
+-----------------+---------+------+--------+--------+-----+
|Utilization (%)  |        0|     0|      ~0|      ~0|    0|
+-----------------+---------+------+--------+--------+-----+

+ Detail: 
    * Instance: 
    N/A

    * DSP: 
    N/A

    * Memory: 
    N/A

    * FIFO: 
    N/A

    * Expression: 
    +---------------------+----------+----+---+----+------------+------------+
    |    Variable Name    | Operation| DSP| FF| LUT| Bitwidth P0| Bitwidth P1|
    +---------------------+----------+----+---+----+------------+------------+
    |i_149_fu_74_p2       |         +|   0|  0|  22|          15|           1|
    |icmp_ln231_fu_68_p2  |      icmp|   0|  0|  22|          15|          14|
    +---------------------+----------+----+---+----+------------+------------+
    |Total                |          |   0|  0|  44|          30|          15|
    +---------------------+----------+----+---+----+------------+------------+

    * Multiplexer: 
    +------------------------+----+-----------+-----+-----------+
    |          Name          | LUT| Input Size| Bits| Total Bits|
    +------------------------+----+-----------+-----+-----------+
    |ap_done_int             |   9|          2|    1|          2|
    |ap_sig_allocacmp_i_148  |   9|          2|   15|         30|
    |i_fu_38                 |   9|          2|   15|         30|
    +------------------------+----+-----------+-----+-----------+
    |Total                   |  27|          6|   31|         62|
    +------------------------+----+-----------+-----+-----------+

    * Register: 
    +-------------+----+----+-----+-----------+
    |     Name    | FF | LUT| Bits| Const Bits|
    +-------------+----+----+-----+-----------+
    |ap_CS_fsm    |   1|   0|    1|          0|
    |ap_done_reg  |   1|   0|    1|          0|
    |i_fu_38      |  15|   0|   15|          0|
    +-------------+----+----+-----+-----------+
    |Total        |  17|   0|   17|          0|
    +-------------+----+----+-----+-----------+



================================================================
== Interface
================================================================
* Summary: 
+--------------------------------+-----+-----+------------+------------------------------------------------+--------------+
|            RTL Ports           | Dir | Bits|  Protocol  |                  Source Object                 |    C Type    |
+--------------------------------+-----+-----+------------+------------------------------------------------+--------------+
|ap_clk                          |   in|    1|  ap_ctrl_hs|  atomflow_controller_Pipeline_VITIS_LOOP_231_17|  return value|
|ap_rst                          |   in|    1|  ap_ctrl_hs|  atomflow_controller_Pipeline_VITIS_LOOP_231_17|  return value|
|ap_start                        |   in|    1|  ap_ctrl_hs|  atomflow_controller_Pipeline_VITIS_LOOP_231_17|  return value|
|ap_done                         |  out|    1|  ap_ctrl_hs|  atomflow_controller_Pipeline_VITIS_LOOP_231_17|  return value|
|ap_idle                         |  out|    1|  ap_ctrl_hs|  atomflow_controller_Pipeline_VITIS_LOOP_231_17|  return value|
|ap_ready                        |  out|    1|  ap_ctrl_hs|  atomflow_controller_Pipeline_VITIS_LOOP_231_17|  return value|
|targetGeometry_data_s_address1  |  out|   15|   ap_memory|                           targetGeometry_data_s|         array|
|targetGeometry_data_s_ce1       |  out|    1|   ap_memory|                           targetGeometry_data_s|         array|
|targetGeometry_data_s_we1       |  out|    1|   ap_memory|                           targetGeometry_data_s|         array|
|targetGeometry_data_s_d1        |  out|    1|   ap_memory|                           targetGeometry_data_s|         array|
+--------------------------------+-----+-----+------------+------------------------------------------------+--------------+

