================================================================
== Design Size Report
================================================================

* Total Instructions per Compilation Phase
+---------------+-----------------------------+--------------+----------------------------------------------------------------------------------------+
| Phase         | Step                        | Instructions | Description                                                                            |
+---------------+-----------------------------+--------------+----------------------------------------------------------------------------------------+
| Compile/Link  |                             | 60,401       | After all functions are compiled and linked into a single design                       |
|               |                             |              |                                                                                        |
| Unroll/Inline |                             |              | After user unroll and inline pragmas are applied                                       |
|               | (1) unroll                  | 42,340       | user unroll pragmas are applied                                                        |
|               | (2) simplification          | 28,999       | simplification of applied user unroll pragmas                                          |
|               | (3) inline                  | 27,290       | user inline pragmas are applied                                                        |
|               | (4) simplification          | 26,527       | simplification of applied user inline pragmas                                          |
|               |                             |              |                                                                                        |
| Array/Struct  |                             |              | After user array partition and struct aggregate/disaggregate pragmas are applied       |
|               | (1) array partition         | 26,742       | user array partition pragmas are applied                                               |
|               | (2) simplification          | 26,727       | simplification of applied user array partition & struct aggregate/disaggregate pragmas |
|               | (3) aggregate/disaggregate  | 26,726       | user struct aggregate/disaggregate pragmas are applied                                 |
|               | (4) array reshape           | 26,778       | apply array reshape pragmas                                                            |
|               | (5) access patterns         | 26,884       | array access pattern optmizations                                                      |
|               |                             |              |                                                                                        |
| Performance   |                             |              | After transformations are applied to meet performance pragma targets                   |
|               | (1) loop simplification     | 26,871       | loop and instruction simplification                                                    |
|               | (2) parallelization         | 26,829       | loops are unrolled or pipelined to meet performance targets                            |
|               | (3) array partition         | 28,074       | arrays are partitioned to meet performance targets                                     |
|               | (4) simplification          | 25,783       | simplification of design after performance transformations                             |
|               |                             |              |                                                                                        |
| HW Transforms |                             |              | After hardware transfomations                                                          |
|               | (1) lowering                | 27,518       | initial conversion to HW specific instructions                                         |
|               | (2) optimizations           | 27,161       | high level synthesis optimizations                                                     |
+---------------+-----------------------------+--------------+----------------------------------------------------------------------------------------+

* Instructions per Function for each Compilation Phase
+---------------------------------------+----------------------------+------------------+-------------------+-------------------+-------------------+---------------+
| Function                              | Location                   | Compile/Link     | Unroll/Inline     | Array/Struct      | Performance       | HW Transforms |
+---------------------------------------+----------------------------+------------------+-------------------+-------------------+-------------------+---------------+
| + atomflow_controller                 | atomflow_controller.cpp:60 | 60,401           | 26,527            | 26,884            | 25,783            | 27,161        |
|  + reconstruct                        | image_analysis.cpp:199     | 20,429           | 15,499            | 15,707            | 14,021            | 13,888        |
|   + getLocalImages_single             | image_analysis.cpp:9       | 19,072           |   287             |   318             |   318             |               |
|      generic_round<float>             | hls_round.h:159            |                  |   152 (4 calls)   |   152 (4 calls)   |   152 (4 calls)   |               |
|   + Image_extract_next                | image_analysis.cpp:56      |   673            |   307             |   305             |   365             |               |
|      convert_address                  | image_analysis.cpp:26      |    21            |                   |                   |                   |               |
|   + matrix_sum_prod                   | image_analysis.cpp:174     |   600            | 14,854            | 14,980            | 12,870            |               |
|    + vector_sum_prod                  | image_analysis.cpp:161     |   303            | 14,508 (31 calls) | 14,632 (31 calls) | 10,726 (31 calls) |               |
|       vector_sum                      | image_analysis.cpp:131     |   262 (2 calls)  | 5,766 (62 calls)  | 5,828 (62 calls)  | 3,906 (62 calls)  |               |
|      vector_sum                       | image_analysis.cpp:131     |   262 (2 calls)  |   186 (2 calls)   |   188 (2 calls)   |   126 (2 calls)   |               |
|     post_process                      | image_analysis.cpp:194     |     4            |     4             |    32 (8 calls)   |    32 (8 calls)   |               |
|    Array2D                            | sortLatticeByRow.hpp:229   |    34 (2 calls)  |                   |                   |                   |               |
|  + emissions_to_statearray            | atomflow_controller.cpp:9  |    69            |    52             |    69             |    66             |    73         |
|     resize                            | sortLatticeByRow.hpp:338   |    34            |                   |                   |                   |               |
|     operator()                        | sortLatticeByRow.hpp:315   |     7            |                   |                   |                   |               |
|  + load_target_geometry               | atomflow_controller.cpp:33 |    74            |    51             |    51             |    47             |    54         |
|     resize                            | sortLatticeByRow.hpp:338   |    34            |                   |                   |                   |               |
|     operator()                        | sortLatticeByRow.hpp:315   |     7            |                   |                   |                   |               |
|    HLSMoveStream                      | sortLatticeByRow.hpp:591   |     5            |                   |                   |                   |               |
|  + sortLatticeByRowParallel_HLS...    | sortLatticeByRow.cpp:1882  | 39,685           |                   |                   |                   |               |
|     rows                              | sortLatticeByRow.hpp:328   |     6 (2 calls)  |                   |                   |                   |               |
|     cols                              | sortLatticeByRow.hpp:330   |     6 (2 calls)  |                   |                   |                   |               |
|   + sortArray_impl_state_accesso...   | sortLatticeByRow.cpp:1760  | 39,657           |                   |                   |                   |               |
|    + ceil                             | ceildouble.cpp:6           | 8,031 (3 calls)  |                   |                   |                   |               |
|     + generic_ceil<double>            | hls_ceil.h:14              | 8,025 (3 calls)  |                   |                   |                   |               |
|        init_mask_table<double>        | hls_round.h:20             |    57 (3 calls)  |                   |                   |                   |               |
|        fp_struct                      | x_hls_utils.h:456          |   957 (3 calls)  |                   |                   |                   |               |
|        __signbit                      | x_hls_utils.h:512          |    54 (6 calls)  |                   |                   |                   |               |
|      + generic_copysign<double>       | hls_copysign.h:10          | 2,877 (3 calls)  |                   |                   |                   |               |
|         fp_struct                     | x_hls_utils.h:456          | 1,914 (6 calls)  |                   |                   |                   |               |
|       + to_ieee                       | x_hls_utils.h:509          |   909 (3 calls)  |                   |                   |                   |               |
|        + to_double                    | x_hls_utils.h:494          |   903 (3 calls)  |                   |                   |                   |               |
|           data                        | x_hls_utils.h:475          |   837 (3 calls)  |                   |                   |                   |               |
|        data                           | x_hls_utils.h:475          |   837 (3 calls)  |                   |                   |                   |               |
|        fp_struct                      | x_hls_utils.h:464          |   867 (3 calls)  |                   |                   |                   |               |
|      + to_ieee                        | x_hls_utils.h:509          |   909 (3 calls)  |                   |                   |                   |               |
|       + to_double                     | x_hls_utils.h:494          |   903 (3 calls)  |                   |                   |                   |               |
|          data                         | x_hls_utils.h:475          |   837 (3 calls)  |                   |                   |                   |               |
|    + findUnusableAtoms                | sortLatticeByRow.cpp:1410  |   242            |                   |                   |                   |               |
|       clear                           | sortLatticeByRow.cpp:123   |    15 (3 calls)  |                   |                   |                   |               |
|       operator()                      | sortLatticeByRow.hpp:315   |    21 (3 calls)  |                   |                   |                   |               |
|       push_back                       | sortLatticeByRow.cpp:131   |    45 (3 calls)  |                   |                   |                   |               |
|    + clearFirstNRowsOrCols<HLSMov...  | sortLatticeByRow.cpp:391   |   815            |                   |                   |                   |               |
|     + accessStateArrayDimIndepeden... | sortLatticeByRow.cpp:363   |    21            |                   |                   |                   |               |
|        operator()                     | sortLatticeByRow.hpp:315   |    14 (2 calls)  |                   |                   |                   |               |
|     + ParallelMove                    | sortLatticeByRow.hpp:449   |    72            |                   |                   |                   |               |
|        Step                           | sortLatticeByRow.hpp:429   |    40 (2 calls)  |                   |                   |                   |               |
|       Step                            | sortLatticeByRow.hpp:429   |    40 (2 calls)  |                   |                   |                   |               |
|     + execute                         | sortLatticeByRow.cpp:2103  |   385            |                   |                   |                   |               |
|        checkStrictlyIncreasing        | sortLatticeByRow.cpp:104   |    56 (2 calls)  |                   |                   |                   |               |
|        rows                           | sortLatticeByRow.hpp:328   |     3            |                   |                   |                   |               |
|        cols                           | sortLatticeByRow.hpp:330   |     3            |                   |                   |                   |               |
|        roundCoordDown                 | sortLatticeByRow.cpp:2092  |    18 (6 calls)  |                   |                   |                   |               |
|        operator()                     | sortLatticeByRow.hpp:315   |    21 (3 calls)  |                   |                   |                   |               |
|       push_back                       | sortLatticeByRow.hpp:593   |   115            |                   |                   |                   |               |
|    + sortRemainingRowsOrCols<HLSM...  | sortLatticeByRow.cpp:508   | 22,783           |                   |                   |                   |               |
|       clear                           | sortLatticeByRow.cpp:285   |     9 (3 calls)  |                   |                   |                   |               |
|       push_back                       | sortLatticeByRow.cpp:291   |    30 (2 calls)  |                   |                   |                   |               |
|       size                            | sortLatticeByRow.cpp:155   |    80 (20 calls) |                   |                   |                   |               |
|       size                            | sortLatticeByRow.cpp:315   |    16 (4 calls)  |                   |                   |                   |               |
|     + ParallelMove                    | sortLatticeByRow.hpp:449   |   288 (4 calls)  |                   |                   |                   |               |
|        Step                           | sortLatticeByRow.hpp:429   |   160 (8 calls)  |                   |                   |                   |               |
|       Step                            | sortLatticeByRow.hpp:429   |   260 (13 calls) |                   |                   |                   |               |
|       to_double_index                 | sortLatticeByRow.cpp:25    |    52 (26 calls) |                   |                   |                   |               |
|       xc_center_offset                | sortLatticeByRow.cpp:37    |    48 (12 calls) |                   |                   |                   |               |
|       operator[]                      | sortLatticeByRow.cpp:143   |    24 (8 calls)  |                   |                   |                   |               |
|     + execute                         | sortLatticeByRow.cpp:2103  | 1,540 (4 calls)  |                   |                   |                   |               |
|        checkStrictlyIncreasing        | sortLatticeByRow.cpp:104   |   224 (8 calls)  |                   |                   |                   |               |
|        rows                           | sortLatticeByRow.hpp:328   |    12 (4 calls)  |                   |                   |                   |               |
|        cols                           | sortLatticeByRow.hpp:330   |    12 (4 calls)  |                   |                   |                   |               |
|        roundCoordDown                 | sortLatticeByRow.cpp:2092  |    72 (24 calls) |                   |                   |                   |               |
|        operator()                     | sortLatticeByRow.hpp:315   |    84 (12 calls) |                   |                   |                   |               |
|       push_back                       | sortLatticeByRow.hpp:593   |   460 (4 calls)  |                   |                   |                   |               |
|       clear                           | sortLatticeByRow.cpp:123   |     5            |                   |                   |                   |               |
|       empty                           | sortLatticeByRow.cpp:161   |    10 (2 calls)  |                   |                   |                   |               |
|       empty                           | sortLatticeByRow.cpp:321   |     5            |                   |                   |                   |               |
|       hlsSort                         | sortLatticeByRow.cpp:2050  |   216 (4 calls)  |                   |                   |                   |               |
|     + copy_subrange                   | sortLatticeByRow.cpp:252   |   106 (2 calls)  |                   |                   |                   |               |
|        clear                          | sortLatticeByRow.cpp:123   |    10 (2 calls)  |                   |                   |                   |               |
|       erase_range                     | sortLatticeByRow.cpp:196   |    92 (2 calls)  |                   |                   |                   |               |
|       size                            | sortLatticeByRow.hpp:624   |     4            |                   |                   |                   |               |
|    + resolveSortingDeficiencies<H...  | sortLatticeByRow.cpp:1557  | 1,301            |                   |                   |                   |               |
|       size                            | sortLatticeByRow.cpp:155   |    12 (3 calls)  |                   |                   |                   |               |
|       empty                           | sortLatticeByRow.cpp:161   |     5            |                   |                   |                   |               |
|     + ParallelMove                    | sortLatticeByRow.hpp:449   |    72            |                   |                   |                   |               |
|        Step                           | sortLatticeByRow.hpp:429   |    40 (2 calls)  |                   |                   |                   |               |
|       Step                            | sortLatticeByRow.hpp:429   |    80 (4 calls)  |                   |                   |                   |               |
|       insertionSortSmall              | sortLatticeByRow.cpp:46    |   156 (4 calls)  |                   |                   |                   |               |
|     + execute                         | sortLatticeByRow.cpp:2103  |   385            |                   |                   |                   |               |
|        checkStrictlyIncreasing        | sortLatticeByRow.cpp:104   |    56 (2 calls)  |                   |                   |                   |               |
|        rows                           | sortLatticeByRow.hpp:328   |     3            |                   |                   |                   |               |
|        cols                           | sortLatticeByRow.hpp:330   |     3            |                   |                   |                   |               |
|        roundCoordDown                 | sortLatticeByRow.cpp:2092  |    18 (6 calls)  |                   |                   |                   |               |
|        operator()                     | sortLatticeByRow.hpp:315   |    21 (3 calls)  |                   |                   |                   |               |
|       push_back                       | sortLatticeByRow.hpp:593   |   115            |                   |                   |                   |               |
|    ~Array2D                           | sortLatticeByRow.hpp:309   |     2 (2 calls)  |                   |                   |                   |               |
|  + sortArray_impl_state_accesso...    | sortLatticeByRow.cpp:1760  |                  | 10,797            | 10,889            | 11,481            | 12,937        |
|     findUnusableAtoms                 | sortLatticeByRow.cpp:1410  |                  |   147             |   147             |   252             |   259         |
|   + clearFirstNRowsOrCols<HLSMov...   | sortLatticeByRow.cpp:391   |                  | 1,102             | 1,136             | 1,126             | 1,365         |
|      execute                          | sortLatticeByRow.cpp:2103  |                  |   182             |   173             |   166             |   241         |
|      push_back                        | sortLatticeByRow.hpp:593   |                  |   355             |   355             |   355             |   437         |
|   + sortRemainingRowsOrCols<HLSM...   | sortLatticeByRow.cpp:508   |                  | 7,937             | 7,999             | 8,209             |               |
|      execute                          | sortLatticeByRow.cpp:2103  |                  |   728 (4 calls)   |   692 (4 calls)   |   664 (4 calls)   |               |
|      push_back                        | sortLatticeByRow.hpp:593   |                  | 1,420 (4 calls)   | 1,420 (4 calls)   | 1,420 (4 calls)   |               |
|      hlsSort                          | sortLatticeByRow.cpp:2050  |                  |    66 (2 calls)   |    66 (2 calls)   |    64 (2 calls)   |               |
|   + resolveSortingDeficiencies<H...   | sortLatticeByRow.cpp:1557  |                  | 1,547             | 1,544             | 1,601             | 1,870         |
|      execute                          | sortLatticeByRow.cpp:2103  |                  |   182             |   173             |   166             |   241         |
|      push_back                        | sortLatticeByRow.hpp:593   |                  |   355             |   355             |   355             |   437         |
+---------------------------------------+----------------------------+------------------+-------------------+-------------------+-------------------+---------------+

* Design Size Message Settings
+---------------------------------------------+--------+------------------------------------------------------------------+
| Message Setting                             | Value  | Description                                                      |
+---------------------------------------------+--------+------------------------------------------------------------------+
| config_compile -design_size_maximum_warning | 100000 | Show a warning when total design instructions exceeds this value |
+---------------------------------------------+--------+------------------------------------------------------------------+


