

================================================================
== Vitis HLS Report for 'push_back'
================================================================
* Date:           Thu Mar 26 11:03:33 2026

* Version:        2024.2 (Build 5238294 on Nov  8 2024)
* Project:        atomflow_controller_2024_2
* Solution:       hls (Vivado IP Flow Target)
* Product family: zynquplusRFSOC
* Target device:  xczu49dr-ffvf1760-2-e


================================================================
== Performance Estimates
================================================================
+ Timing: 
    * Summary: 
    +--------+----------+----------+------------+
    |  Clock |  Target  | Estimated| Uncertainty|
    +--------+----------+----------+------------+
    |ap_clk  |  10.00 ns|  6.938 ns|     2.70 ns|
    +--------+----------+----------+------------+

+ Latency: 
    * Summary: 
    +---------+---------+----------+----------+-----+-----+---------+
    |  Latency (cycles) |  Latency (absolute) |  Interval | Pipeline|
    |   min   |   max   |    min   |    max   | min | max |   Type  |
    +---------+---------+----------+----------+-----+-----+---------+
    |      339|      339|  3.390 us|  3.390 us|  339|  339|       no|
    +---------+---------+----------+----------+-----+-----+---------+

    + Detail: 
        * Instance: 
        +-----------------------------------------------+-------------------------------------+---------+---------+----------+----------+-----+-----+------------------------------------------------+
        |                                               |                                     |  Latency (cycles) |  Latency (absolute) |  Interval |                    Pipeline                    |
        |                    Instance                   |                Module               |   min   |   max   |    min   |    max   | min | max |                      Type                      |
        +-----------------------------------------------+-------------------------------------+---------+---------+----------+----------+-----+-----+------------------------------------------------+
        |grp_push_back_Pipeline_VITIS_LOOP_601_1_fu_32  |push_back_Pipeline_VITIS_LOOP_601_1  |      338|      338|  3.380 us|  3.380 us|  337|  337|  loop auto-rewind stp (delay=0 clock cycles(s))|
        +-----------------------------------------------+-------------------------------------+---------+---------+----------+----------+-----+-----+------------------------------------------------+

        * Loop: 
        N/A



================================================================
== Utilization Estimates
================================================================
* Summary: 
+-----------------+---------+------+--------+--------+-----+
|       Name      | BRAM_18K|  DSP |   FF   |   LUT  | URAM|
+-----------------+---------+------+--------+--------+-----+
|DSP              |        -|     -|       -|       -|    -|
|Expression       |        -|     -|       0|      41|    -|
|FIFO             |        -|     -|       -|       -|    -|
|Instance         |        -|     -|    1359|   11270|    -|
|Memory           |        -|     -|       -|       -|    -|
|Multiplexer      |        -|     -|       0|      32|    -|
|Register         |        -|     -|     547|       -|    -|
+-----------------+---------+------+--------+--------+-----+
|Total            |        0|     0|    1906|   11343|    0|
+-----------------+---------+------+--------+--------+-----+
|Available        |     2160|  4272|  850560|  425280|   80|
+-----------------+---------+------+--------+--------+-----+
|Utilization (%)  |        0|     0|      ~0|       2|    0|
+-----------------+---------+------+--------+--------+-----+

+ Detail: 
    * Instance: 
    +-----------------------------------------------+-------------------------------------+---------+----+------+-------+-----+
    |                    Instance                   |                Module               | BRAM_18K| DSP|  FF  |  LUT  | URAM|
    +-----------------------------------------------+-------------------------------------+---------+----+------+-------+-----+
    |grp_push_back_Pipeline_VITIS_LOOP_601_1_fu_32  |push_back_Pipeline_VITIS_LOOP_601_1  |        0|   0|  1359|  11270|    0|
    +-----------------------------------------------+-------------------------------------+---------+----+------+-------+-----+
    |Total                                          |                                     |        0|   0|  1359|  11270|    0|
    +-----------------------------------------------+-------------------------------------+---------+----+------+-------+-----+

    * DSP: 
    N/A

    * Memory: 
    N/A

    * FIFO: 
    N/A

    * Expression: 
    +-----------------------------------------------------------------+----------+----+---+----+------------+------------+
    |                          Variable Name                          | Operation| DSP| FF| LUT| Bitwidth P0| Bitwidth P1|
    +-----------------------------------------------------------------+----------+----+---+----+------------+------------+
    |add_ln613_fu_40_p2                                               |         +|   0|  0|  39|          32|           1|
    |grp_push_back_Pipeline_VITIS_LOOP_601_1_fu_32_moveStream_TREADY  |       and|   0|  0|   2|           1|           1|
    +-----------------------------------------------------------------+----------+----+---+----+------------+------------+
    |Total                                                            |          |   0|  0|  41|          33|           2|
    +-----------------------------------------------------------------+----------+----+---+----+------------+------------+

    * Multiplexer: 
    +------------------+----+-----------+-----+-----------+
    |       Name       | LUT| Input Size| Bits| Total Bits|
    +------------------+----+-----------+-----+-----------+
    |ap_NS_fsm         |  14|          3|    1|          3|
    |ap_return         |   9|          2|   32|         64|
    |moveStream_TDATA  |   9|          2|  512|       1024|
    +------------------+----+-----------+-----+-----------+
    |Total             |  32|          7|  545|       1091|
    +------------------+----+-----------+-----+-----------+

    * Register: 
    +------------------------------------------------------------+-----+----+-----+-----------+
    |                            Name                            |  FF | LUT| Bits| Const Bits|
    +------------------------------------------------------------+-----+----+-----+-----------+
    |ap_CS_fsm                                                   |    2|   0|    2|          0|
    |ap_return_preg                                              |   32|   0|   32|          0|
    |grp_push_back_Pipeline_VITIS_LOOP_601_1_fu_32_ap_start_reg  |    1|   0|    1|          0|
    |moveStream_TDATA_reg                                        |  512|   0|  512|          0|
    +------------------------------------------------------------+-----+----+-----+-----------+
    |Total                                                       |  547|   0|  547|          0|
    +------------------------------------------------------------+-----+----+-----+-----------+



================================================================
== Interface
================================================================
* Summary: 
+-------------------+-----+-----+------------+-----------------+--------------+
|     RTL Ports     | Dir | Bits|  Protocol  |  Source Object  |    C Type    |
+-------------------+-----+-----+------------+-----------------+--------------+
|ap_clk             |   in|    1|  ap_ctrl_hs|        push_back|  return value|
|ap_rst             |   in|    1|  ap_ctrl_hs|        push_back|  return value|
|ap_start           |   in|    1|  ap_ctrl_hs|        push_back|  return value|
|ap_done            |  out|    1|  ap_ctrl_hs|        push_back|  return value|
|ap_idle            |  out|    1|  ap_ctrl_hs|        push_back|  return value|
|ap_ready           |  out|    1|  ap_ctrl_hs|        push_back|  return value|
|ap_return          |  out|   32|  ap_ctrl_hs|        push_back|  return value|
|moveStream_TDATA   |  out|  512|        axis|       moveStream|       pointer|
|moveStream_TVALID  |  out|    1|        axis|       moveStream|       pointer|
|moveStream_TREADY  |   in|    1|        axis|       moveStream|       pointer|
|this_count_read    |   in|   32|     ap_none|  this_count_read|        scalar|
|move_address0      |  out|   10|   ap_memory|             move|         array|
|move_ce0           |  out|    1|   ap_memory|             move|         array|
|move_q0            |   in|   16|   ap_memory|             move|         array|
|move_address1      |  out|   10|   ap_memory|             move|         array|
|move_ce1           |  out|    1|   ap_memory|             move|         array|
|move_q1            |   in|   16|   ap_memory|             move|         array|
+-------------------+-----+-----+------------+-----------------+--------------+

