

================================================================
== Vitis HLS Report for 'resolveSortingDeficiencies_HLSMoveStream_s'
================================================================
* Date:           Thu Mar 26 11:03:38 2026

* Version:        2024.2 (Build 5238294 on Nov  8 2024)
* Project:        atomflow_controller_2024_2
* Solution:       hls (Vivado IP Flow Target)
* Product family: zynquplusRFSOC
* Target device:  xczu49dr-ffvf1760-2-e


================================================================
== Performance Estimates
================================================================
+ Timing: 
    * Summary: 
    +--------+----------+----------+------------+
    |  Clock |  Target  | Estimated| Uncertainty|
    +--------+----------+----------+------------+
    |ap_clk  |  10.00 ns|  6.938 ns|     2.70 ns|
    +--------+----------+----------+------------+

+ Latency: 
    * Summary: 
    +---------+---------+-----------+----------+-----+--------+---------+
    |  Latency (cycles) |  Latency (absolute)  |   Interval   | Pipeline|
    |   min   |   max   |    min    |    max   | min |   max  |   Type  |
    +---------+---------+-----------+----------+-----+--------+---------+
    |        1|   249866|  10.000 ns|  2.499 ms|    1|  249866|       no|
    +---------+---------+-----------+----------+-----+--------+---------+

    + Detail: 
        * Instance: 
        +---------------------------------------------------------------------------------+---------------------------------------------------------------------+---------+---------+-----------+-----------+-----+------+------------------------------------------------+
        |                                                                                 |                                                                     |  Latency (cycles) |   Latency (absolute)  |  Interval  |                    Pipeline                    |
        |                                     Instance                                    |                                Module                               |   min   |   max   |    min    |    max    | min |  max |                      Type                      |
        +---------------------------------------------------------------------------------+---------------------------------------------------------------------+---------+---------+-----------+-----------+-----+------+------------------------------------------------+
        |grp_resolveSortingDeficiencies_HLSMoveStream_Pipeline_VITIS_LOOP_1695_7_fu_3918  |resolveSortingDeficiencies_HLSMoveStream_Pipeline_VITIS_LOOP_1695_7  |        4|       34|  40.000 ns|   0.340 us|    3|    33|  loop auto-rewind stp (delay=0 clock cycles(s))|
        |grp_resolveSortingDeficiencies_HLSMoveStream_Pipeline_VITIS_LOOP_1716_8_fu_3933  |resolveSortingDeficiencies_HLSMoveStream_Pipeline_VITIS_LOOP_1716_8  |        4|       12|  40.000 ns|   0.120 us|    4|    12|                                              no|
        |grp_resolveSortingDeficiencies_HLSMoveStream_Pipeline_VITIS_LOOP_1723_9_fu_3942  |resolveSortingDeficiencies_HLSMoveStream_Pipeline_VITIS_LOOP_1723_9  |        4|       12|  40.000 ns|   0.120 us|    4|    12|                                              no|
        |grp_execute_fu_3951                                                              |execute                                                              |        2|     3117|  20.000 ns|  31.170 us|    2|  3117|                                              no|
        |grp_push_back_fu_3960                                                            |push_back                                                            |      339|      339|   3.390 us|   3.390 us|  339|   339|                                              no|
        +---------------------------------------------------------------------------------+---------------------------------------------------------------------+---------+---------+-----------+-----------+-----+------+------------------------------------------------+

        * Loop: 
        +--------------------------+---------+---------+-------------+-----------+-----------+--------+----------+
        |                          |  Latency (cycles) |  Iteration  |  Initiation Interval  |  Trip  |          |
        |         Loop Name        |   min   |   max   |   Latency   |  achieved |   target  |  Count | Pipelined|
        +--------------------------+---------+---------+-------------+-----------+-----------+--------+----------+
        |- VITIS_LOOP_1585_1       |        0|   249864|    4 ~ 24986|          -|          -|  0 ~ 10|        no|
        | + VITIS_LOOP_1598_2      |        0|    24982|  1870 ~ 6245|          -|          -|   0 ~ 4|        no|
        |  ++ VITIS_LOOP_1607_3    |        1|        7|            2|          -|          -|   0 ~ 3|        no|
        |  ++ VITIS_LOOP_1598_2.2  |      679|      679|           34|          -|          -|      20|        no|
        |   +++ VITIS_LOOP_434_1   |       32|       32|            2|          -|          -|      16|        no|
        |  ++ VITIS_LOOP_454_1     |      680|      680|           34|          -|          -|      20|        no|
        |   +++ VITIS_LOOP_434_1   |       16|       16|            1|          -|          -|      16|        no|
        |  ++ VITIS_LOOP_434_1     |       16|       16|            1|          -|          -|      16|        no|
        |  ++ VITIS_LOOP_434_1     |       16|       16|            1|          -|          -|      16|        no|
        |  ++ VITIS_LOOP_434_1     |       16|       16|            1|          -|          -|      16|        no|
        |  ++ VITIS_LOOP_434_1     |       16|       16|            1|          -|          -|      16|        no|
        |  ++ VITIS_LOOP_51_1      |        4|      608|       4 ~ 38|          -|          -|  1 ~ 16|        no|
        |   +++ VITIS_LOOP_57_2    |        0|       33|            2|          -|          -|  0 ~ 16|        no|
        |  ++ VITIS_LOOP_51_1      |        4|      608|       4 ~ 38|          -|          -|  1 ~ 16|        no|
        |   +++ VITIS_LOOP_57_2    |        0|       33|            2|          -|          -|  0 ~ 16|        no|
        +--------------------------+---------+---------+-------------+-----------+-----------+--------+----------+



================================================================
== Utilization Estimates
================================================================
* Summary: 
+-----------------+---------+------+--------+--------+-----+
|       Name      | BRAM_18K|  DSP |   FF   |   LUT  | URAM|
+-----------------+---------+------+--------+--------+-----+
|DSP              |        -|     -|       -|       -|    -|
|Expression       |        -|     -|       0|    1800|    -|
|FIFO             |        -|     -|       -|       -|    -|
|Instance         |        -|     2|    2367|   13316|    -|
|Memory           |        1|     -|     228|      30|    0|
|Multiplexer      |        -|     -|       0|    3666|    -|
|Register         |        -|     -|    1541|       -|    -|
+-----------------+---------+------+--------+--------+-----+
|Total            |        1|     2|    4136|   18812|    0|
+-----------------+---------+------+--------+--------+-----+
|Available        |     2160|  4272|  850560|  425280|   80|
+-----------------+---------+------+--------+--------+-----+
|Utilization (%)  |       ~0|    ~0|      ~0|       4|    0|
+-----------------+---------+------+--------+--------+-----+

+ Detail: 
    * Instance: 
    +---------------------------------------------------------------------------------+---------------------------------------------------------------------+---------+----+------+-------+-----+
    |                                     Instance                                    |                                Module                               | BRAM_18K| DSP|  FF  |  LUT  | URAM|
    +---------------------------------------------------------------------------------+---------------------------------------------------------------------+---------+----+------+-------+-----+
    |grp_execute_fu_3951                                                              |execute                                                              |        0|   2|   384|   1554|    0|
    |grp_push_back_fu_3960                                                            |push_back                                                            |        0|   0|  1906|  11343|    0|
    |grp_resolveSortingDeficiencies_HLSMoveStream_Pipeline_VITIS_LOOP_1695_7_fu_3918  |resolveSortingDeficiencies_HLSMoveStream_Pipeline_VITIS_LOOP_1695_7  |        0|   0|    13|    129|    0|
    |grp_resolveSortingDeficiencies_HLSMoveStream_Pipeline_VITIS_LOOP_1716_8_fu_3933  |resolveSortingDeficiencies_HLSMoveStream_Pipeline_VITIS_LOOP_1716_8  |        0|   0|    32|    102|    0|
    |grp_resolveSortingDeficiencies_HLSMoveStream_Pipeline_VITIS_LOOP_1723_9_fu_3942  |resolveSortingDeficiencies_HLSMoveStream_Pipeline_VITIS_LOOP_1723_9  |        0|   0|    32|    102|    0|
    |sparsemux_17_3_16_1_1_U909                                                       |sparsemux_17_3_16_1_1                                                |        0|   0|     0|     43|    0|
    |sparsemux_17_3_16_1_1_U910                                                       |sparsemux_17_3_16_1_1                                                |        0|   0|     0|     43|    0|
    +---------------------------------------------------------------------------------+---------------------------------------------------------------------+---------+----+------+-------+-----+
    |Total                                                                            |                                                                     |        0|   2|  2367|  13316|    0|
    +---------------------------------------------------------------------------------+---------------------------------------------------------------------+---------+----+------+-------+-----+

    * DSP: 
    N/A

    * Memory: 
    +-----------------------+------------------------------------------------------------------------------+---------+----+----+-----+------+-----+------+-------------+
    |         Memory        |                                    Module                                    | BRAM_18K| FF | LUT| URAM| Words| Bits| Banks| W*Bits*Banks|
    +-----------------------+------------------------------------------------------------------------------+---------+----+----+-----+------+-----+------+-------------+
    |move_U                 |clearFirstNRowsOrCols_HLSMoveStream_s_move_RAM_AUTO_1R1W                      |        1|   0|   0|    0|   661|   16|     1|        10576|
    |ref_tmp_i_0_U          |clearFirstNRowsOrCols_HLSMoveStream_s_ref_tmp_i_0_RAM_AUTO_1R1W               |        0|   2|   1|    0|    16|    1|     1|           16|
    |ref_tmp_i_1_U          |clearFirstNRowsOrCols_HLSMoveStream_s_ref_tmp_i_0_RAM_AUTO_1R1W               |        0|   2|   1|    0|    16|    1|     1|           16|
    |elbow1_colSelection_U  |clearFirstNRowsOrCols_HLSMoveStream_s_start_colSelection_RAM_AUTO_1R1W        |        0|  32|   4|    0|    16|   16|     1|          256|
    |elbow2_colSelection_U  |resolveSortingDeficiencies_HLSMoveStream_s_elbow2_colSelection_RAM_AUTO_1R1W  |        0|  16|   2|    0|    16|    8|     1|          128|
    |end_colSelection_U     |sortRemainingRowsOrCols_HLSMoveStream_s_elbow2_colSelection_1_RAM_AUTO_1R1W   |        0|  16|   2|    0|    16|    8|     1|          128|
    |start_colSelection_U   |sortRemainingRowsOrCols_HLSMoveStream_s_start_colSelection_RAM_AUTO_1R1W      |        0|  32|   4|    0|    16|   16|     1|          256|
    |start_rowSelection_U   |sortRemainingRowsOrCols_HLSMoveStream_s_start_colSelection_RAM_AUTO_1R1W      |        0|  32|   4|    0|    16|   16|     1|          256|
    |elbow1_rowSelection_U  |sortRemainingRowsOrCols_HLSMoveStream_s_start_colSelection_RAM_AUTO_1R1W      |        0|  32|   4|    0|    16|   16|     1|          256|
    |elbow2_rowSelection_U  |sortRemainingRowsOrCols_HLSMoveStream_s_start_colSelection_RAM_AUTO_1R1W      |        0|  32|   4|    0|    16|   16|     1|          256|
    |end_rowSelection_U     |sortRemainingRowsOrCols_HLSMoveStream_s_start_colSelection_RAM_AUTO_1R1W      |        0|  32|   4|    0|    16|   16|     1|          256|
    +-----------------------+------------------------------------------------------------------------------+---------+----+----+-----+------+-----+------+-------------+
    |Total                  |                                                                              |        1| 228|  30|    0|   821|  130|    11|        12400|
    +-----------------------+------------------------------------------------------------------------------+---------+----+----+-----+------+-----+------+-------------+

    * FIFO: 
    N/A

    * Expression: 
    +-------------------------------------------------+----------+----+---+----+------------+------------+
    |                  Variable Name                  | Operation| DSP| FF| LUT| Bitwidth P0| Bitwidth P1|
    +-------------------------------------------------+----------+----+---+----+------------+------------+
    |add_ln1623_fu_5400_p2                            |         +|   0|  0|  23|          16|           1|
    |add_ln1721_fu_5540_p2                            |         +|   0|  0|  13|           6|           2|
    |add_ln1728_fu_5567_p2                            |         +|   0|  0|  13|           6|           2|
    |add_ln429_fu_4270_p2                             |         +|   0|  0|  18|          11|           7|
    |add_ln439_fu_4323_p2                             |         +|   0|  0|  18|          11|          11|
    |add_ln440_fu_4357_p2                             |         +|   0|  0|  18|          11|          11|
    |add_ln449_fu_4291_p2                             |         +|   0|  0|  12|           5|           1|
    |add_ln459_128_fu_4496_p2                         |         +|   0|  0|  18|          11|           3|
    |add_ln459_129_fu_4516_p2                         |         +|   0|  0|  18|          11|           3|
    |add_ln459_130_fu_4546_p2                         |         +|   0|  0|  18|          11|           4|
    |add_ln459_131_fu_4566_p2                         |         +|   0|  0|  18|          11|           4|
    |add_ln459_132_fu_4596_p2                         |         +|   0|  0|  18|          11|           4|
    |add_ln459_133_fu_4616_p2                         |         +|   0|  0|  18|          11|           4|
    |add_ln459_134_fu_4646_p2                         |         +|   0|  0|  18|          11|           5|
    |add_ln459_135_fu_4666_p2                         |         +|   0|  0|  18|          11|           5|
    |add_ln459_136_fu_4696_p2                         |         +|   0|  0|  18|          11|           5|
    |add_ln459_137_fu_4716_p2                         |         +|   0|  0|  18|          11|           5|
    |add_ln459_138_fu_4746_p2                         |         +|   0|  0|  18|          11|           5|
    |add_ln459_139_fu_4766_p2                         |         +|   0|  0|  18|          11|           5|
    |add_ln459_140_fu_4796_p2                         |         +|   0|  0|  18|          11|           5|
    |add_ln459_141_fu_4816_p2                         |         +|   0|  0|  18|          11|           5|
    |add_ln459_142_fu_4844_p2                         |         +|   0|  0|  18|          11|           6|
    |add_ln459_143_fu_4864_p2                         |         +|   0|  0|  18|          11|           6|
    |add_ln459_144_fu_4892_p2                         |         +|   0|  0|  18|          11|           6|
    |add_ln459_145_fu_4912_p2                         |         +|   0|  0|  18|          11|           6|
    |add_ln459_146_fu_4940_p2                         |         +|   0|  0|  18|          11|           6|
    |add_ln459_147_fu_4960_p2                         |         +|   0|  0|  18|          11|           6|
    |add_ln459_148_fu_4988_p2                         |         +|   0|  0|  18|          11|           6|
    |add_ln459_149_fu_5008_p2                         |         +|   0|  0|  18|          11|           6|
    |add_ln459_150_fu_5036_p2                         |         +|   0|  0|  18|          11|           6|
    |add_ln459_151_fu_5056_p2                         |         +|   0|  0|  18|          11|           6|
    |add_ln459_152_fu_5084_p2                         |         +|   0|  0|  18|          11|           6|
    |add_ln459_153_fu_5104_p2                         |         +|   0|  0|  18|          11|           6|
    |add_ln459_154_fu_5132_p2                         |         +|   0|  0|  18|          11|           6|
    |add_ln459_155_fu_5152_p2                         |         +|   0|  0|  18|          11|           6|
    |add_ln459_156_fu_5180_p2                         |         +|   0|  0|  18|          11|           6|
    |add_ln459_157_fu_5200_p2                         |         +|   0|  0|  18|          11|           6|
    |add_ln459_158_fu_4422_p2                         |         +|   0|  0|  18|          11|           7|
    |add_ln459_fu_4466_p2                             |         +|   0|  0|  18|          11|           2|
    |deficiency_iter_count_1_fu_4120_p2               |         +|   0|  0|  21|          14|           1|
    |empty_search_count_1_fu_4228_p2                  |         +|   0|  0|  21|          14|           1|
    |i_100_fu_4388_p2                                 |         +|   0|  0|  12|           5|           1|
    |i_102_fu_4400_p2                                 |         +|   0|  0|  12|           5|           1|
    |i_104_fu_5244_p2                                 |         +|   0|  0|  12|           5|           1|
    |i_106_fu_5262_p2                                 |         +|   0|  0|  12|           5|           1|
    |i_108_fu_5280_p2                                 |         +|   0|  0|  12|           5|           1|
    |i_111_fu_5458_p2                                 |         +|   0|  0|  12|           5|           1|
    |i_112_fu_5510_p2                                 |         +|   0|  0|  12|           5|           1|
    |i_96_fu_4303_p2                                  |         +|   0|  0|  12|           5|           1|
    |i_99_fu_5226_p2                                  |         +|   0|  0|  12|           5|           1|
    |j_3_fu_5437_p2                                   |         +|   0|  0|  12|           5|           2|
    |j_5_fu_5489_p2                                   |         +|   0|  0|  12|           5|           2|
    |lastIndexXCWithUsableAtoms_3_fu_4239_p2          |         +|   0|  0|  71|          64|           2|
    |lastIndexXCWithUsableAtoms_fu_3971_p2            |         +|   0|  0|  39|          32|           2|
    |sub175_fu_5333_p2                                |         +|   0|  0|  23|          16|           2|
    |sub186_fu_5339_p2                                |         +|   0|  0|  23|          16|           2|
    |targetIndexXC_2_fu_4010_p2                       |         +|   0|  0|  39|          32|           1|
    |sub_ln1710_fu_5390_p2                            |         -|   0|  0|  23|          16|          16|
    |target_count_local_2_fu_5411_p2                  |         -|   0|  0|  26|          19|          19|
    |and_ln1598_fu_4114_p2                            |       and|   0|  0|   2|           1|           1|
    |and_ln1607_fu_4222_p2                            |       and|   0|  0|   2|           1|           1|
    |grp_push_back_fu_3960_moveStream_TREADY          |       and|   0|  0|   2|           1|           1|
    |empty_172_fu_5345_p2                             |      icmp|   0|  0|  26|          19|          19|
    |icmp_fu_5371_p2                                  |      icmp|   0|  0|  19|          12|           1|
    |icmp_ln1585_1_fu_4005_p2                         |      icmp|   0|  0|  39|          32|          32|
    |icmp_ln1585_fu_3981_p2                           |      icmp|   0|  0|  39|          32|           1|
    |icmp_ln1598_1_fu_4108_p2                         |      icmp|   0|  0|  21|          14|          14|
    |icmp_ln1598_fu_4102_p2                           |      icmp|   0|  0|  26|          19|           1|
    |icmp_ln1607_fu_4216_p2                           |      icmp|   0|  0|  21|          14|          14|
    |icmp_ln1615_fu_4234_p2                           |      icmp|   0|  0|  71|          64|           1|
    |icmp_ln1622_fu_5292_p2                           |      icmp|   0|  0|  71|          64|          64|
    |icmp_ln165_fu_4210_p2                            |      icmp|   0|  0|  23|          16|           1|
    |icmp_ln1690_fu_5303_p2                           |      icmp|   0|  0|  26|          19|          19|
    |icmp_ln1691_fu_5319_p2                           |      icmp|   0|  0|  23|          16|           5|
    |icmp_ln1716_fu_5521_p2                           |      icmp|   0|  0|  12|           5|           1|
    |icmp_ln434_21_fu_5220_p2                         |      icmp|   0|  0|  13|           5|           6|
    |icmp_ln434_22_fu_4394_p2                         |      icmp|   0|  0|  13|           5|           6|
    |icmp_ln434_23_fu_5238_p2                         |      icmp|   0|  0|  13|           5|           6|
    |icmp_ln434_24_fu_5256_p2                         |      icmp|   0|  0|  13|           5|           6|
    |icmp_ln434_25_fu_5274_p2                         |      icmp|   0|  0|  13|           5|           6|
    |icmp_ln434_fu_4297_p2                            |      icmp|   0|  0|  13|           5|           6|
    |icmp_ln449_fu_4372_p2                            |      icmp|   0|  0|  12|           5|           5|
    |icmp_ln454_fu_4382_p2                            |      icmp|   0|  0|  12|           5|           5|
    |icmp_ln51_1_fu_5469_p2                           |      icmp|   0|  0|  12|           5|           5|
    |icmp_ln51_fu_5417_p2                             |      icmp|   0|  0|  12|           5|           5|
    |icmp_ln57_1_fu_5453_p2                           |      icmp|   0|  0|  23|          16|          16|
    |icmp_ln57_2_fu_5483_p2                           |      icmp|   0|  0|  12|           5|           1|
    |icmp_ln57_3_fu_5505_p2                           |      icmp|   0|  0|  15|           8|           8|
    |icmp_ln57_fu_5431_p2                             |      icmp|   0|  0|  12|           5|           1|
    |elbow1_colSelection_we0                          |        or|   0|  0|   2|           1|           1|
    |elbow2_colSelection_we0                          |        or|   0|  0|   2|           1|           1|
    |end_colSelection_we0                             |        or|   0|  0|   2|           1|           1|
    |start_colSelection_we0                           |        or|   0|  0|   2|           1|           1|
    |count_1_fu_5325_p3                               |    select|   0|  0|   6|           1|           6|
    |count_fu_5309_p3                                 |    select|   0|  0|  16|           1|          16|
    |elbow1_colSelectionCount_0_lcssa_sel_fu_5546_p3  |    select|   0|  0|   6|           1|           6|
    |end_colSelectionCount_fu_5377_p3                 |    select|   0|  0|   6|           1|           5|
    |p_v18_fu_5351_p3                                 |    select|   0|  0|  16|           1|          16|
    |select_ln1595_fu_5605_p3                         |    select|   0|  0|   6|           1|           6|
    |select_ln1622_fu_5395_p3                         |    select|   0|  0|  16|           1|          16|
    +-------------------------------------------------+----------+----+---+----+------------+------------+
    |Total                                            |          |   0|  0|1800|        1120|         594|
    +-------------------------------------------------+----------+----+---+----+------------+------------+

    * Multiplexer: 
    +-------------------------------------------+-----+-----------+-----+-----------+
    |                    Name                   | LUT | Input Size| Bits| Total Bits|
    +-------------------------------------------+-----+-----------+-----+-----------+
    |ap_NS_fsm                                  |  615|        119|    1|        119|
    |ap_return                                  |    9|          2|   32|         64|
    |deficiency_iter_count_reg_3709             |    9|          2|   14|         28|
    |elbow1_colSelectionCount_0_lcssa_reg_3889  |    9|          2|    6|         12|
    |elbow1_colSelection_address0               |    9|          2|    4|          8|
    |elbow1_colSelection_address0_local         |   54|         10|    4|         40|
    |elbow1_colSelection_address1               |    9|          2|    4|          8|
    |elbow1_colSelection_address1_local         |   49|          9|    4|         36|
    |elbow1_colSelection_ce0                    |    9|          2|    1|          2|
    |elbow1_colSelection_ce1                    |    9|          2|    1|          2|
    |elbow1_colSelection_d0                     |    9|          2|   16|         32|
    |elbow1_colSelection_we0                    |    9|          2|    1|          2|
    |elbow1_colSelection_we1                    |    9|          2|    1|          2|
    |elbow1_rowSelection_address0_local         |   54|         10|    4|         40|
    |elbow1_rowSelection_address1_local         |   49|          9|    4|         36|
    |elbow1_rowSelection_d0_local               |   14|          3|   16|         48|
    |elbow2_colSelectionCount_0_lcssa_reg_3898  |    9|          2|    6|         12|
    |elbow2_colSelection_address0               |    9|          2|    4|          8|
    |elbow2_colSelection_address0_local         |   54|         10|    4|         40|
    |elbow2_colSelection_address1               |    9|          2|    4|          8|
    |elbow2_colSelection_address1_local         |   49|          9|    4|         36|
    |elbow2_colSelection_ce0                    |    9|          2|    1|          2|
    |elbow2_colSelection_ce1                    |    9|          2|    1|          2|
    |elbow2_colSelection_d0                     |    9|          2|    8|         16|
    |elbow2_colSelection_we0                    |    9|          2|    1|          2|
    |elbow2_colSelection_we1                    |    9|          2|    1|          2|
    |elbow2_rowSelection_address0_local         |   59|         11|    4|         44|
    |elbow2_rowSelection_address1_local         |   43|          8|    4|         32|
    |elbow2_rowSelection_d0_local               |   14|          3|   16|         48|
    |empty_search_count_reg_3720                |    9|          2|   14|         28|
    |end_colSelection_address0                  |   14|          3|    4|         12|
    |end_colSelection_address0_local            |   65|         14|    4|         56|
    |end_colSelection_address1                  |    9|          2|    4|          8|
    |end_colSelection_address1_local            |   49|          9|    4|         36|
    |end_colSelection_ce0                       |   14|          3|    1|          3|
    |end_colSelection_ce1                       |    9|          2|    1|          2|
    |end_colSelection_d0                        |    9|          2|    8|         16|
    |end_colSelection_d0_local                  |   20|          4|    8|         32|
    |end_colSelection_we0                       |    9|          2|    1|          2|
    |end_rowSelection_address0_local            |   54|         10|    4|         40|
    |end_rowSelection_address1_local            |   49|          9|    4|         36|
    |end_rowSelection_d0_local                  |   14|          3|   16|         48|
    |i_101_reg_3766                             |    9|          2|    5|         10|
    |i_103_reg_3788                             |    9|          2|    5|         10|
    |i_105_reg_3799                             |    9|          2|    5|         10|
    |i_107_reg_3810                             |    9|          2|    5|         10|
    |i_113_reg_3821                             |    9|          2|    5|         10|
    |i_114_reg_3855                             |    9|          2|    5|         10|
    |i_97_reg_3754                              |    9|          2|    5|         10|
    |i_98_reg_3777                              |    9|          2|    5|         10|
    |i_reg_3743                                 |    9|          2|    5|         10|
    |indvars_iv_reg_3731                        |    9|          2|    5|         10|
    |j_0_i65_lcssa_reg_3844                     |    9|          2|    4|          8|
    |j_0_i_lcssa_reg_3878                       |    9|          2|    4|          8|
    |j_1_reg_3833                               |    9|          2|    5|         10|
    |j_4_reg_3867                               |    9|          2|    5|         10|
    |lastIndexXCWithUsableAtoms_1_fu_602        |    9|          2|   64|        128|
    |moveList_count_0_fu_598                    |    9|          2|   32|         64|
    |moveList_count_3_reg_3907                  |   14|          3|   32|         96|
    |moveStream_TDATA                           |    9|          2|  512|       1024|
    |move_address0                              |   14|          3|   10|         30|
    |move_address0_local                        |  454|         87|   10|        870|
    |move_address1                              |   14|          3|   10|         30|
    |move_address1_local                        |  441|         84|   10|        840|
    |move_ce0                                   |   14|          3|    1|          3|
    |move_ce1                                   |   14|          3|    1|          3|
    |move_d0_local                              |  222|         49|   16|        784|
    |move_d1_local                              |  225|         50|   16|        800|
    |move_we0_local                             |   14|          3|    2|          6|
    |move_we1_local                             |    9|          2|    2|          4|
    |ref_tmp_i_0_address0_local                 |   54|         10|    4|         40|
    |ref_tmp_i_0_address1_local                 |   49|          9|    4|         36|
    |ref_tmp_i_1_address0_local                 |   54|         10|    4|         40|
    |ref_tmp_i_1_address1_local                 |   49|          9|    4|         36|
    |start_colSelection_address0                |   14|          3|    4|         12|
    |start_colSelection_address0_local          |   65|         14|    4|         56|
    |start_colSelection_address1                |    9|          2|    4|          8|
    |start_colSelection_address1_local          |   49|          9|    4|         36|
    |start_colSelection_ce0                     |   14|          3|    1|          3|
    |start_colSelection_ce1                     |    9|          2|    1|          2|
    |start_colSelection_d0                      |    9|          2|   16|         32|
    |start_colSelection_d0_local                |   20|          4|   16|         64|
    |start_colSelection_we0                     |    9|          2|    1|          2|
    |start_rowSelection_address0_local          |   59|         11|    4|         44|
    |start_rowSelection_address1_local          |   43|          8|    4|         32|
    |start_rowSelection_d0_local                |   14|          3|   16|         48|
    |targetIndexXC_fu_594                       |    9|          2|   32|         64|
    |target_count_local_3_reg_3699              |    9|          2|   19|         38|
    +-------------------------------------------+-----+-----------+-----+-----------+
    |Total                                      | 3666|        731| 1172|       6461|
    +-------------------------------------------+-----+-----------+-----+-----------+

    * Register: 
    +----------------------------------------------------------------------------------------------+-----+----+-----+-----------+
    |                                             Name                                             |  FF | LUT| Bits| Const Bits|
    +----------------------------------------------------------------------------------------------+-----+----+-----+-----------+
    |add_ln1623_reg_7764                                                                           |   16|   0|   16|          0|
    |add_ln449_reg_7531                                                                            |    5|   0|    5|          0|
    |ap_CS_fsm                                                                                     |  118|   0|  118|          0|
    |ap_return_preg                                                                                |   32|   0|   32|          0|
    |count_1_reg_7726                                                                              |    5|   0|    5|          0|
    |deficiency_iter_count_1_reg_7429                                                              |   14|   0|   14|          0|
    |deficiency_iter_count_reg_3709                                                                |   14|   0|   14|          0|
    |elbow1_colSelectionCount_0_lcssa_reg_3889                                                     |    6|   0|    6|          0|
    |elbow1_colSelectionCount_0_lcssa_sel_reg_7876                                                 |    6|   0|    6|          0|
    |elbow2_colSelectionCount_0_lcssa_reg_3898                                                     |    6|   0|    6|          0|
    |empty_reg_7413                                                                                |   16|   0|   16|          0|
    |empty_search_count_reg_3720                                                                   |   14|   0|   14|          0|
    |end_colSelectionCount_reg_7741                                                                |    5|   0|    5|          0|
    |grp_execute_fu_3951_ap_start_reg                                                              |    1|   0|    1|          0|
    |grp_push_back_fu_3960_ap_start_reg                                                            |    1|   0|    1|          0|
    |grp_resolveSortingDeficiencies_HLSMoveStream_Pipeline_VITIS_LOOP_1695_7_fu_3918_ap_start_reg  |    1|   0|    1|          0|
    |grp_resolveSortingDeficiencies_HLSMoveStream_Pipeline_VITIS_LOOP_1716_8_fu_3933_ap_start_reg  |    1|   0|    1|          0|
    |grp_resolveSortingDeficiencies_HLSMoveStream_Pipeline_VITIS_LOOP_1723_9_fu_3942_ap_start_reg  |    1|   0|    1|          0|
    |i221_0194_0_phi_loc_fu_546                                                                    |    5|   0|    5|          0|
    |i238_0197_0_phi_loc_fu_538                                                                    |    5|   0|    5|          0|
    |i_100_reg_7555                                                                                |    5|   0|    5|          0|
    |i_101_reg_3766                                                                                |    5|   0|    5|          0|
    |i_103_reg_3788                                                                                |    5|   0|    5|          0|
    |i_105_reg_3799                                                                                |    5|   0|    5|          0|
    |i_107_reg_3810                                                                                |    5|   0|    5|          0|
    |i_111_reg_7810                                                                                |    5|   0|    5|          0|
    |i_112_reg_7851                                                                                |    5|   0|    5|          0|
    |i_113_reg_3821                                                                                |    5|   0|    5|          0|
    |i_114_reg_3855                                                                                |    5|   0|    5|          0|
    |i_116_loc_fu_542                                                                              |    4|   0|    4|          0|
    |i_120_loc_fu_534                                                                              |    4|   0|    4|          0|
    |i_96_reg_7539                                                                                 |    5|   0|    5|          0|
    |i_97_reg_3754                                                                                 |    5|   0|    5|          0|
    |i_98_reg_3777                                                                                 |    5|   0|    5|          0|
    |i_reg_3743                                                                                    |    5|   0|    5|          0|
    |icmp_ln1622_reg_7715                                                                          |    1|   0|    1|          0|
    |icmp_ln1716_reg_7860                                                                          |    1|   0|    1|          0|
    |icmp_ln57_2_reg_7834                                                                          |    1|   0|    1|          0|
    |icmp_ln57_reg_7793                                                                            |    1|   0|    1|          0|
    |indvars_iv_reg_3731                                                                           |    5|   0|    5|          0|
    |j_0_i65_lcssa_reg_3844                                                                        |    4|   0|    4|          0|
    |j_0_i_lcssa_reg_3878                                                                          |    4|   0|    4|          0|
    |j_1_reg_3833                                                                                  |    5|   0|    5|          0|
    |j_3_reg_7797                                                                                  |    5|   0|    5|          0|
    |j_4_reg_3867                                                                                  |    5|   0|    5|          0|
    |j_5_reg_7838                                                                                  |    5|   0|    5|          0|
    |key_1_reg_7823                                                                                |    8|   0|    8|          0|
    |key_reg_7782                                                                                  |   16|   0|   16|          0|
    |lastIndexXCWithUsableAtoms_1_fu_602                                                           |   64|   0|   64|          0|
    |lastIndexXCWithUsableAtoms_2_reg_7441                                                         |   64|   0|   64|          0|
    |lshr_ln1_reg_7544                                                                             |   10|   0|   10|          0|
    |moveList_count_0_fu_598                                                                       |   32|   0|   32|          0|
    |moveList_count_0_load_1_reg_7420                                                              |   32|   0|   32|          0|
    |moveList_count_3_reg_3907                                                                     |   32|   0|   32|          0|
    |moveStream_TDATA_reg                                                                          |  512|   0|  512|          0|
    |mul_ln2_reg_7568                                                                              |   10|   0|   11|          1|
    |mul_ln_reg_7525                                                                               |   10|   0|   11|          1|
    |ref_tmp_i_1_load_10_reg_7653                                                                  |    1|   0|    1|          0|
    |ref_tmp_i_1_load_11_reg_7658                                                                  |    1|   0|    1|          0|
    |ref_tmp_i_1_load_12_reg_7663                                                                  |    1|   0|    1|          0|
    |ref_tmp_i_1_load_13_reg_7668                                                                  |    1|   0|    1|          0|
    |ref_tmp_i_1_load_14_reg_7673                                                                  |    1|   0|    1|          0|
    |ref_tmp_i_1_load_15_reg_7678                                                                  |    1|   0|    1|          0|
    |ref_tmp_i_1_load_1_reg_7608                                                                   |    1|   0|    1|          0|
    |ref_tmp_i_1_load_2_reg_7613                                                                   |    1|   0|    1|          0|
    |ref_tmp_i_1_load_3_reg_7618                                                                   |    1|   0|    1|          0|
    |ref_tmp_i_1_load_4_reg_7623                                                                   |    1|   0|    1|          0|
    |ref_tmp_i_1_load_5_reg_7628                                                                   |    1|   0|    1|          0|
    |ref_tmp_i_1_load_6_reg_7633                                                                   |    1|   0|    1|          0|
    |ref_tmp_i_1_load_7_reg_7638                                                                   |    1|   0|    1|          0|
    |ref_tmp_i_1_load_8_reg_7643                                                                   |    1|   0|    1|          0|
    |ref_tmp_i_1_load_9_reg_7648                                                                   |    1|   0|    1|          0|
    |ref_tmp_i_1_load_reg_7603                                                                     |    1|   0|    1|          0|
    |select_ln1595_reg_7900                                                                        |    6|   0|    6|          0|
    |src_count_reg_7500                                                                            |   16|   0|   16|          0|
    |sub175_reg_7731                                                                               |   16|   0|   16|          0|
    |sub186_reg_7736                                                                               |   16|   0|   16|          0|
    |sub_ln1710_reg_7752                                                                           |   16|   0|   16|          0|
    |targetBlock1_reg_7881                                                                         |    1|   0|    1|          0|
    |targetBlock_reg_7856                                                                          |    1|   0|    1|          0|
    |targetIndexXC_2_reg_7341                                                                      |   32|   0|   32|          0|
    |targetIndexXC_fu_594                                                                          |   32|   0|   32|          0|
    |targetSites_count_0_addr_reg_7346                                                             |    5|   0|    5|          0|
    |targetSites_count_1_addr_reg_7352                                                             |    5|   0|    5|          0|
    |targetSites_count_2_addr_reg_7358                                                             |    5|   0|    5|          0|
    |targetSites_count_3_addr_reg_7364                                                             |    5|   0|    5|          0|
    |targetSites_count_4_addr_reg_7370                                                             |    5|   0|    5|          0|
    |targetSites_count_5_addr_reg_7376                                                             |    5|   0|    5|          0|
    |targetSites_count_6_addr_reg_7382                                                             |    5|   0|    5|          0|
    |targetSites_count_7_addr_reg_7388                                                             |    5|   0|    5|          0|
    |target_count_local_2_reg_7769                                                                 |   19|   0|   19|          0|
    |target_count_local_3_reg_3699                                                                 |   19|   0|   19|          0|
    |tmp_530_reg_7520                                                                              |    8|   0|   16|          8|
    |tmp_reg_7399                                                                                  |    8|   0|   16|          8|
    |trunc_ln1585_1_reg_7404                                                                       |    3|   0|    3|          0|
    |trunc_ln1597_reg_7434                                                                         |   16|   0|   16|          0|
    |trunc_ln1606_reg_7447                                                                         |    3|   0|    3|          0|
    |trunc_ln1622_reg_7720                                                                         |   16|   0|   16|          0|
    |trunc_ln56_1_reg_7829                                                                         |    4|   0|    4|          0|
    |trunc_ln56_reg_7788                                                                           |    4|   0|    4|          0|
    |usableAtoms_count_0_addr_reg_7452                                                             |    5|   0|    5|          0|
    |usableAtoms_count_1_addr_reg_7458                                                             |    5|   0|    5|          0|
    |usableAtoms_count_2_addr_reg_7464                                                             |    5|   0|    5|          0|
    |usableAtoms_count_3_addr_reg_7470                                                             |    5|   0|    5|          0|
    |usableAtoms_count_4_addr_reg_7476                                                             |    5|   0|    5|          0|
    |usableAtoms_count_5_addr_reg_7482                                                             |    5|   0|    5|          0|
    |usableAtoms_count_6_addr_reg_7488                                                             |    5|   0|    5|          0|
    |usableAtoms_count_7_addr_reg_7494                                                             |    5|   0|    5|          0|
    |zext_ln1585_reg_7394                                                                          |   32|   0|   64|         32|
    |zext_ln1732_2_reg_7895                                                                        |    5|   0|   16|         11|
    +----------------------------------------------------------------------------------------------+-----+----+-----+-----------+
    |Total                                                                                         | 1541|   0| 1602|         61|
    +----------------------------------------------------------------------------------------------+-----+----+-----+-----------+



================================================================
== Interface
================================================================
* Summary: 
+------------------------------+-----+-----+------------+-------------------------------------------+--------------+
|           RTL Ports          | Dir | Bits|  Protocol  |               Source Object               |    C Type    |
+------------------------------+-----+-----+------------+-------------------------------------------+--------------+
|ap_clk                        |   in|    1|  ap_ctrl_hs|  resolveSortingDeficiencies<HLSMoveStream>|  return value|
|ap_rst                        |   in|    1|  ap_ctrl_hs|  resolveSortingDeficiencies<HLSMoveStream>|  return value|
|ap_start                      |   in|    1|  ap_ctrl_hs|  resolveSortingDeficiencies<HLSMoveStream>|  return value|
|ap_done                       |  out|    1|  ap_ctrl_hs|  resolveSortingDeficiencies<HLSMoveStream>|  return value|
|ap_idle                       |  out|    1|  ap_ctrl_hs|  resolveSortingDeficiencies<HLSMoveStream>|  return value|
|ap_ready                      |  out|    1|  ap_ctrl_hs|  resolveSortingDeficiencies<HLSMoveStream>|  return value|
|ap_return                     |  out|   32|  ap_ctrl_hs|  resolveSortingDeficiencies<HLSMoveStream>|  return value|
|stateArray_data_s_address1    |  out|   15|   ap_memory|                          stateArray_data_s|         array|
|stateArray_data_s_ce1         |  out|    1|   ap_memory|                          stateArray_data_s|         array|
|stateArray_data_s_we1         |  out|    1|   ap_memory|                          stateArray_data_s|         array|
|stateArray_data_s_d1          |  out|    1|   ap_memory|                          stateArray_data_s|         array|
|stateArray_rows_val1          |   in|   16|     ap_none|                       stateArray_rows_val1|        scalar|
|stateArray_cols_val2          |   in|   16|     ap_none|                       stateArray_cols_val2|        scalar|
|moveStream_TDATA              |  out|  512|        axis|                                 moveStream|       pointer|
|moveStream_TVALID             |  out|    1|        axis|                                 moveStream|       pointer|
|moveStream_TREADY             |   in|    1|        axis|                                 moveStream|       pointer|
|moveList_count_read           |   in|   32|     ap_none|                        moveList_count_read|        scalar|
|arraySizeXC                   |   in|   32|     ap_none|                                arraySizeXC|        scalar|
|usableAtoms_data_address0     |  out|   16|   ap_memory|                           usableAtoms_data|         array|
|usableAtoms_data_ce0          |  out|    1|   ap_memory|                           usableAtoms_data|         array|
|usableAtoms_data_q0           |   in|   32|   ap_memory|                           usableAtoms_data|         array|
|usableAtoms_count_0_address0  |  out|    5|   ap_memory|                        usableAtoms_count_0|         array|
|usableAtoms_count_0_ce0       |  out|    1|   ap_memory|                        usableAtoms_count_0|         array|
|usableAtoms_count_0_q0        |   in|   16|   ap_memory|                        usableAtoms_count_0|         array|
|usableAtoms_count_0_address1  |  out|    5|   ap_memory|                        usableAtoms_count_0|         array|
|usableAtoms_count_0_ce1       |  out|    1|   ap_memory|                        usableAtoms_count_0|         array|
|usableAtoms_count_0_we1       |  out|    1|   ap_memory|                        usableAtoms_count_0|         array|
|usableAtoms_count_0_d1        |  out|   16|   ap_memory|                        usableAtoms_count_0|         array|
|usableAtoms_count_1_address0  |  out|    5|   ap_memory|                        usableAtoms_count_1|         array|
|usableAtoms_count_1_ce0       |  out|    1|   ap_memory|                        usableAtoms_count_1|         array|
|usableAtoms_count_1_q0        |   in|   16|   ap_memory|                        usableAtoms_count_1|         array|
|usableAtoms_count_1_address1  |  out|    5|   ap_memory|                        usableAtoms_count_1|         array|
|usableAtoms_count_1_ce1       |  out|    1|   ap_memory|                        usableAtoms_count_1|         array|
|usableAtoms_count_1_we1       |  out|    1|   ap_memory|                        usableAtoms_count_1|         array|
|usableAtoms_count_1_d1        |  out|   16|   ap_memory|                        usableAtoms_count_1|         array|
|usableAtoms_count_2_address0  |  out|    5|   ap_memory|                        usableAtoms_count_2|         array|
|usableAtoms_count_2_ce0       |  out|    1|   ap_memory|                        usableAtoms_count_2|         array|
|usableAtoms_count_2_q0        |   in|   16|   ap_memory|                        usableAtoms_count_2|         array|
|usableAtoms_count_2_address1  |  out|    5|   ap_memory|                        usableAtoms_count_2|         array|
|usableAtoms_count_2_ce1       |  out|    1|   ap_memory|                        usableAtoms_count_2|         array|
|usableAtoms_count_2_we1       |  out|    1|   ap_memory|                        usableAtoms_count_2|         array|
|usableAtoms_count_2_d1        |  out|   16|   ap_memory|                        usableAtoms_count_2|         array|
|usableAtoms_count_3_address0  |  out|    5|   ap_memory|                        usableAtoms_count_3|         array|
|usableAtoms_count_3_ce0       |  out|    1|   ap_memory|                        usableAtoms_count_3|         array|
|usableAtoms_count_3_q0        |   in|   16|   ap_memory|                        usableAtoms_count_3|         array|
|usableAtoms_count_3_address1  |  out|    5|   ap_memory|                        usableAtoms_count_3|         array|
|usableAtoms_count_3_ce1       |  out|    1|   ap_memory|                        usableAtoms_count_3|         array|
|usableAtoms_count_3_we1       |  out|    1|   ap_memory|                        usableAtoms_count_3|         array|
|usableAtoms_count_3_d1        |  out|   16|   ap_memory|                        usableAtoms_count_3|         array|
|usableAtoms_count_4_address0  |  out|    5|   ap_memory|                        usableAtoms_count_4|         array|
|usableAtoms_count_4_ce0       |  out|    1|   ap_memory|                        usableAtoms_count_4|         array|
|usableAtoms_count_4_q0        |   in|   16|   ap_memory|                        usableAtoms_count_4|         array|
|usableAtoms_count_4_address1  |  out|    5|   ap_memory|                        usableAtoms_count_4|         array|
|usableAtoms_count_4_ce1       |  out|    1|   ap_memory|                        usableAtoms_count_4|         array|
|usableAtoms_count_4_we1       |  out|    1|   ap_memory|                        usableAtoms_count_4|         array|
|usableAtoms_count_4_d1        |  out|   16|   ap_memory|                        usableAtoms_count_4|         array|
|usableAtoms_count_5_address0  |  out|    5|   ap_memory|                        usableAtoms_count_5|         array|
|usableAtoms_count_5_ce0       |  out|    1|   ap_memory|                        usableAtoms_count_5|         array|
|usableAtoms_count_5_q0        |   in|   16|   ap_memory|                        usableAtoms_count_5|         array|
|usableAtoms_count_5_address1  |  out|    5|   ap_memory|                        usableAtoms_count_5|         array|
|usableAtoms_count_5_ce1       |  out|    1|   ap_memory|                        usableAtoms_count_5|         array|
|usableAtoms_count_5_we1       |  out|    1|   ap_memory|                        usableAtoms_count_5|         array|
|usableAtoms_count_5_d1        |  out|   16|   ap_memory|                        usableAtoms_count_5|         array|
|usableAtoms_count_6_address0  |  out|    5|   ap_memory|                        usableAtoms_count_6|         array|
|usableAtoms_count_6_ce0       |  out|    1|   ap_memory|                        usableAtoms_count_6|         array|
|usableAtoms_count_6_q0        |   in|   16|   ap_memory|                        usableAtoms_count_6|         array|
|usableAtoms_count_6_address1  |  out|    5|   ap_memory|                        usableAtoms_count_6|         array|
|usableAtoms_count_6_ce1       |  out|    1|   ap_memory|                        usableAtoms_count_6|         array|
|usableAtoms_count_6_we1       |  out|    1|   ap_memory|                        usableAtoms_count_6|         array|
|usableAtoms_count_6_d1        |  out|   16|   ap_memory|                        usableAtoms_count_6|         array|
|usableAtoms_count_7_address0  |  out|    5|   ap_memory|                        usableAtoms_count_7|         array|
|usableAtoms_count_7_ce0       |  out|    1|   ap_memory|                        usableAtoms_count_7|         array|
|usableAtoms_count_7_q0        |   in|   16|   ap_memory|                        usableAtoms_count_7|         array|
|usableAtoms_count_7_address1  |  out|    5|   ap_memory|                        usableAtoms_count_7|         array|
|usableAtoms_count_7_ce1       |  out|    1|   ap_memory|                        usableAtoms_count_7|         array|
|usableAtoms_count_7_we1       |  out|    1|   ap_memory|                        usableAtoms_count_7|         array|
|usableAtoms_count_7_d1        |  out|   16|   ap_memory|                        usableAtoms_count_7|         array|
|targetSites_data_address0     |  out|   16|   ap_memory|                           targetSites_data|         array|
|targetSites_data_ce0          |  out|    1|   ap_memory|                           targetSites_data|         array|
|targetSites_data_q0           |   in|    8|   ap_memory|                           targetSites_data|         array|
|targetSites_count_0_address0  |  out|    5|   ap_memory|                        targetSites_count_0|         array|
|targetSites_count_0_ce0       |  out|    1|   ap_memory|                        targetSites_count_0|         array|
|targetSites_count_0_q0        |   in|   16|   ap_memory|                        targetSites_count_0|         array|
|targetSites_count_0_address1  |  out|    5|   ap_memory|                        targetSites_count_0|         array|
|targetSites_count_0_ce1       |  out|    1|   ap_memory|                        targetSites_count_0|         array|
|targetSites_count_0_we1       |  out|    1|   ap_memory|                        targetSites_count_0|         array|
|targetSites_count_0_d1        |  out|   16|   ap_memory|                        targetSites_count_0|         array|
|targetSites_count_1_address0  |  out|    5|   ap_memory|                        targetSites_count_1|         array|
|targetSites_count_1_ce0       |  out|    1|   ap_memory|                        targetSites_count_1|         array|
|targetSites_count_1_q0        |   in|   16|   ap_memory|                        targetSites_count_1|         array|
|targetSites_count_1_address1  |  out|    5|   ap_memory|                        targetSites_count_1|         array|
|targetSites_count_1_ce1       |  out|    1|   ap_memory|                        targetSites_count_1|         array|
|targetSites_count_1_we1       |  out|    1|   ap_memory|                        targetSites_count_1|         array|
|targetSites_count_1_d1        |  out|   16|   ap_memory|                        targetSites_count_1|         array|
|targetSites_count_2_address0  |  out|    5|   ap_memory|                        targetSites_count_2|         array|
|targetSites_count_2_ce0       |  out|    1|   ap_memory|                        targetSites_count_2|         array|
|targetSites_count_2_q0        |   in|   16|   ap_memory|                        targetSites_count_2|         array|
|targetSites_count_2_address1  |  out|    5|   ap_memory|                        targetSites_count_2|         array|
|targetSites_count_2_ce1       |  out|    1|   ap_memory|                        targetSites_count_2|         array|
|targetSites_count_2_we1       |  out|    1|   ap_memory|                        targetSites_count_2|         array|
|targetSites_count_2_d1        |  out|   16|   ap_memory|                        targetSites_count_2|         array|
|targetSites_count_3_address0  |  out|    5|   ap_memory|                        targetSites_count_3|         array|
|targetSites_count_3_ce0       |  out|    1|   ap_memory|                        targetSites_count_3|         array|
|targetSites_count_3_q0        |   in|   16|   ap_memory|                        targetSites_count_3|         array|
|targetSites_count_3_address1  |  out|    5|   ap_memory|                        targetSites_count_3|         array|
|targetSites_count_3_ce1       |  out|    1|   ap_memory|                        targetSites_count_3|         array|
|targetSites_count_3_we1       |  out|    1|   ap_memory|                        targetSites_count_3|         array|
|targetSites_count_3_d1        |  out|   16|   ap_memory|                        targetSites_count_3|         array|
|targetSites_count_4_address0  |  out|    5|   ap_memory|                        targetSites_count_4|         array|
|targetSites_count_4_ce0       |  out|    1|   ap_memory|                        targetSites_count_4|         array|
|targetSites_count_4_q0        |   in|   16|   ap_memory|                        targetSites_count_4|         array|
|targetSites_count_4_address1  |  out|    5|   ap_memory|                        targetSites_count_4|         array|
|targetSites_count_4_ce1       |  out|    1|   ap_memory|                        targetSites_count_4|         array|
|targetSites_count_4_we1       |  out|    1|   ap_memory|                        targetSites_count_4|         array|
|targetSites_count_4_d1        |  out|   16|   ap_memory|                        targetSites_count_4|         array|
|targetSites_count_5_address0  |  out|    5|   ap_memory|                        targetSites_count_5|         array|
|targetSites_count_5_ce0       |  out|    1|   ap_memory|                        targetSites_count_5|         array|
|targetSites_count_5_q0        |   in|   16|   ap_memory|                        targetSites_count_5|         array|
|targetSites_count_5_address1  |  out|    5|   ap_memory|                        targetSites_count_5|         array|
|targetSites_count_5_ce1       |  out|    1|   ap_memory|                        targetSites_count_5|         array|
|targetSites_count_5_we1       |  out|    1|   ap_memory|                        targetSites_count_5|         array|
|targetSites_count_5_d1        |  out|   16|   ap_memory|                        targetSites_count_5|         array|
|targetSites_count_6_address0  |  out|    5|   ap_memory|                        targetSites_count_6|         array|
|targetSites_count_6_ce0       |  out|    1|   ap_memory|                        targetSites_count_6|         array|
|targetSites_count_6_q0        |   in|   16|   ap_memory|                        targetSites_count_6|         array|
|targetSites_count_6_address1  |  out|    5|   ap_memory|                        targetSites_count_6|         array|
|targetSites_count_6_ce1       |  out|    1|   ap_memory|                        targetSites_count_6|         array|
|targetSites_count_6_we1       |  out|    1|   ap_memory|                        targetSites_count_6|         array|
|targetSites_count_6_d1        |  out|   16|   ap_memory|                        targetSites_count_6|         array|
|targetSites_count_7_address0  |  out|    5|   ap_memory|                        targetSites_count_7|         array|
|targetSites_count_7_ce0       |  out|    1|   ap_memory|                        targetSites_count_7|         array|
|targetSites_count_7_q0        |   in|   16|   ap_memory|                        targetSites_count_7|         array|
|targetSites_count_7_address1  |  out|    5|   ap_memory|                        targetSites_count_7|         array|
|targetSites_count_7_ce1       |  out|    1|   ap_memory|                        targetSites_count_7|         array|
|targetSites_count_7_we1       |  out|    1|   ap_memory|                        targetSites_count_7|         array|
|targetSites_count_7_d1        |  out|   16|   ap_memory|                        targetSites_count_7|         array|
+------------------------------+-----+-----+------------+-------------------------------------------+--------------+

