

================================================================
== Vitis HLS Report for 'sortRemainingRowsOrCols_HLSMoveStream_Pipeline_VITIS_LOOP_1179_40'
================================================================
* Date:           Thu Mar 26 11:03:34 2026

* Version:        2024.2 (Build 5238294 on Nov  8 2024)
* Project:        atomflow_controller_2024_2
* Solution:       hls (Vivado IP Flow Target)
* Product family: zynquplusRFSOC
* Target device:  xczu49dr-ffvf1760-2-e


================================================================
== Performance Estimates
================================================================
+ Timing: 
    * Summary: 
    +--------+----------+----------+------------+
    |  Clock |  Target  | Estimated| Uncertainty|
    +--------+----------+----------+------------+
    |ap_clk  |  10.00 ns|  2.474 ns|     2.70 ns|
    +--------+----------+----------+------------+

+ Latency: 
    * Summary: 
    +---------+---------+-----------+----------+-----+-----+------------------------------------------------+
    |  Latency (cycles) |  Latency (absolute)  |  Interval |                    Pipeline                    |
    |   min   |   max   |    min    |    max   | min | max |                      Type                      |
    +---------+---------+-----------+----------+-----+-----+------------------------------------------------+
    |        2|      258|  20.000 ns|  2.580 us|    1|  257|  loop auto-rewind stp (delay=0 clock cycles(s))|
    +---------+---------+-----------+----------+-----+-----+------------------------------------------------+

    + Detail: 
        * Instance: 
        N/A

        * Loop: 
        +----------------------+---------+---------+----------+-----------+-----------+---------+----------+
        |                      |  Latency (cycles) | Iteration|  Initiation Interval  |   Trip  |          |
        |       Loop Name      |   min   |   max   |  Latency |  achieved |   target  |  Count  | Pipelined|
        +----------------------+---------+---------+----------+-----------+-----------+---------+----------+
        |- VITIS_LOOP_1179_40  |        0|      256|         2|          1|          1|  0 ~ 256|       yes|
        +----------------------+---------+---------+----------+-----------+-----------+---------+----------+



================================================================
== Utilization Estimates
================================================================
* Summary: 
+-----------------+---------+------+--------+--------+-----+
|       Name      | BRAM_18K|  DSP |   FF   |   LUT  | URAM|
+-----------------+---------+------+--------+--------+-----+
|DSP              |        -|     -|       -|       -|    -|
|Expression       |        -|     -|       0|     113|    -|
|FIFO             |        -|     -|       -|       -|    -|
|Instance         |        -|     -|       -|       -|    -|
|Memory           |        -|     -|       -|       -|    -|
|Multiplexer      |        -|     -|       0|      45|    -|
|Register         |        -|     -|      86|       -|    -|
+-----------------+---------+------+--------+--------+-----+
|Total            |        0|     0|      86|     158|    0|
+-----------------+---------+------+--------+--------+-----+
|Available        |     2160|  4272|  850560|  425280|   80|
+-----------------+---------+------+--------+--------+-----+
|Utilization (%)  |        0|     0|      ~0|      ~0|    0|
+-----------------+---------+------+--------+--------+-----+

+ Detail: 
    * Instance: 
    N/A

    * DSP: 
    N/A

    * Memory: 
    N/A

    * FIFO: 
    N/A

    * Expression: 
    +-----------------------+----------+----+---+----+------------+------------+
    |     Variable Name     | Operation| DSP| FF| LUT| Bitwidth P0| Bitwidth P1|
    +-----------------------+----------+----+---+----+------------+------------+
    |readIdx_4_fu_129_p2    |         +|   0|  0|  71|          64|           1|
    |writeIdx_4_fu_119_p2   |         +|   0|  0|  16|           9|           1|
    |icmp_ln1179_fu_114_p2  |      icmp|   0|  0|  24|          17|          17|
    |ap_enable_pp0          |       xor|   0|  0|   2|           1|           2|
    +-----------------------+----------+----+---+----+------------+------------+
    |Total                  |          |   0|  0| 113|          91|          21|
    +-----------------------+----------+----+---+----+------------+------------+

    * Multiplexer: 
    +-------------------------+----+-----------+-----+-----------+
    |           Name          | LUT| Input Size| Bits| Total Bits|
    +-------------------------+----+-----------+-----+-----------+
    |ap_done_int              |   9|          2|    1|          2|
    |ap_enable_reg_pp0_iter1  |   9|          2|    1|          2|
    |ap_enable_reg_pp0_iter2  |   9|          2|    1|          2|
    |readIdx_fu_50            |   9|          2|   64|        128|
    |writeIdx_fu_46           |   9|          2|    9|         18|
    +-------------------------+----+-----------+-----+-----------+
    |Total                    |  45|         10|   76|        152|
    +-------------------------+----+-----------+-----+-----------+

    * Register: 
    +-------------------------+----+----+-----+-----------+
    |           Name          | FF | LUT| Bits| Const Bits|
    +-------------------------+----+----+-----+-----------+
    |ap_CS_fsm                |   1|   0|    1|          0|
    |ap_done_reg              |   1|   0|    1|          0|
    |ap_enable_reg_pp0_iter1  |   1|   0|    1|          0|
    |ap_enable_reg_pp0_iter2  |   1|   0|    1|          0|
    |readIdx_fu_50            |  64|   0|   64|          0|
    |writeIdx_3_reg_168       |   9|   0|    9|          0|
    |writeIdx_fu_46           |   9|   0|    9|          0|
    +-------------------------+----+----+-----+-----------+
    |Total                    |  86|   0|   86|          0|
    +-------------------------+----+----+-----+-----------+



================================================================
== Interface
================================================================
* Summary: 
+-----------------------------------------------------+-----+-----+------------+--------------------------------------------------------------------+--------------+
|                      RTL Ports                      | Dir | Bits|  Protocol  |                            Source Object                           |    C Type    |
+-----------------------------------------------------+-----+-----+------------+--------------------------------------------------------------------+--------------+
|ap_clk                                               |   in|    1|  ap_ctrl_hs|  sortRemainingRowsOrCols<HLSMoveStream>_Pipeline_VITIS_LOOP_1179_40|  return value|
|ap_rst                                               |   in|    1|  ap_ctrl_hs|  sortRemainingRowsOrCols<HLSMoveStream>_Pipeline_VITIS_LOOP_1179_40|  return value|
|ap_start                                             |   in|    1|  ap_ctrl_hs|  sortRemainingRowsOrCols<HLSMoveStream>_Pipeline_VITIS_LOOP_1179_40|  return value|
|ap_done                                              |  out|    1|  ap_ctrl_hs|  sortRemainingRowsOrCols<HLSMoveStream>_Pipeline_VITIS_LOOP_1179_40|  return value|
|ap_idle                                              |  out|    1|  ap_ctrl_hs|  sortRemainingRowsOrCols<HLSMoveStream>_Pipeline_VITIS_LOOP_1179_40|  return value|
|ap_ready                                             |  out|    1|  ap_ctrl_hs|  sortRemainingRowsOrCols<HLSMoveStream>_Pipeline_VITIS_LOOP_1179_40|  return value|
|zext_ln1179                                          |   in|    5|     ap_none|                                                         zext_ln1179|        scalar|
|select_ln1179                                        |   in|   17|     ap_none|                                                       select_ln1179|        scalar|
|parkingSpotsRemainingAtCurrentIndexXC_data_address0  |  out|    8|   ap_memory|                          parkingSpotsRemainingAtCurrentIndexXC_data|         array|
|parkingSpotsRemainingAtCurrentIndexXC_data_ce0       |  out|    1|   ap_memory|                          parkingSpotsRemainingAtCurrentIndexXC_data|         array|
|parkingSpotsRemainingAtCurrentIndexXC_data_q0        |   in|   64|   ap_memory|                          parkingSpotsRemainingAtCurrentIndexXC_data|         array|
|tempParkingH_address0                                |  out|    8|   ap_memory|                                                        tempParkingH|         array|
|tempParkingH_ce0                                     |  out|    1|   ap_memory|                                                        tempParkingH|         array|
|tempParkingH_we0                                     |  out|    1|   ap_memory|                                                        tempParkingH|         array|
|tempParkingH_d0                                      |  out|   64|   ap_memory|                                                        tempParkingH|         array|
+-----------------------------------------------------+-----+-----+------------+--------------------------------------------------------------------+--------------+

