

================================================================
== Vitis HLS Report for 'sortRemainingRowsOrCols_HLSMoveStream_Pipeline_VITIS_LOOP_260_14'
================================================================
* Date:           Thu Mar 26 11:03:34 2026

* Version:        2024.2 (Build 5238294 on Nov  8 2024)
* Project:        atomflow_controller_2024_2
* Solution:       hls (Vivado IP Flow Target)
* Product family: zynquplusRFSOC
* Target device:  xczu49dr-ffvf1760-2-e


================================================================
== Performance Estimates
================================================================
+ Timing: 
    * Summary: 
    +--------+----------+----------+------------+
    |  Clock |  Target  | Estimated| Uncertainty|
    +--------+----------+----------+------------+
    |ap_clk  |  10.00 ns|  2.474 ns|     2.70 ns|
    +--------+----------+----------+------------+

+ Latency: 
    * Summary: 
    +---------+---------+-----------+----------+-----+-----+------------------------------------------------+
    |  Latency (cycles) |  Latency (absolute)  |  Interval |                    Pipeline                    |
    |   min   |   max   |    min    |    max   | min | max |                      Type                      |
    +---------+---------+-----------+----------+-----+-----+------------------------------------------------+
    |        3|      258|  30.000 ns|  2.580 us|    2|  257|  loop auto-rewind stp (delay=0 clock cycles(s))|
    +---------+---------+-----------+----------+-----+-----+------------------------------------------------+

    + Detail: 
        * Instance: 
        N/A

        * Loop: 
        +--------------------+---------+---------+----------+-----------+-----------+---------+----------+
        |                    |  Latency (cycles) | Iteration|  Initiation Interval  |   Trip  |          |
        |      Loop Name     |   min   |   max   |  Latency |  achieved |   target  |  Count  | Pipelined|
        +--------------------+---------+---------+----------+-----------+-----------+---------+----------+
        |- VITIS_LOOP_260_1  |        1|      256|         2|          1|          1|  1 ~ 256|       yes|
        +--------------------+---------+---------+----------+-----------+-----------+---------+----------+



================================================================
== Utilization Estimates
================================================================
* Summary: 
+-----------------+---------+------+--------+--------+-----+
|       Name      | BRAM_18K|  DSP |   FF   |   LUT  | URAM|
+-----------------+---------+------+--------+--------+-----+
|DSP              |        -|     -|       -|       -|    -|
|Expression       |        -|     -|       0|     199|    -|
|FIFO             |        -|     -|       -|       -|    -|
|Instance         |        -|     -|       -|       -|    -|
|Memory           |        -|     -|       -|       -|    -|
|Multiplexer      |        -|     -|       0|      45|    -|
|Register         |        -|     -|     164|       -|    -|
+-----------------+---------+------+--------+--------+-----+
|Total            |        0|     0|     164|     244|    0|
+-----------------+---------+------+--------+--------+-----+
|Available        |     2160|  4272|  850560|  425280|   80|
+-----------------+---------+------+--------+--------+-----+
|Utilization (%)  |        0|     0|      ~0|      ~0|    0|
+-----------------+---------+------+--------+--------+-----+

+ Detail: 
    * Instance: 
    N/A

    * DSP: 
    N/A

    * Memory: 
    N/A

    * FIFO: 
    N/A

    * Expression: 
    +-------------------------------------+----------+----+---+----+------------+------------+
    |            Variable Name            | Operation| DSP| FF| LUT| Bitwidth P0| Bitwidth P1|
    +-------------------------------------+----------+----+---+----+------------+------------+
    |add_ln265_1_fu_136_p2                |         +|   0|  0|  16|          16|          16|
    |add_ln265_2_fu_141_p2                |         +|   0|  0|  16|          16|          16|
    |i_10_fu_151_p2                       |         +|   0|  0|  71|          64|           1|
    |usedTargetIndices_count_2_fu_126_p2  |         +|   0|  0|  23|          16|           1|
    |icmp_ln260_fu_121_p2                 |      icmp|   0|  0|  71|          64|          64|
    |ap_enable_pp0                        |       xor|   0|  0|   2|           1|           2|
    +-------------------------------------+----------+----+---+----+------------+------------+
    |Total                                |          |   0|  0| 199|         177|         100|
    +-------------------------------------+----------+----+---+----+------------+------------+

    * Multiplexer: 
    +-------------------------------+----+-----------+-----+-----------+
    |              Name             | LUT| Input Size| Bits| Total Bits|
    +-------------------------------+----+-----------+-----+-----------+
    |ap_done_int                    |   9|          2|    1|          2|
    |ap_enable_reg_pp0_iter1        |   9|          2|    1|          2|
    |ap_enable_reg_pp0_iter2        |   9|          2|    1|          2|
    |i_fu_48                        |   9|          2|   64|        128|
    |usedTargetIndices_count_fu_52  |   9|          2|   16|         32|
    +-------------------------------+----+-----------+-----+-----------+
    |Total                          |  45|         10|   83|        166|
    +-------------------------------+----+-----------+-----+-----------+

    * Register: 
    +-----------------------------------+----+----+-----+-----------+
    |                Name               | FF | LUT| Bits| Const Bits|
    +-----------------------------------+----+----+-----+-----------+
    |ap_CS_fsm                          |   1|   0|    1|          0|
    |ap_done_reg                        |   1|   0|    1|          0|
    |ap_enable_reg_pp0_iter1            |   1|   0|    1|          0|
    |ap_enable_reg_pp0_iter2            |   1|   0|    1|          0|
    |i_fu_48                            |  64|   0|   64|          0|
    |sext_ln1274_cast_reg_195           |  64|   0|   64|          0|
    |usedTargetIndices_count_1_reg_200  |  16|   0|   16|          0|
    |usedTargetIndices_count_fu_52      |  16|   0|   16|          0|
    +-----------------------------------+----+----+-----+-----------+
    |Total                              | 164|   0|  164|          0|
    +-----------------------------------+----+----+-----+-----------+



================================================================
== Interface
================================================================
* Summary: 
+----------------------------------------+-----+-----+------------+-------------------------------------------------------------------+--------------+
|                RTL Ports               | Dir | Bits|  Protocol  |                           Source Object                           |    C Type    |
+----------------------------------------+-----+-----+------------+-------------------------------------------------------------------+--------------+
|ap_clk                                  |   in|    1|  ap_ctrl_hs|  sortRemainingRowsOrCols<HLSMoveStream>_Pipeline_VITIS_LOOP_260_14|  return value|
|ap_rst                                  |   in|    1|  ap_ctrl_hs|  sortRemainingRowsOrCols<HLSMoveStream>_Pipeline_VITIS_LOOP_260_14|  return value|
|ap_start                                |   in|    1|  ap_ctrl_hs|  sortRemainingRowsOrCols<HLSMoveStream>_Pipeline_VITIS_LOOP_260_14|  return value|
|ap_done                                 |  out|    1|  ap_ctrl_hs|  sortRemainingRowsOrCols<HLSMoveStream>_Pipeline_VITIS_LOOP_260_14|  return value|
|ap_idle                                 |  out|    1|  ap_ctrl_hs|  sortRemainingRowsOrCols<HLSMoveStream>_Pipeline_VITIS_LOOP_260_14|  return value|
|ap_ready                                |  out|    1|  ap_ctrl_hs|  sortRemainingRowsOrCols<HLSMoveStream>_Pipeline_VITIS_LOOP_260_14|  return value|
|sext_ln1274                             |   in|   18|     ap_none|                                                        sext_ln1274|        scalar|
|trunc_ln24                              |   in|   16|     ap_none|                                                         trunc_ln24|        scalar|
|empty                                   |   in|   16|     ap_none|                                                              empty|        scalar|
|unusableInfo_targetSites_data_address0  |  out|   16|   ap_memory|                                      unusableInfo_targetSites_data|         array|
|unusableInfo_targetSites_data_ce0       |  out|    1|   ap_memory|                                      unusableInfo_targetSites_data|         array|
|unusableInfo_targetSites_data_q0        |   in|    8|   ap_memory|                                      unusableInfo_targetSites_data|         array|
|usedTargetIndices_data_address0         |  out|    8|   ap_memory|                                             usedTargetIndices_data|         array|
|usedTargetIndices_data_ce0              |  out|    1|   ap_memory|                                             usedTargetIndices_data|         array|
|usedTargetIndices_data_we0              |  out|    1|   ap_memory|                                             usedTargetIndices_data|         array|
|usedTargetIndices_data_d0               |  out|    8|   ap_memory|                                             usedTargetIndices_data|         array|
+----------------------------------------+-----+-----+------------+-------------------------------------------------------------------+--------------+

