

================================================================
== Vitis HLS Report for 'clearFirstNRowsOrCols_HLSMoveStream_Pipeline_VITIS_LOOP_459_4'
================================================================
* Date:           Sat Mar 28 14:02:27 2026

* Version:        2024.2 (Build 5238294 on Nov  8 2024)
* Project:        atomflow_controller_2024_2
* Solution:       hls (Vivado IP Flow Target)
* Product family: zynquplusRFSOC
* Target device:  xczu49dr-ffvf1760-2-e


================================================================
== Performance Estimates
================================================================
+ Timing: 
    * Summary: 
    +--------+----------+----------+------------+
    |  Clock |  Target  | Estimated| Uncertainty|
    +--------+----------+----------+------------+
    |ap_clk  |  10.00 ns|  3.173 ns|     2.70 ns|
    +--------+----------+----------+------------+

+ Latency: 
    * Summary: 
    +---------+---------+-----------+----------+-----+-----+------------------------------------------------+
    |  Latency (cycles) |  Latency (absolute)  |  Interval |                    Pipeline                    |
    |   min   |   max   |    min    |    max   | min | max |                      Type                      |
    +---------+---------+-----------+----------+-----+-----+------------------------------------------------+
    |        4|       11|  40.000 ns|  0.110 us|    2|    9|  loop auto-rewind stp (delay=0 clock cycles(s))|
    +---------+---------+-----------+----------+-----+-----+------------------------------------------------+

    + Detail: 
        * Instance: 
        N/A

        * Loop: 
        +--------------------+---------+---------+----------+-----------+-----------+-------+----------+
        |                    |  Latency (cycles) | Iteration|  Initiation Interval  |  Trip |          |
        |      Loop Name     |   min   |   max   |  Latency |  achieved |   target  | Count | Pipelined|
        +--------------------+---------+---------+----------+-----------+-----------+-------+----------+
        |- VITIS_LOOP_459_4  |        2|        9|         2|          1|          1|  1 ~ 8|       yes|
        +--------------------+---------+---------+----------+-----------+-----------+-------+----------+

============================================================
+ Verbose Summary: Synthesis Manager
============================================================
InlineROM: 1
ExposeGlobal: 0
============================================================
+ Verbose Summary: CDFG Model
============================================================
IsTopModel: 0
ResetActiveHigh: 1
IsCombinational: 0
IsDatapathOnly: 0
HasWiredReturn: 1
HasMFsm: 2
HasVarLatency: 1
IsPipeline: 0
IsRtlPipelined: 0
IsInstanceOverlapped: 0
IsDontTouch: 0
HasImplIP: 0
IsGatedGlobalClock: 0

+ Individual pipeline summary: 
  * Pipeline-0: initiation interval (II) = 1, depth = 2


============================================================
+ Verbose Summary: Schedule
============================================================
* Number of FSM states : 2
* Pipeline : 1
  Pipeline-0 : II = 1, D = 2, States = { 1 2 }
* Dataflow Pipeline: 0

* FSM state transitions: 
1 --> 2 
2 --> 

* FSM state operations: 

State 1 <SV = 0> <Delay = 3.17>
ST_1 : Operation 5 [1/1] (0.00ns)   --->   "%batchSize = alloca i32 1" [/home/xiaorang/Documents/ATOMFLOW/sorting-organized-main/src/sortLatticeByRow.cpp:458]   --->   Operation 5 'alloca' 'batchSize' <Predicate = true> <Delay = 0.00>
ST_1 : Operation 6 [1/1] (0.00ns)   --->   "%occupiedCount_reload_read = read i32 @_ssdm_op_Read.ap_auto.i32, i32 %occupiedCount_reload" [/home/xiaorang/Documents/ATOMFLOW/sorting-organized-main/src/sortLatticeByRow.cpp:434]   --->   Operation 6 'read' 'occupiedCount_reload_read' <Predicate = true> <Delay = 0.00>
ST_1 : Operation 7 [1/1] (0.00ns)   --->   "%processedCount_read = read i32 @_ssdm_op_Read.ap_auto.i32, i32 %processedCount" [/home/xiaorang/Documents/ATOMFLOW/sorting-organized-main/src/sortLatticeByRow.cpp:434]   --->   Operation 7 'read' 'processedCount_read' <Predicate = true> <Delay = 0.00>
ST_1 : Operation 8 [1/1] (0.00ns)   --->   "%trunc_ln434 = trunc i32 %processedCount_read" [/home/xiaorang/Documents/ATOMFLOW/sorting-organized-main/src/sortLatticeByRow.cpp:434]   --->   Operation 8 'trunc' 'trunc_ln434' <Predicate = true> <Delay = 0.00>
ST_1 : Operation 9 [1/1] (0.42ns)   --->   "%store_ln458 = store i5 0, i5 %batchSize" [/home/xiaorang/Documents/ATOMFLOW/sorting-organized-main/src/sortLatticeByRow.cpp:458]   --->   Operation 9 'store' 'store_ln458' <Predicate = true> <Delay = 0.42>
ST_1 : Operation 10 [1/1] (0.00ns)   --->   "%br_ln459 = br void %for.cond30.0" [/home/xiaorang/Documents/ATOMFLOW/sorting-organized-main/src/sortLatticeByRow.cpp:459]   --->   Operation 10 'br' 'br_ln459' <Predicate = true> <Delay = 0.00>
ST_1 : Operation 11 [1/1] (0.00ns)   --->   "%end_colSelectionCount = load i5 %batchSize" [/home/xiaorang/Documents/ATOMFLOW/sorting-organized-main/src/sortLatticeByRow.cpp:470]   --->   Operation 11 'load' 'end_colSelectionCount' <Predicate = true> <Delay = 0.00>
ST_1 : Operation 12 [1/1] (0.00ns)   --->   "%zext_ln445 = zext i5 %end_colSelectionCount" [/home/xiaorang/Documents/ATOMFLOW/sorting-organized-main/src/sortLatticeByRow.cpp:445]   --->   Operation 12 'zext' 'zext_ln445' <Predicate = true> <Delay = 0.00>
ST_1 : Operation 13 [1/1] (0.00ns) (grouped into LUT with out node and_ln459)   --->   "%tmp = bitselect i1 @_ssdm_op_BitSelect.i1.i5.i32, i5 %end_colSelectionCount, i32 4" [/home/xiaorang/Documents/ATOMFLOW/sorting-organized-main/src/sortLatticeByRow.cpp:459]   --->   Operation 13 'bitselect' 'tmp' <Predicate = true> <Delay = 0.00>
ST_1 : Operation 14 [1/1] (0.00ns) (grouped into LUT with out node and_ln459)   --->   "%xor_ln459 = xor i1 %tmp, i1 1" [/home/xiaorang/Documents/ATOMFLOW/sorting-organized-main/src/sortLatticeByRow.cpp:459]   --->   Operation 14 'xor' 'xor_ln459' <Predicate = true> <Delay = 0.00> <CoreInst = "LogicGate">   --->   Core 74 'LogicGate' <Latency = 0> <II = 1> <Delay = 0.28> <FuncUnit> <Opcode : 'and' 'or' 'xor'> <InPorts = 2> <OutPorts = 1>
ST_1 : Operation 15 [1/1] (1.01ns)   --->   "%add_ln459 = add i32 %processedCount_read, i32 %zext_ln445" [/home/xiaorang/Documents/ATOMFLOW/sorting-organized-main/src/sortLatticeByRow.cpp:459]   --->   Operation 15 'add' 'add_ln459' <Predicate = true> <Delay = 1.01> <CoreInst = "Adder">   --->   Core 1 'Adder' <Latency = 0> <II = 1> <Delay = 1.01> <FuncUnit> <Opcode : 'add' 'sub'> <InPorts = 2> <OutPorts = 1>
ST_1 : Operation 16 [1/1] (1.01ns)   --->   "%icmp_ln459 = icmp_ult  i32 %add_ln459, i32 %occupiedCount_reload_read" [/home/xiaorang/Documents/ATOMFLOW/sorting-organized-main/src/sortLatticeByRow.cpp:459]   --->   Operation 16 'icmp' 'icmp_ln459' <Predicate = true> <Delay = 1.01> <CoreInst = "Cmp">   --->   Core 9 'Cmp' <Latency = 0> <II = 1> <Delay = 1.01> <FuncUnit> <Opcode : 'seteq' 'setne' 'setle' 'setge' 'setlt' 'setgt'> <InPorts = 2> <OutPorts = 1>
ST_1 : Operation 17 [1/1] (0.28ns) (out node of the LUT)   --->   "%and_ln459 = and i1 %icmp_ln459, i1 %xor_ln459" [/home/xiaorang/Documents/ATOMFLOW/sorting-organized-main/src/sortLatticeByRow.cpp:459]   --->   Operation 17 'and' 'and_ln459' <Predicate = true> <Delay = 0.28> <CoreInst = "LogicGate">   --->   Core 74 'LogicGate' <Latency = 0> <II = 1> <Delay = 0.28> <FuncUnit> <Opcode : 'and' 'or' 'xor'> <InPorts = 2> <OutPorts = 1>
ST_1 : Operation 18 [1/1] (0.42ns)   --->   "%br_ln459 = br i1 %and_ln459, void %for.end68.split, void %for.inc66.0" [/home/xiaorang/Documents/ATOMFLOW/sorting-organized-main/src/sortLatticeByRow.cpp:459]   --->   Operation 18 'br' 'br_ln459' <Predicate = true> <Delay = 0.42>
ST_1 : Operation 19 [1/1] (0.00ns)   --->   "%lshr_ln459_s = partselect i7 @_ssdm_op_PartSelect.i7.i32.i32.i32, i32 %add_ln459, i32 1, i32 7" [/home/xiaorang/Documents/ATOMFLOW/sorting-organized-main/src/sortLatticeByRow.cpp:459]   --->   Operation 19 'partselect' 'lshr_ln459_s' <Predicate = (and_ln459)> <Delay = 0.00>
ST_1 : Operation 20 [1/1] (0.00ns)   --->   "%zext_ln459 = zext i7 %lshr_ln459_s" [/home/xiaorang/Documents/ATOMFLOW/sorting-organized-main/src/sortLatticeByRow.cpp:459]   --->   Operation 20 'zext' 'zext_ln459' <Predicate = (and_ln459)> <Delay = 0.00>
ST_1 : Operation 21 [1/1] (0.00ns)   --->   "%occupiedIndices_addr = getelementptr i16 %occupiedIndices, i64 0, i64 %zext_ln459" [/home/xiaorang/Documents/ATOMFLOW/sorting-organized-main/src/sortLatticeByRow.cpp:465]   --->   Operation 21 'getelementptr' 'occupiedIndices_addr' <Predicate = (and_ln459 & !trunc_ln434)> <Delay = 0.00>
ST_1 : Operation 22 [1/1] (0.00ns)   --->   "%occupiedIndices_1_addr = getelementptr i16 %occupiedIndices_1, i64 0, i64 %zext_ln459" [/home/xiaorang/Documents/ATOMFLOW/sorting-organized-main/src/sortLatticeByRow.cpp:465]   --->   Operation 22 'getelementptr' 'occupiedIndices_1_addr' <Predicate = (and_ln459 & trunc_ln434)> <Delay = 0.00>
ST_1 : Operation 23 [2/2] (1.23ns)   --->   "%occupiedIndices_load = load i7 %occupiedIndices_addr" [/home/xiaorang/Documents/ATOMFLOW/sorting-organized-main/src/sortLatticeByRow.cpp:465]   --->   Operation 23 'load' 'occupiedIndices_load' <Predicate = (and_ln459 & !trunc_ln434)> <Delay = 1.23> <CoreInst = "RAM">   --->   Core 82 'RAM' <Latency = 1> <II = 1> <Delay = 1.23> <Storage> <Opcode : 'load' 'store'> <Ports = 2> <Width = 16> <Depth = 128> <RAM>
ST_1 : Operation 24 [2/2] (1.23ns)   --->   "%occupiedIndices_1_load = load i7 %occupiedIndices_1_addr" [/home/xiaorang/Documents/ATOMFLOW/sorting-organized-main/src/sortLatticeByRow.cpp:465]   --->   Operation 24 'load' 'occupiedIndices_1_load' <Predicate = (and_ln459 & trunc_ln434)> <Delay = 1.23> <CoreInst = "RAM">   --->   Core 82 'RAM' <Latency = 1> <II = 1> <Delay = 1.23> <Storage> <Opcode : 'load' 'store'> <Ports = 2> <Width = 16> <Depth = 128> <RAM>
ST_1 : Operation 25 [1/1] (0.00ns)   --->   "%tmp_s = partselect i3 @_ssdm_op_PartSelect.i3.i5.i32.i32, i5 %end_colSelectionCount, i32 1, i32 3" [/home/xiaorang/Documents/ATOMFLOW/sorting-organized-main/src/sortLatticeByRow.cpp:470]   --->   Operation 25 'partselect' 'tmp_s' <Predicate = (and_ln459)> <Delay = 0.00>
ST_1 : Operation 26 [1/1] (0.00ns)   --->   "%end_colSelectionCount_9 = bitconcatenate i4 @_ssdm_op_BitConcatenate.i4.i3.i1, i3 %tmp_s, i1 1" [/home/xiaorang/Documents/ATOMFLOW/sorting-organized-main/src/sortLatticeByRow.cpp:470]   --->   Operation 26 'bitconcatenate' 'end_colSelectionCount_9' <Predicate = (and_ln459)> <Delay = 0.00>
ST_1 : Operation 27 [1/1] (0.00ns)   --->   "%zext_ln445_1 = zext i4 %end_colSelectionCount_9" [/home/xiaorang/Documents/ATOMFLOW/sorting-organized-main/src/sortLatticeByRow.cpp:445]   --->   Operation 27 'zext' 'zext_ln445_1' <Predicate = (and_ln459)> <Delay = 0.00>
ST_1 : Operation 28 [1/1] (1.01ns)   --->   "%add_ln459_159 = add i32 %processedCount_read, i32 %zext_ln445_1" [/home/xiaorang/Documents/ATOMFLOW/sorting-organized-main/src/sortLatticeByRow.cpp:459]   --->   Operation 28 'add' 'add_ln459_159' <Predicate = (and_ln459)> <Delay = 1.01> <CoreInst = "Adder">   --->   Core 1 'Adder' <Latency = 0> <II = 1> <Delay = 1.01> <FuncUnit> <Opcode : 'add' 'sub'> <InPorts = 2> <OutPorts = 1>
ST_1 : Operation 29 [1/1] (0.00ns)   --->   "%lshr_ln459_162 = partselect i7 @_ssdm_op_PartSelect.i7.i32.i32.i32, i32 %add_ln459_159, i32 1, i32 7" [/home/xiaorang/Documents/ATOMFLOW/sorting-organized-main/src/sortLatticeByRow.cpp:459]   --->   Operation 29 'partselect' 'lshr_ln459_162' <Predicate = (and_ln459)> <Delay = 0.00>
ST_1 : Operation 30 [1/1] (0.00ns)   --->   "%zext_ln459_1 = zext i7 %lshr_ln459_162" [/home/xiaorang/Documents/ATOMFLOW/sorting-organized-main/src/sortLatticeByRow.cpp:459]   --->   Operation 30 'zext' 'zext_ln459_1' <Predicate = (and_ln459)> <Delay = 0.00>
ST_1 : Operation 31 [1/1] (1.01ns)   --->   "%icmp_ln459_1 = icmp_ult  i32 %add_ln459_159, i32 %occupiedCount_reload_read" [/home/xiaorang/Documents/ATOMFLOW/sorting-organized-main/src/sortLatticeByRow.cpp:459]   --->   Operation 31 'icmp' 'icmp_ln459_1' <Predicate = (and_ln459)> <Delay = 1.01> <CoreInst = "Cmp">   --->   Core 9 'Cmp' <Latency = 0> <II = 1> <Delay = 1.01> <FuncUnit> <Opcode : 'seteq' 'setne' 'setle' 'setge' 'setlt' 'setgt'> <InPorts = 2> <OutPorts = 1>
ST_1 : Operation 32 [1/1] (0.00ns)   --->   "%occupiedIndices_addr_1 = getelementptr i16 %occupiedIndices, i64 0, i64 %zext_ln459_1" [/home/xiaorang/Documents/ATOMFLOW/sorting-organized-main/src/sortLatticeByRow.cpp:465]   --->   Operation 32 'getelementptr' 'occupiedIndices_addr_1' <Predicate = (and_ln459 & icmp_ln459_1 & trunc_ln434)> <Delay = 0.00>
ST_1 : Operation 33 [1/1] (0.00ns)   --->   "%occupiedIndices_1_addr_1 = getelementptr i16 %occupiedIndices_1, i64 0, i64 %zext_ln459_1" [/home/xiaorang/Documents/ATOMFLOW/sorting-organized-main/src/sortLatticeByRow.cpp:465]   --->   Operation 33 'getelementptr' 'occupiedIndices_1_addr_1' <Predicate = (and_ln459 & icmp_ln459_1 & !trunc_ln434)> <Delay = 0.00>
ST_1 : Operation 34 [2/2] (1.23ns)   --->   "%occupiedIndices_load_1 = load i7 %occupiedIndices_addr_1" [/home/xiaorang/Documents/ATOMFLOW/sorting-organized-main/src/sortLatticeByRow.cpp:465]   --->   Operation 34 'load' 'occupiedIndices_load_1' <Predicate = (and_ln459 & icmp_ln459_1 & trunc_ln434)> <Delay = 1.23> <CoreInst = "RAM">   --->   Core 82 'RAM' <Latency = 1> <II = 1> <Delay = 1.23> <Storage> <Opcode : 'load' 'store'> <Ports = 2> <Width = 16> <Depth = 128> <RAM>
ST_1 : Operation 35 [2/2] (1.23ns)   --->   "%occupiedIndices_1_load_1 = load i7 %occupiedIndices_1_addr_1" [/home/xiaorang/Documents/ATOMFLOW/sorting-organized-main/src/sortLatticeByRow.cpp:465]   --->   Operation 35 'load' 'occupiedIndices_1_load_1' <Predicate = (and_ln459 & icmp_ln459_1 & !trunc_ln434)> <Delay = 1.23> <CoreInst = "RAM">   --->   Core 82 'RAM' <Latency = 1> <II = 1> <Delay = 1.23> <Storage> <Opcode : 'load' 'store'> <Ports = 2> <Width = 16> <Depth = 128> <RAM>
ST_1 : Operation 36 [1/1] (0.78ns)   --->   "%start_colSelectionCount = add i5 %end_colSelectionCount, i5 2" [/home/xiaorang/Documents/ATOMFLOW/sorting-organized-main/src/sortLatticeByRow.cpp:470]   --->   Operation 36 'add' 'start_colSelectionCount' <Predicate = (and_ln459 & icmp_ln459_1)> <Delay = 0.78> <CoreInst = "Adder">   --->   Core 1 'Adder' <Latency = 0> <II = 1> <Delay = 0.78> <FuncUnit> <Opcode : 'add' 'sub'> <InPorts = 2> <OutPorts = 1>
ST_1 : Operation 37 [1/1] (0.42ns)   --->   "%store_ln458 = store i5 %start_colSelectionCount, i5 %batchSize" [/home/xiaorang/Documents/ATOMFLOW/sorting-organized-main/src/sortLatticeByRow.cpp:458]   --->   Operation 37 'store' 'store_ln458' <Predicate = (and_ln459 & icmp_ln459_1)> <Delay = 0.42>

State 2 <SV = 1> <Delay = 2.27>
ST_2 : Operation 38 [1/1] (0.00ns)   --->   "%specpipeline_ln465 = specpipeline void @_ssdm_op_SpecPipeline, i32 4294967295, i32 0, i32 0, i32 0, void @empty_18" [/home/xiaorang/Documents/ATOMFLOW/sorting-organized-main/src/sortLatticeByRow.cpp:465]   --->   Operation 38 'specpipeline' 'specpipeline_ln465' <Predicate = (and_ln459)> <Delay = 0.00>
ST_2 : Operation 39 [1/1] (0.00ns)   --->   "%speclooptripcount_ln462 = speclooptripcount void @_ssdm_op_SpecLoopTripCount, i64 1, i64 8, i64 4" [/home/xiaorang/Documents/ATOMFLOW/sorting-organized-main/src/sortLatticeByRow.cpp:462]   --->   Operation 39 'speclooptripcount' 'speclooptripcount_ln462' <Predicate = (and_ln459)> <Delay = 0.00>
ST_2 : Operation 40 [1/1] (0.00ns)   --->   "%specloopname_ln459 = specloopname void @_ssdm_op_SpecLoopName, void @empty_97" [/home/xiaorang/Documents/ATOMFLOW/sorting-organized-main/src/sortLatticeByRow.cpp:459]   --->   Operation 40 'specloopname' 'specloopname_ln459' <Predicate = (and_ln459)> <Delay = 0.00>
ST_2 : Operation 41 [1/2] ( I:1.23ns O:1.23ns )   --->   "%occupiedIndices_load = load i7 %occupiedIndices_addr" [/home/xiaorang/Documents/ATOMFLOW/sorting-organized-main/src/sortLatticeByRow.cpp:465]   --->   Operation 41 'load' 'occupiedIndices_load' <Predicate = (and_ln459 & !trunc_ln434)> <Delay = 1.23> <CoreInst = "RAM">   --->   Core 82 'RAM' <Latency = 1> <II = 1> <Delay = 1.23> <Storage> <Opcode : 'load' 'store'> <Ports = 2> <Width = 16> <Depth = 128> <RAM>
ST_2 : Operation 42 [1/2] ( I:1.23ns O:1.23ns )   --->   "%occupiedIndices_1_load = load i7 %occupiedIndices_1_addr" [/home/xiaorang/Documents/ATOMFLOW/sorting-organized-main/src/sortLatticeByRow.cpp:465]   --->   Operation 42 'load' 'occupiedIndices_1_load' <Predicate = (and_ln459 & trunc_ln434)> <Delay = 1.23> <CoreInst = "RAM">   --->   Core 82 'RAM' <Latency = 1> <II = 1> <Delay = 1.23> <Storage> <Opcode : 'load' 'store'> <Ports = 2> <Width = 16> <Depth = 128> <RAM>
ST_2 : Operation 43 [1/1] (0.35ns)   --->   "%select_ln465 = select i1 %trunc_ln434, i16 %occupiedIndices_1_load, i16 %occupiedIndices_load" [/home/xiaorang/Documents/ATOMFLOW/sorting-organized-main/src/sortLatticeByRow.cpp:465]   --->   Operation 43 'select' 'select_ln465' <Predicate = (and_ln459)> <Delay = 0.35> <CoreInst = "Sel">   --->   Core 73 'Sel' <Latency = 0> <II = 1> <Delay = 0.35> <FuncUnit> <Opcode : 'select'> <InPorts = 3> <OutPorts = 1>
ST_2 : Operation 44 [1/1] (0.00ns)   --->   "%zext_ln470_2 = zext i4 %end_colSelectionCount_9" [/home/xiaorang/Documents/ATOMFLOW/sorting-organized-main/src/sortLatticeByRow.cpp:470]   --->   Operation 44 'zext' 'zext_ln470_2' <Predicate = (and_ln459)> <Delay = 0.00>
ST_2 : Operation 45 [1/1] (0.00ns)   --->   "%zext_ln470 = zext i5 %end_colSelectionCount" [/home/xiaorang/Documents/ATOMFLOW/sorting-organized-main/src/sortLatticeByRow.cpp:470]   --->   Operation 45 'zext' 'zext_ln470' <Predicate = (and_ln459)> <Delay = 0.00>
ST_2 : Operation 46 [1/1] (0.00ns)   --->   "%start_colSelection_addr = getelementptr i16 %start_colSelection, i64 0, i64 %zext_ln470" [/home/xiaorang/Documents/ATOMFLOW/sorting-organized-main/src/sortLatticeByRow.cpp:470]   --->   Operation 46 'getelementptr' 'start_colSelection_addr' <Predicate = (and_ln459)> <Delay = 0.00>
ST_2 : Operation 47 [1/1] ( I:0.67ns O:0.67ns )   --->   "%store_ln470 = store i16 %select_ln465, i4 %start_colSelection_addr" [/home/xiaorang/Documents/ATOMFLOW/sorting-organized-main/src/sortLatticeByRow.cpp:470]   --->   Operation 47 'store' 'store_ln470' <Predicate = (and_ln459)> <Delay = 0.67> <CoreInst = "RAM">   --->   Core 82 'RAM' <Latency = 1> <II = 1> <Delay = 0.67> <Storage> <Opcode : 'load' 'store'> <Ports = 2> <Width = 16> <Depth = 16> <RAM>
ST_2 : Operation 48 [1/1] (0.00ns)   --->   "%end_colSelection_addr = getelementptr i16 %end_colSelection, i64 0, i64 %zext_ln470" [/home/xiaorang/Documents/ATOMFLOW/sorting-organized-main/src/sortLatticeByRow.cpp:471]   --->   Operation 48 'getelementptr' 'end_colSelection_addr' <Predicate = (and_ln459)> <Delay = 0.00>
ST_2 : Operation 49 [1/1] ( I:0.67ns O:0.67ns )   --->   "%store_ln471 = store i16 %select_ln465, i4 %end_colSelection_addr" [/home/xiaorang/Documents/ATOMFLOW/sorting-organized-main/src/sortLatticeByRow.cpp:471]   --->   Operation 49 'store' 'store_ln471' <Predicate = (and_ln459)> <Delay = 0.67> <CoreInst = "RAM">   --->   Core 82 'RAM' <Latency = 1> <II = 1> <Delay = 0.67> <Storage> <Opcode : 'load' 'store'> <Ports = 2> <Width = 16> <Depth = 16> <RAM>
ST_2 : Operation 50 [1/1] (0.42ns)   --->   "%br_ln459 = br i1 %icmp_ln459_1, void %for.end68.split, void %for.inc66.1" [/home/xiaorang/Documents/ATOMFLOW/sorting-organized-main/src/sortLatticeByRow.cpp:459]   --->   Operation 50 'br' 'br_ln459' <Predicate = (and_ln459)> <Delay = 0.42>
ST_2 : Operation 51 [1/2] ( I:1.23ns O:1.23ns )   --->   "%occupiedIndices_load_1 = load i7 %occupiedIndices_addr_1" [/home/xiaorang/Documents/ATOMFLOW/sorting-organized-main/src/sortLatticeByRow.cpp:465]   --->   Operation 51 'load' 'occupiedIndices_load_1' <Predicate = (and_ln459 & icmp_ln459_1 & trunc_ln434)> <Delay = 1.23> <CoreInst = "RAM">   --->   Core 82 'RAM' <Latency = 1> <II = 1> <Delay = 1.23> <Storage> <Opcode : 'load' 'store'> <Ports = 2> <Width = 16> <Depth = 128> <RAM>
ST_2 : Operation 52 [1/2] ( I:1.23ns O:1.23ns )   --->   "%occupiedIndices_1_load_1 = load i7 %occupiedIndices_1_addr_1" [/home/xiaorang/Documents/ATOMFLOW/sorting-organized-main/src/sortLatticeByRow.cpp:465]   --->   Operation 52 'load' 'occupiedIndices_1_load_1' <Predicate = (and_ln459 & icmp_ln459_1 & !trunc_ln434)> <Delay = 1.23> <CoreInst = "RAM">   --->   Core 82 'RAM' <Latency = 1> <II = 1> <Delay = 1.23> <Storage> <Opcode : 'load' 'store'> <Ports = 2> <Width = 16> <Depth = 128> <RAM>
ST_2 : Operation 53 [1/1] (0.35ns)   --->   "%select_ln465_1 = select i1 %trunc_ln434, i16 %occupiedIndices_load_1, i16 %occupiedIndices_1_load_1" [/home/xiaorang/Documents/ATOMFLOW/sorting-organized-main/src/sortLatticeByRow.cpp:465]   --->   Operation 53 'select' 'select_ln465_1' <Predicate = (and_ln459 & icmp_ln459_1)> <Delay = 0.35> <CoreInst = "Sel">   --->   Core 73 'Sel' <Latency = 0> <II = 1> <Delay = 0.35> <FuncUnit> <Opcode : 'select'> <InPorts = 3> <OutPorts = 1>
ST_2 : Operation 54 [1/1] (0.00ns)   --->   "%zext_ln470_1 = zext i4 %end_colSelectionCount_9" [/home/xiaorang/Documents/ATOMFLOW/sorting-organized-main/src/sortLatticeByRow.cpp:470]   --->   Operation 54 'zext' 'zext_ln470_1' <Predicate = (and_ln459 & icmp_ln459_1)> <Delay = 0.00>
ST_2 : Operation 55 [1/1] (0.00ns)   --->   "%start_colSelection_addr_38 = getelementptr i16 %start_colSelection, i64 0, i64 %zext_ln470_1" [/home/xiaorang/Documents/ATOMFLOW/sorting-organized-main/src/sortLatticeByRow.cpp:470]   --->   Operation 55 'getelementptr' 'start_colSelection_addr_38' <Predicate = (and_ln459 & icmp_ln459_1)> <Delay = 0.00>
ST_2 : Operation 56 [1/1] ( I:0.67ns O:0.67ns )   --->   "%store_ln470 = store i16 %select_ln465_1, i4 %start_colSelection_addr_38" [/home/xiaorang/Documents/ATOMFLOW/sorting-organized-main/src/sortLatticeByRow.cpp:470]   --->   Operation 56 'store' 'store_ln470' <Predicate = (and_ln459 & icmp_ln459_1)> <Delay = 0.67> <CoreInst = "RAM">   --->   Core 82 'RAM' <Latency = 1> <II = 1> <Delay = 0.67> <Storage> <Opcode : 'load' 'store'> <Ports = 2> <Width = 16> <Depth = 16> <RAM>
ST_2 : Operation 57 [1/1] (0.00ns)   --->   "%end_colSelection_addr_38 = getelementptr i16 %end_colSelection, i64 0, i64 %zext_ln470_1" [/home/xiaorang/Documents/ATOMFLOW/sorting-organized-main/src/sortLatticeByRow.cpp:471]   --->   Operation 57 'getelementptr' 'end_colSelection_addr_38' <Predicate = (and_ln459 & icmp_ln459_1)> <Delay = 0.00>
ST_2 : Operation 58 [1/1] ( I:0.67ns O:0.67ns )   --->   "%store_ln471 = store i16 %select_ln465_1, i4 %end_colSelection_addr_38" [/home/xiaorang/Documents/ATOMFLOW/sorting-organized-main/src/sortLatticeByRow.cpp:471]   --->   Operation 58 'store' 'store_ln471' <Predicate = (and_ln459 & icmp_ln459_1)> <Delay = 0.67> <CoreInst = "RAM">   --->   Core 82 'RAM' <Latency = 1> <II = 1> <Delay = 0.67> <Storage> <Opcode : 'load' 'store'> <Ports = 2> <Width = 16> <Depth = 16> <RAM>
ST_2 : Operation 59 [1/1] (0.00ns)   --->   "%br_ln459 = br void %for.cond30.0" [/home/xiaorang/Documents/ATOMFLOW/sorting-organized-main/src/sortLatticeByRow.cpp:459]   --->   Operation 59 'br' 'br_ln459' <Predicate = (and_ln459 & icmp_ln459_1)> <Delay = 0.00>
ST_2 : Operation 60 [1/1] (0.00ns)   --->   "%start_colSelectionCount_0_lcssa_ce = phi i5 %end_colSelectionCount, void %for.cond30.0, i5 %zext_ln470_2, void %for.inc66.0"   --->   Operation 60 'phi' 'start_colSelectionCount_0_lcssa_ce' <Predicate = (!icmp_ln459_1) | (!and_ln459)> <Delay = 0.00>
ST_2 : Operation 61 [1/1] (0.00ns)   --->   "%write_ln470 = write void @_ssdm_op_Write.ap_auto.i5P0A, i5 %start_colSelectionCount_0_lcssa_ce_out, i5 %start_colSelectionCount_0_lcssa_ce" [/home/xiaorang/Documents/ATOMFLOW/sorting-organized-main/src/sortLatticeByRow.cpp:470]   --->   Operation 61 'write' 'write_ln470' <Predicate = (!icmp_ln459_1) | (!and_ln459)> <Delay = 0.00>
ST_2 : Operation 62 [1/1] (0.42ns)   --->   "%ret_ln0 = ret"   --->   Operation 62 'ret' 'ret_ln0' <Predicate = (!icmp_ln459_1) | (!and_ln459)> <Delay = 0.42>


============================================================
+ Verbose Summary: Timing violations
============================================================
Target clock period: 10.000ns, clock uncertainty: 2.700ns.

 <State 1>: 3.173ns
The critical path consists of the following:
	'store' operation 0 bit ('store_ln458', /home/xiaorang/Documents/ATOMFLOW/sorting-organized-main/src/sortLatticeByRow.cpp:458) of constant 0 on local variable 'batchSize', /home/xiaorang/Documents/ATOMFLOW/sorting-organized-main/src/sortLatticeByRow.cpp:458 [12]  (0.427 ns)
	'load' operation 5 bit ('end.colSelectionCount', /home/xiaorang/Documents/ATOMFLOW/sorting-organized-main/src/sortLatticeByRow.cpp:470) on local variable 'batchSize', /home/xiaorang/Documents/ATOMFLOW/sorting-organized-main/src/sortLatticeByRow.cpp:458 [15]  (0.000 ns)
	'add' operation 32 bit ('add_ln459', /home/xiaorang/Documents/ATOMFLOW/sorting-organized-main/src/sortLatticeByRow.cpp:459) [19]  (1.016 ns)
	'icmp' operation 1 bit ('icmp_ln459', /home/xiaorang/Documents/ATOMFLOW/sorting-organized-main/src/sortLatticeByRow.cpp:459) [20]  (1.016 ns)
	'and' operation 1 bit ('and_ln459', /home/xiaorang/Documents/ATOMFLOW/sorting-organized-main/src/sortLatticeByRow.cpp:459) [21]  (0.287 ns)
	multiplexor before 'phi' operation 5 bit ('batchSize') with incoming values : ('end.colSelectionCount', /home/xiaorang/Documents/ATOMFLOW/sorting-organized-main/src/sortLatticeByRow.cpp:470) ('zext_ln470_2', /home/xiaorang/Documents/ATOMFLOW/sorting-organized-main/src/sortLatticeByRow.cpp:470) [63]  (0.427 ns)

 <State 2>: 2.271ns
The critical path consists of the following:
	'load' operation 16 bit ('occupiedIndices_load_1', /home/xiaorang/Documents/ATOMFLOW/sorting-organized-main/src/sortLatticeByRow.cpp:465) on array 'occupiedIndices' [51]  (1.237 ns)
	'select' operation 16 bit ('select_ln465_1', /home/xiaorang/Documents/ATOMFLOW/sorting-organized-main/src/sortLatticeByRow.cpp:465) [53]  (0.357 ns)
	'store' operation 0 bit ('store_ln470', /home/xiaorang/Documents/ATOMFLOW/sorting-organized-main/src/sortLatticeByRow.cpp:470) of variable 'select_ln465_1', /home/xiaorang/Documents/ATOMFLOW/sorting-organized-main/src/sortLatticeByRow.cpp:465 on array 'start_colSelection' [57]  (0.677 ns)


============================================================
+ Verbose Summary: Binding
============================================================
N/A
* FSMD analyzer results:
  - Output states:
 - Input state : 
  - Chain level:
	State 1
	State 2


============================================================
+ Verbose Summary: Datapath Resource usage 
============================================================
N/A
