

================================================================
== Vitis HLS Report for 'dataflow_in_loop_VITIS_LOOP_241_1_1_Block_newFuncRoot_proc'
================================================================
* Date:           Sat Mar 28 14:02:26 2026

* Version:        2024.2 (Build 5238294 on Nov  8 2024)
* Project:        atomflow_controller_2024_2
* Solution:       hls (Vivado IP Flow Target)
* Product family: zynquplusRFSOC
* Target device:  xczu49dr-ffvf1760-2-e


================================================================
== Performance Estimates
================================================================
+ Timing: 
    * Summary: 
    +--------+----------+----------+------------+
    |  Clock |  Target  | Estimated| Uncertainty|
    +--------+----------+----------+------------+
    |ap_clk  |  10.00 ns|  7.057 ns|     2.70 ns|
    +--------+----------+----------+------------+

+ Latency: 
    * Summary: 
    +---------+---------+----------+----------+-----+-----+---------+
    |  Latency (cycles) |  Latency (absolute) |  Interval | Pipeline|
    |   min   |   max   |    min   |    max   | min | max |   Type  |
    +---------+---------+----------+----------+-----+-----+---------+
    |       14|       14|  0.140 us|  0.140 us|   14|   14|       no|
    +---------+---------+----------+----------+-----+-----+---------+

    + Detail: 
        * Instance: 
        N/A

        * Loop: 
        N/A

============================================================
+ Verbose Summary: Synthesis Manager
============================================================
InlineROM: 1
ExposeGlobal: 0
============================================================
+ Verbose Summary: CDFG Model
============================================================
IsTopModel: 0
ResetActiveHigh: 1
IsCombinational: 2
IsDatapathOnly: 0
HasWiredReturn: 1
HasMFsm: 0
HasVarLatency: 1
IsPipeline: 0
IsRtlPipelined: 0
IsInstanceOverlapped: 0
IsDontTouch: 0
HasImplIP: 0
IsGatedGlobalClock: 0


============================================================
+ Verbose Summary: Schedule
============================================================
* Number of FSM states : 15
* Pipeline : 0
* Dataflow Pipeline: 0

* FSM state transitions: 
1 --> 2 
2 --> 3 
3 --> 4 
4 --> 5 
5 --> 6 
6 --> 7 
7 --> 8 
8 --> 9 
9 --> 10 
10 --> 11 
11 --> 12 
12 --> 13 
13 --> 14 
14 --> 15 
15 --> 

* FSM state operations: 

State 1 <SV = 0> <Delay = 2.51>
ST_1 : Operation 16 [1/1] (1.83ns)   --->   "%p_read449 = read i13 @_ssdm_op_Read.ap_auto.i13, i13 %p_read4" [/home/xiaorang/Documents/ATOMFLOW/Image_analysis/src/image_analysis.cpp:275->/home/xiaorang/Documents/ATOMFLOW/Image_analysis/src/image_analysis.cpp:275]   --->   Operation 16 'read' 'p_read449' <Predicate = true> <Delay = 1.83> <CoreInst = "FIFO_SRL">   --->   Core 80 'FIFO_SRL' <Latency = 0> <II = 1> <Delay = 1.83> <Storage> <Opcode : 'read' 'write' 'nbread' 'nbwrite'> <Ports = 0> <Width = -1> <Depth = -1> <FIFO>
ST_1 : Operation 17 [1/1] (1.83ns)   --->   "%p_read348 = read i32 @_ssdm_op_Read.ap_auto.float, i32 %p_read3" [/home/xiaorang/Documents/ATOMFLOW/Image_analysis/src/image_analysis.cpp:275->/home/xiaorang/Documents/ATOMFLOW/Image_analysis/src/image_analysis.cpp:275]   --->   Operation 17 'read' 'p_read348' <Predicate = true> <Delay = 1.83> <CoreInst = "FIFO_SRL">   --->   Core 80 'FIFO_SRL' <Latency = 0> <II = 1> <Delay = 1.83> <Storage> <Opcode : 'read' 'write' 'nbread' 'nbwrite'> <Ports = 0> <Width = -1> <Depth = -1> <FIFO>
ST_1 : Operation 18 [1/1] (1.83ns)   --->   "%p_read247 = read i32 @_ssdm_op_Read.ap_auto.float, i32 %p_read2" [/home/xiaorang/Documents/ATOMFLOW/Image_analysis/src/image_analysis.cpp:275->/home/xiaorang/Documents/ATOMFLOW/Image_analysis/src/image_analysis.cpp:275]   --->   Operation 18 'read' 'p_read247' <Predicate = true> <Delay = 1.83> <CoreInst = "FIFO_SRL">   --->   Core 80 'FIFO_SRL' <Latency = 0> <II = 1> <Delay = 1.83> <Storage> <Opcode : 'read' 'write' 'nbread' 'nbwrite'> <Ports = 0> <Width = -1> <Depth = -1> <FIFO>
ST_1 : Operation 19 [1/1] (1.83ns)   --->   "%p_read146 = read i32 @_ssdm_op_Read.ap_auto.float, i32 %p_read1" [/home/xiaorang/Documents/ATOMFLOW/Image_analysis/src/image_analysis.cpp:275->/home/xiaorang/Documents/ATOMFLOW/Image_analysis/src/image_analysis.cpp:275]   --->   Operation 19 'read' 'p_read146' <Predicate = true> <Delay = 1.83> <CoreInst = "FIFO_SRL">   --->   Core 80 'FIFO_SRL' <Latency = 0> <II = 1> <Delay = 1.83> <Storage> <Opcode : 'read' 'write' 'nbread' 'nbwrite'> <Ports = 0> <Width = -1> <Depth = -1> <FIFO>
ST_1 : Operation 20 [1/1] (1.83ns)   --->   "%p_read45 = read i3 @_ssdm_op_Read.ap_auto.i3, i3 %p_read" [/home/xiaorang/Documents/ATOMFLOW/Image_analysis/src/image_analysis.cpp:275->/home/xiaorang/Documents/ATOMFLOW/Image_analysis/src/image_analysis.cpp:275]   --->   Operation 20 'read' 'p_read45' <Predicate = true> <Delay = 1.83> <CoreInst = "FIFO_SRL">   --->   Core 80 'FIFO_SRL' <Latency = 0> <II = 1> <Delay = 1.83> <Storage> <Opcode : 'read' 'write' 'nbread' 'nbwrite'> <Ports = 0> <Width = -1> <Depth = -1> <FIFO>
ST_1 : Operation 21 [1/1] (0.00ns)   --->   "%zext_ln275 = zext i13 %p_read449" [/home/xiaorang/Documents/ATOMFLOW/Image_analysis/src/image_analysis.cpp:275->/home/xiaorang/Documents/ATOMFLOW/Image_analysis/src/image_analysis.cpp:275]   --->   Operation 21 'zext' 'zext_ln275' <Predicate = true> <Delay = 0.00>
ST_1 : Operation 22 [1/1] (0.00ns)   --->   "%emissions_7_addr = getelementptr i32 %emissions_7, i64 0, i64 %zext_ln275" [/home/xiaorang/Documents/ATOMFLOW/Image_analysis/src/image_analysis.cpp:275->/home/xiaorang/Documents/ATOMFLOW/Image_analysis/src/image_analysis.cpp:275]   --->   Operation 22 'getelementptr' 'emissions_7_addr' <Predicate = true> <Delay = 0.00>
ST_1 : Operation 23 [1/1] (0.00ns)   --->   "%emissions_0_addr = getelementptr i32 %emissions_0, i64 0, i64 %zext_ln275" [/home/xiaorang/Documents/ATOMFLOW/Image_analysis/src/image_analysis.cpp:275->/home/xiaorang/Documents/ATOMFLOW/Image_analysis/src/image_analysis.cpp:275]   --->   Operation 23 'getelementptr' 'emissions_0_addr' <Predicate = true> <Delay = 0.00>
ST_1 : Operation 24 [1/1] (0.00ns)   --->   "%emissions_1_addr = getelementptr i32 %emissions_1, i64 0, i64 %zext_ln275" [/home/xiaorang/Documents/ATOMFLOW/Image_analysis/src/image_analysis.cpp:275->/home/xiaorang/Documents/ATOMFLOW/Image_analysis/src/image_analysis.cpp:275]   --->   Operation 24 'getelementptr' 'emissions_1_addr' <Predicate = true> <Delay = 0.00>
ST_1 : Operation 25 [1/1] (0.00ns)   --->   "%emissions_2_addr = getelementptr i32 %emissions_2, i64 0, i64 %zext_ln275" [/home/xiaorang/Documents/ATOMFLOW/Image_analysis/src/image_analysis.cpp:275->/home/xiaorang/Documents/ATOMFLOW/Image_analysis/src/image_analysis.cpp:275]   --->   Operation 25 'getelementptr' 'emissions_2_addr' <Predicate = true> <Delay = 0.00>
ST_1 : Operation 26 [1/1] (0.00ns)   --->   "%emissions_3_addr = getelementptr i32 %emissions_3, i64 0, i64 %zext_ln275" [/home/xiaorang/Documents/ATOMFLOW/Image_analysis/src/image_analysis.cpp:275->/home/xiaorang/Documents/ATOMFLOW/Image_analysis/src/image_analysis.cpp:275]   --->   Operation 26 'getelementptr' 'emissions_3_addr' <Predicate = true> <Delay = 0.00>
ST_1 : Operation 27 [1/1] (0.00ns)   --->   "%emissions_4_addr = getelementptr i32 %emissions_4, i64 0, i64 %zext_ln275" [/home/xiaorang/Documents/ATOMFLOW/Image_analysis/src/image_analysis.cpp:275->/home/xiaorang/Documents/ATOMFLOW/Image_analysis/src/image_analysis.cpp:275]   --->   Operation 27 'getelementptr' 'emissions_4_addr' <Predicate = true> <Delay = 0.00>
ST_1 : Operation 28 [1/1] (0.00ns)   --->   "%emissions_5_addr = getelementptr i32 %emissions_5, i64 0, i64 %zext_ln275" [/home/xiaorang/Documents/ATOMFLOW/Image_analysis/src/image_analysis.cpp:275->/home/xiaorang/Documents/ATOMFLOW/Image_analysis/src/image_analysis.cpp:275]   --->   Operation 28 'getelementptr' 'emissions_5_addr' <Predicate = true> <Delay = 0.00>
ST_1 : Operation 29 [1/1] (0.00ns)   --->   "%emissions_6_addr = getelementptr i32 %emissions_6, i64 0, i64 %zext_ln275" [/home/xiaorang/Documents/ATOMFLOW/Image_analysis/src/image_analysis.cpp:275->/home/xiaorang/Documents/ATOMFLOW/Image_analysis/src/image_analysis.cpp:275]   --->   Operation 29 'getelementptr' 'emissions_6_addr' <Predicate = true> <Delay = 0.00>
ST_1 : Operation 30 [1/1] (0.67ns)   --->   "%switch_ln275 = switch i3 %p_read45, void %arrayidx1.case.7.i, i3 0, void %arrayidx1.case.0.i, i3 1, void %arrayidx1.case.1.i, i3 2, void %arrayidx1.case.2.i, i3 3, void %arrayidx1.case.3.i, i3 4, void %arrayidx1.case.4.i, i3 5, void %arrayidx1.case.5.i, i3 6, void %arrayidx1.case.6.i" [/home/xiaorang/Documents/ATOMFLOW/Image_analysis/src/image_analysis.cpp:275->/home/xiaorang/Documents/ATOMFLOW/Image_analysis/src/image_analysis.cpp:275]   --->   Operation 30 'switch' 'switch_ln275' <Predicate = true> <Delay = 0.67>

State 2 <SV = 1> <Delay = 7.05>
ST_2 : Operation 31 [13/13] (7.05ns)   --->   "%call_ret7_i = call i32 @post_process, i32 %p_read146, i32 %p_read247, i32 %p_read348" [/home/xiaorang/Documents/ATOMFLOW/Image_analysis/src/image_analysis.cpp:275->/home/xiaorang/Documents/ATOMFLOW/Image_analysis/src/image_analysis.cpp:275]   --->   Operation 31 'call' 'call_ret7_i' <Predicate = (p_read45 == 6)> <Delay = 7.05> <CoreType = "Generic">   --->   Generic Core
ST_2 : Operation 32 [13/13] (7.05ns)   --->   "%call_ret6_i = call i32 @post_process, i32 %p_read146, i32 %p_read247, i32 %p_read348" [/home/xiaorang/Documents/ATOMFLOW/Image_analysis/src/image_analysis.cpp:275->/home/xiaorang/Documents/ATOMFLOW/Image_analysis/src/image_analysis.cpp:275]   --->   Operation 32 'call' 'call_ret6_i' <Predicate = (p_read45 == 5)> <Delay = 7.05> <CoreType = "Generic">   --->   Generic Core
ST_2 : Operation 33 [13/13] (7.05ns)   --->   "%call_ret5_i = call i32 @post_process, i32 %p_read146, i32 %p_read247, i32 %p_read348" [/home/xiaorang/Documents/ATOMFLOW/Image_analysis/src/image_analysis.cpp:275->/home/xiaorang/Documents/ATOMFLOW/Image_analysis/src/image_analysis.cpp:275]   --->   Operation 33 'call' 'call_ret5_i' <Predicate = (p_read45 == 4)> <Delay = 7.05> <CoreType = "Generic">   --->   Generic Core
ST_2 : Operation 34 [13/13] (7.05ns)   --->   "%call_ret4_i = call i32 @post_process, i32 %p_read146, i32 %p_read247, i32 %p_read348" [/home/xiaorang/Documents/ATOMFLOW/Image_analysis/src/image_analysis.cpp:275->/home/xiaorang/Documents/ATOMFLOW/Image_analysis/src/image_analysis.cpp:275]   --->   Operation 34 'call' 'call_ret4_i' <Predicate = (p_read45 == 3)> <Delay = 7.05> <CoreType = "Generic">   --->   Generic Core
ST_2 : Operation 35 [13/13] (7.05ns)   --->   "%call_ret3_i = call i32 @post_process, i32 %p_read146, i32 %p_read247, i32 %p_read348" [/home/xiaorang/Documents/ATOMFLOW/Image_analysis/src/image_analysis.cpp:275->/home/xiaorang/Documents/ATOMFLOW/Image_analysis/src/image_analysis.cpp:275]   --->   Operation 35 'call' 'call_ret3_i' <Predicate = (p_read45 == 2)> <Delay = 7.05> <CoreType = "Generic">   --->   Generic Core
ST_2 : Operation 36 [13/13] (7.05ns)   --->   "%call_ret2_i = call i32 @post_process, i32 %p_read146, i32 %p_read247, i32 %p_read348" [/home/xiaorang/Documents/ATOMFLOW/Image_analysis/src/image_analysis.cpp:275->/home/xiaorang/Documents/ATOMFLOW/Image_analysis/src/image_analysis.cpp:275]   --->   Operation 36 'call' 'call_ret2_i' <Predicate = (p_read45 == 1)> <Delay = 7.05> <CoreType = "Generic">   --->   Generic Core
ST_2 : Operation 37 [13/13] (7.05ns)   --->   "%call_ret1_i = call i32 @post_process, i32 %p_read146, i32 %p_read247, i32 %p_read348" [/home/xiaorang/Documents/ATOMFLOW/Image_analysis/src/image_analysis.cpp:275->/home/xiaorang/Documents/ATOMFLOW/Image_analysis/src/image_analysis.cpp:275]   --->   Operation 37 'call' 'call_ret1_i' <Predicate = (p_read45 == 0)> <Delay = 7.05> <CoreType = "Generic">   --->   Generic Core
ST_2 : Operation 38 [13/13] (7.05ns)   --->   "%call_ret_i = call i32 @post_process, i32 %p_read146, i32 %p_read247, i32 %p_read348" [/home/xiaorang/Documents/ATOMFLOW/Image_analysis/src/image_analysis.cpp:275->/home/xiaorang/Documents/ATOMFLOW/Image_analysis/src/image_analysis.cpp:275]   --->   Operation 38 'call' 'call_ret_i' <Predicate = (p_read45 == 7)> <Delay = 7.05> <CoreType = "Generic">   --->   Generic Core

State 3 <SV = 2> <Delay = 7.05>
ST_3 : Operation 39 [12/13] (7.05ns)   --->   "%call_ret7_i = call i32 @post_process, i32 %p_read146, i32 %p_read247, i32 %p_read348" [/home/xiaorang/Documents/ATOMFLOW/Image_analysis/src/image_analysis.cpp:275->/home/xiaorang/Documents/ATOMFLOW/Image_analysis/src/image_analysis.cpp:275]   --->   Operation 39 'call' 'call_ret7_i' <Predicate = (p_read45 == 6)> <Delay = 7.05> <CoreType = "Generic">   --->   Generic Core
ST_3 : Operation 40 [12/13] (7.05ns)   --->   "%call_ret6_i = call i32 @post_process, i32 %p_read146, i32 %p_read247, i32 %p_read348" [/home/xiaorang/Documents/ATOMFLOW/Image_analysis/src/image_analysis.cpp:275->/home/xiaorang/Documents/ATOMFLOW/Image_analysis/src/image_analysis.cpp:275]   --->   Operation 40 'call' 'call_ret6_i' <Predicate = (p_read45 == 5)> <Delay = 7.05> <CoreType = "Generic">   --->   Generic Core
ST_3 : Operation 41 [12/13] (7.05ns)   --->   "%call_ret5_i = call i32 @post_process, i32 %p_read146, i32 %p_read247, i32 %p_read348" [/home/xiaorang/Documents/ATOMFLOW/Image_analysis/src/image_analysis.cpp:275->/home/xiaorang/Documents/ATOMFLOW/Image_analysis/src/image_analysis.cpp:275]   --->   Operation 41 'call' 'call_ret5_i' <Predicate = (p_read45 == 4)> <Delay = 7.05> <CoreType = "Generic">   --->   Generic Core
ST_3 : Operation 42 [12/13] (7.05ns)   --->   "%call_ret4_i = call i32 @post_process, i32 %p_read146, i32 %p_read247, i32 %p_read348" [/home/xiaorang/Documents/ATOMFLOW/Image_analysis/src/image_analysis.cpp:275->/home/xiaorang/Documents/ATOMFLOW/Image_analysis/src/image_analysis.cpp:275]   --->   Operation 42 'call' 'call_ret4_i' <Predicate = (p_read45 == 3)> <Delay = 7.05> <CoreType = "Generic">   --->   Generic Core
ST_3 : Operation 43 [12/13] (7.05ns)   --->   "%call_ret3_i = call i32 @post_process, i32 %p_read146, i32 %p_read247, i32 %p_read348" [/home/xiaorang/Documents/ATOMFLOW/Image_analysis/src/image_analysis.cpp:275->/home/xiaorang/Documents/ATOMFLOW/Image_analysis/src/image_analysis.cpp:275]   --->   Operation 43 'call' 'call_ret3_i' <Predicate = (p_read45 == 2)> <Delay = 7.05> <CoreType = "Generic">   --->   Generic Core
ST_3 : Operation 44 [12/13] (7.05ns)   --->   "%call_ret2_i = call i32 @post_process, i32 %p_read146, i32 %p_read247, i32 %p_read348" [/home/xiaorang/Documents/ATOMFLOW/Image_analysis/src/image_analysis.cpp:275->/home/xiaorang/Documents/ATOMFLOW/Image_analysis/src/image_analysis.cpp:275]   --->   Operation 44 'call' 'call_ret2_i' <Predicate = (p_read45 == 1)> <Delay = 7.05> <CoreType = "Generic">   --->   Generic Core
ST_3 : Operation 45 [12/13] (7.05ns)   --->   "%call_ret1_i = call i32 @post_process, i32 %p_read146, i32 %p_read247, i32 %p_read348" [/home/xiaorang/Documents/ATOMFLOW/Image_analysis/src/image_analysis.cpp:275->/home/xiaorang/Documents/ATOMFLOW/Image_analysis/src/image_analysis.cpp:275]   --->   Operation 45 'call' 'call_ret1_i' <Predicate = (p_read45 == 0)> <Delay = 7.05> <CoreType = "Generic">   --->   Generic Core
ST_3 : Operation 46 [12/13] (7.05ns)   --->   "%call_ret_i = call i32 @post_process, i32 %p_read146, i32 %p_read247, i32 %p_read348" [/home/xiaorang/Documents/ATOMFLOW/Image_analysis/src/image_analysis.cpp:275->/home/xiaorang/Documents/ATOMFLOW/Image_analysis/src/image_analysis.cpp:275]   --->   Operation 46 'call' 'call_ret_i' <Predicate = (p_read45 == 7)> <Delay = 7.05> <CoreType = "Generic">   --->   Generic Core

State 4 <SV = 3> <Delay = 7.05>
ST_4 : Operation 47 [11/13] (7.05ns)   --->   "%call_ret7_i = call i32 @post_process, i32 %p_read146, i32 %p_read247, i32 %p_read348" [/home/xiaorang/Documents/ATOMFLOW/Image_analysis/src/image_analysis.cpp:275->/home/xiaorang/Documents/ATOMFLOW/Image_analysis/src/image_analysis.cpp:275]   --->   Operation 47 'call' 'call_ret7_i' <Predicate = (p_read45 == 6)> <Delay = 7.05> <CoreType = "Generic">   --->   Generic Core
ST_4 : Operation 48 [11/13] (7.05ns)   --->   "%call_ret6_i = call i32 @post_process, i32 %p_read146, i32 %p_read247, i32 %p_read348" [/home/xiaorang/Documents/ATOMFLOW/Image_analysis/src/image_analysis.cpp:275->/home/xiaorang/Documents/ATOMFLOW/Image_analysis/src/image_analysis.cpp:275]   --->   Operation 48 'call' 'call_ret6_i' <Predicate = (p_read45 == 5)> <Delay = 7.05> <CoreType = "Generic">   --->   Generic Core
ST_4 : Operation 49 [11/13] (7.05ns)   --->   "%call_ret5_i = call i32 @post_process, i32 %p_read146, i32 %p_read247, i32 %p_read348" [/home/xiaorang/Documents/ATOMFLOW/Image_analysis/src/image_analysis.cpp:275->/home/xiaorang/Documents/ATOMFLOW/Image_analysis/src/image_analysis.cpp:275]   --->   Operation 49 'call' 'call_ret5_i' <Predicate = (p_read45 == 4)> <Delay = 7.05> <CoreType = "Generic">   --->   Generic Core
ST_4 : Operation 50 [11/13] (7.05ns)   --->   "%call_ret4_i = call i32 @post_process, i32 %p_read146, i32 %p_read247, i32 %p_read348" [/home/xiaorang/Documents/ATOMFLOW/Image_analysis/src/image_analysis.cpp:275->/home/xiaorang/Documents/ATOMFLOW/Image_analysis/src/image_analysis.cpp:275]   --->   Operation 50 'call' 'call_ret4_i' <Predicate = (p_read45 == 3)> <Delay = 7.05> <CoreType = "Generic">   --->   Generic Core
ST_4 : Operation 51 [11/13] (7.05ns)   --->   "%call_ret3_i = call i32 @post_process, i32 %p_read146, i32 %p_read247, i32 %p_read348" [/home/xiaorang/Documents/ATOMFLOW/Image_analysis/src/image_analysis.cpp:275->/home/xiaorang/Documents/ATOMFLOW/Image_analysis/src/image_analysis.cpp:275]   --->   Operation 51 'call' 'call_ret3_i' <Predicate = (p_read45 == 2)> <Delay = 7.05> <CoreType = "Generic">   --->   Generic Core
ST_4 : Operation 52 [11/13] (7.05ns)   --->   "%call_ret2_i = call i32 @post_process, i32 %p_read146, i32 %p_read247, i32 %p_read348" [/home/xiaorang/Documents/ATOMFLOW/Image_analysis/src/image_analysis.cpp:275->/home/xiaorang/Documents/ATOMFLOW/Image_analysis/src/image_analysis.cpp:275]   --->   Operation 52 'call' 'call_ret2_i' <Predicate = (p_read45 == 1)> <Delay = 7.05> <CoreType = "Generic">   --->   Generic Core
ST_4 : Operation 53 [11/13] (7.05ns)   --->   "%call_ret1_i = call i32 @post_process, i32 %p_read146, i32 %p_read247, i32 %p_read348" [/home/xiaorang/Documents/ATOMFLOW/Image_analysis/src/image_analysis.cpp:275->/home/xiaorang/Documents/ATOMFLOW/Image_analysis/src/image_analysis.cpp:275]   --->   Operation 53 'call' 'call_ret1_i' <Predicate = (p_read45 == 0)> <Delay = 7.05> <CoreType = "Generic">   --->   Generic Core
ST_4 : Operation 54 [11/13] (7.05ns)   --->   "%call_ret_i = call i32 @post_process, i32 %p_read146, i32 %p_read247, i32 %p_read348" [/home/xiaorang/Documents/ATOMFLOW/Image_analysis/src/image_analysis.cpp:275->/home/xiaorang/Documents/ATOMFLOW/Image_analysis/src/image_analysis.cpp:275]   --->   Operation 54 'call' 'call_ret_i' <Predicate = (p_read45 == 7)> <Delay = 7.05> <CoreType = "Generic">   --->   Generic Core

State 5 <SV = 4> <Delay = 7.05>
ST_5 : Operation 55 [10/13] (7.05ns)   --->   "%call_ret7_i = call i32 @post_process, i32 %p_read146, i32 %p_read247, i32 %p_read348" [/home/xiaorang/Documents/ATOMFLOW/Image_analysis/src/image_analysis.cpp:275->/home/xiaorang/Documents/ATOMFLOW/Image_analysis/src/image_analysis.cpp:275]   --->   Operation 55 'call' 'call_ret7_i' <Predicate = (p_read45 == 6)> <Delay = 7.05> <CoreType = "Generic">   --->   Generic Core
ST_5 : Operation 56 [10/13] (7.05ns)   --->   "%call_ret6_i = call i32 @post_process, i32 %p_read146, i32 %p_read247, i32 %p_read348" [/home/xiaorang/Documents/ATOMFLOW/Image_analysis/src/image_analysis.cpp:275->/home/xiaorang/Documents/ATOMFLOW/Image_analysis/src/image_analysis.cpp:275]   --->   Operation 56 'call' 'call_ret6_i' <Predicate = (p_read45 == 5)> <Delay = 7.05> <CoreType = "Generic">   --->   Generic Core
ST_5 : Operation 57 [10/13] (7.05ns)   --->   "%call_ret5_i = call i32 @post_process, i32 %p_read146, i32 %p_read247, i32 %p_read348" [/home/xiaorang/Documents/ATOMFLOW/Image_analysis/src/image_analysis.cpp:275->/home/xiaorang/Documents/ATOMFLOW/Image_analysis/src/image_analysis.cpp:275]   --->   Operation 57 'call' 'call_ret5_i' <Predicate = (p_read45 == 4)> <Delay = 7.05> <CoreType = "Generic">   --->   Generic Core
ST_5 : Operation 58 [10/13] (7.05ns)   --->   "%call_ret4_i = call i32 @post_process, i32 %p_read146, i32 %p_read247, i32 %p_read348" [/home/xiaorang/Documents/ATOMFLOW/Image_analysis/src/image_analysis.cpp:275->/home/xiaorang/Documents/ATOMFLOW/Image_analysis/src/image_analysis.cpp:275]   --->   Operation 58 'call' 'call_ret4_i' <Predicate = (p_read45 == 3)> <Delay = 7.05> <CoreType = "Generic">   --->   Generic Core
ST_5 : Operation 59 [10/13] (7.05ns)   --->   "%call_ret3_i = call i32 @post_process, i32 %p_read146, i32 %p_read247, i32 %p_read348" [/home/xiaorang/Documents/ATOMFLOW/Image_analysis/src/image_analysis.cpp:275->/home/xiaorang/Documents/ATOMFLOW/Image_analysis/src/image_analysis.cpp:275]   --->   Operation 59 'call' 'call_ret3_i' <Predicate = (p_read45 == 2)> <Delay = 7.05> <CoreType = "Generic">   --->   Generic Core
ST_5 : Operation 60 [10/13] (7.05ns)   --->   "%call_ret2_i = call i32 @post_process, i32 %p_read146, i32 %p_read247, i32 %p_read348" [/home/xiaorang/Documents/ATOMFLOW/Image_analysis/src/image_analysis.cpp:275->/home/xiaorang/Documents/ATOMFLOW/Image_analysis/src/image_analysis.cpp:275]   --->   Operation 60 'call' 'call_ret2_i' <Predicate = (p_read45 == 1)> <Delay = 7.05> <CoreType = "Generic">   --->   Generic Core
ST_5 : Operation 61 [10/13] (7.05ns)   --->   "%call_ret1_i = call i32 @post_process, i32 %p_read146, i32 %p_read247, i32 %p_read348" [/home/xiaorang/Documents/ATOMFLOW/Image_analysis/src/image_analysis.cpp:275->/home/xiaorang/Documents/ATOMFLOW/Image_analysis/src/image_analysis.cpp:275]   --->   Operation 61 'call' 'call_ret1_i' <Predicate = (p_read45 == 0)> <Delay = 7.05> <CoreType = "Generic">   --->   Generic Core
ST_5 : Operation 62 [10/13] (7.05ns)   --->   "%call_ret_i = call i32 @post_process, i32 %p_read146, i32 %p_read247, i32 %p_read348" [/home/xiaorang/Documents/ATOMFLOW/Image_analysis/src/image_analysis.cpp:275->/home/xiaorang/Documents/ATOMFLOW/Image_analysis/src/image_analysis.cpp:275]   --->   Operation 62 'call' 'call_ret_i' <Predicate = (p_read45 == 7)> <Delay = 7.05> <CoreType = "Generic">   --->   Generic Core

State 6 <SV = 5> <Delay = 7.05>
ST_6 : Operation 63 [9/13] (7.05ns)   --->   "%call_ret7_i = call i32 @post_process, i32 %p_read146, i32 %p_read247, i32 %p_read348" [/home/xiaorang/Documents/ATOMFLOW/Image_analysis/src/image_analysis.cpp:275->/home/xiaorang/Documents/ATOMFLOW/Image_analysis/src/image_analysis.cpp:275]   --->   Operation 63 'call' 'call_ret7_i' <Predicate = (p_read45 == 6)> <Delay = 7.05> <CoreType = "Generic">   --->   Generic Core
ST_6 : Operation 64 [9/13] (7.05ns)   --->   "%call_ret6_i = call i32 @post_process, i32 %p_read146, i32 %p_read247, i32 %p_read348" [/home/xiaorang/Documents/ATOMFLOW/Image_analysis/src/image_analysis.cpp:275->/home/xiaorang/Documents/ATOMFLOW/Image_analysis/src/image_analysis.cpp:275]   --->   Operation 64 'call' 'call_ret6_i' <Predicate = (p_read45 == 5)> <Delay = 7.05> <CoreType = "Generic">   --->   Generic Core
ST_6 : Operation 65 [9/13] (7.05ns)   --->   "%call_ret5_i = call i32 @post_process, i32 %p_read146, i32 %p_read247, i32 %p_read348" [/home/xiaorang/Documents/ATOMFLOW/Image_analysis/src/image_analysis.cpp:275->/home/xiaorang/Documents/ATOMFLOW/Image_analysis/src/image_analysis.cpp:275]   --->   Operation 65 'call' 'call_ret5_i' <Predicate = (p_read45 == 4)> <Delay = 7.05> <CoreType = "Generic">   --->   Generic Core
ST_6 : Operation 66 [9/13] (7.05ns)   --->   "%call_ret4_i = call i32 @post_process, i32 %p_read146, i32 %p_read247, i32 %p_read348" [/home/xiaorang/Documents/ATOMFLOW/Image_analysis/src/image_analysis.cpp:275->/home/xiaorang/Documents/ATOMFLOW/Image_analysis/src/image_analysis.cpp:275]   --->   Operation 66 'call' 'call_ret4_i' <Predicate = (p_read45 == 3)> <Delay = 7.05> <CoreType = "Generic">   --->   Generic Core
ST_6 : Operation 67 [9/13] (7.05ns)   --->   "%call_ret3_i = call i32 @post_process, i32 %p_read146, i32 %p_read247, i32 %p_read348" [/home/xiaorang/Documents/ATOMFLOW/Image_analysis/src/image_analysis.cpp:275->/home/xiaorang/Documents/ATOMFLOW/Image_analysis/src/image_analysis.cpp:275]   --->   Operation 67 'call' 'call_ret3_i' <Predicate = (p_read45 == 2)> <Delay = 7.05> <CoreType = "Generic">   --->   Generic Core
ST_6 : Operation 68 [9/13] (7.05ns)   --->   "%call_ret2_i = call i32 @post_process, i32 %p_read146, i32 %p_read247, i32 %p_read348" [/home/xiaorang/Documents/ATOMFLOW/Image_analysis/src/image_analysis.cpp:275->/home/xiaorang/Documents/ATOMFLOW/Image_analysis/src/image_analysis.cpp:275]   --->   Operation 68 'call' 'call_ret2_i' <Predicate = (p_read45 == 1)> <Delay = 7.05> <CoreType = "Generic">   --->   Generic Core
ST_6 : Operation 69 [9/13] (7.05ns)   --->   "%call_ret1_i = call i32 @post_process, i32 %p_read146, i32 %p_read247, i32 %p_read348" [/home/xiaorang/Documents/ATOMFLOW/Image_analysis/src/image_analysis.cpp:275->/home/xiaorang/Documents/ATOMFLOW/Image_analysis/src/image_analysis.cpp:275]   --->   Operation 69 'call' 'call_ret1_i' <Predicate = (p_read45 == 0)> <Delay = 7.05> <CoreType = "Generic">   --->   Generic Core
ST_6 : Operation 70 [9/13] (7.05ns)   --->   "%call_ret_i = call i32 @post_process, i32 %p_read146, i32 %p_read247, i32 %p_read348" [/home/xiaorang/Documents/ATOMFLOW/Image_analysis/src/image_analysis.cpp:275->/home/xiaorang/Documents/ATOMFLOW/Image_analysis/src/image_analysis.cpp:275]   --->   Operation 70 'call' 'call_ret_i' <Predicate = (p_read45 == 7)> <Delay = 7.05> <CoreType = "Generic">   --->   Generic Core

State 7 <SV = 6> <Delay = 7.05>
ST_7 : Operation 71 [8/13] (7.05ns)   --->   "%call_ret7_i = call i32 @post_process, i32 %p_read146, i32 %p_read247, i32 %p_read348" [/home/xiaorang/Documents/ATOMFLOW/Image_analysis/src/image_analysis.cpp:275->/home/xiaorang/Documents/ATOMFLOW/Image_analysis/src/image_analysis.cpp:275]   --->   Operation 71 'call' 'call_ret7_i' <Predicate = (p_read45 == 6)> <Delay = 7.05> <CoreType = "Generic">   --->   Generic Core
ST_7 : Operation 72 [8/13] (7.05ns)   --->   "%call_ret6_i = call i32 @post_process, i32 %p_read146, i32 %p_read247, i32 %p_read348" [/home/xiaorang/Documents/ATOMFLOW/Image_analysis/src/image_analysis.cpp:275->/home/xiaorang/Documents/ATOMFLOW/Image_analysis/src/image_analysis.cpp:275]   --->   Operation 72 'call' 'call_ret6_i' <Predicate = (p_read45 == 5)> <Delay = 7.05> <CoreType = "Generic">   --->   Generic Core
ST_7 : Operation 73 [8/13] (7.05ns)   --->   "%call_ret5_i = call i32 @post_process, i32 %p_read146, i32 %p_read247, i32 %p_read348" [/home/xiaorang/Documents/ATOMFLOW/Image_analysis/src/image_analysis.cpp:275->/home/xiaorang/Documents/ATOMFLOW/Image_analysis/src/image_analysis.cpp:275]   --->   Operation 73 'call' 'call_ret5_i' <Predicate = (p_read45 == 4)> <Delay = 7.05> <CoreType = "Generic">   --->   Generic Core
ST_7 : Operation 74 [8/13] (7.05ns)   --->   "%call_ret4_i = call i32 @post_process, i32 %p_read146, i32 %p_read247, i32 %p_read348" [/home/xiaorang/Documents/ATOMFLOW/Image_analysis/src/image_analysis.cpp:275->/home/xiaorang/Documents/ATOMFLOW/Image_analysis/src/image_analysis.cpp:275]   --->   Operation 74 'call' 'call_ret4_i' <Predicate = (p_read45 == 3)> <Delay = 7.05> <CoreType = "Generic">   --->   Generic Core
ST_7 : Operation 75 [8/13] (7.05ns)   --->   "%call_ret3_i = call i32 @post_process, i32 %p_read146, i32 %p_read247, i32 %p_read348" [/home/xiaorang/Documents/ATOMFLOW/Image_analysis/src/image_analysis.cpp:275->/home/xiaorang/Documents/ATOMFLOW/Image_analysis/src/image_analysis.cpp:275]   --->   Operation 75 'call' 'call_ret3_i' <Predicate = (p_read45 == 2)> <Delay = 7.05> <CoreType = "Generic">   --->   Generic Core
ST_7 : Operation 76 [8/13] (7.05ns)   --->   "%call_ret2_i = call i32 @post_process, i32 %p_read146, i32 %p_read247, i32 %p_read348" [/home/xiaorang/Documents/ATOMFLOW/Image_analysis/src/image_analysis.cpp:275->/home/xiaorang/Documents/ATOMFLOW/Image_analysis/src/image_analysis.cpp:275]   --->   Operation 76 'call' 'call_ret2_i' <Predicate = (p_read45 == 1)> <Delay = 7.05> <CoreType = "Generic">   --->   Generic Core
ST_7 : Operation 77 [8/13] (7.05ns)   --->   "%call_ret1_i = call i32 @post_process, i32 %p_read146, i32 %p_read247, i32 %p_read348" [/home/xiaorang/Documents/ATOMFLOW/Image_analysis/src/image_analysis.cpp:275->/home/xiaorang/Documents/ATOMFLOW/Image_analysis/src/image_analysis.cpp:275]   --->   Operation 77 'call' 'call_ret1_i' <Predicate = (p_read45 == 0)> <Delay = 7.05> <CoreType = "Generic">   --->   Generic Core
ST_7 : Operation 78 [8/13] (7.05ns)   --->   "%call_ret_i = call i32 @post_process, i32 %p_read146, i32 %p_read247, i32 %p_read348" [/home/xiaorang/Documents/ATOMFLOW/Image_analysis/src/image_analysis.cpp:275->/home/xiaorang/Documents/ATOMFLOW/Image_analysis/src/image_analysis.cpp:275]   --->   Operation 78 'call' 'call_ret_i' <Predicate = (p_read45 == 7)> <Delay = 7.05> <CoreType = "Generic">   --->   Generic Core

State 8 <SV = 7> <Delay = 7.05>
ST_8 : Operation 79 [7/13] (7.05ns)   --->   "%call_ret7_i = call i32 @post_process, i32 %p_read146, i32 %p_read247, i32 %p_read348" [/home/xiaorang/Documents/ATOMFLOW/Image_analysis/src/image_analysis.cpp:275->/home/xiaorang/Documents/ATOMFLOW/Image_analysis/src/image_analysis.cpp:275]   --->   Operation 79 'call' 'call_ret7_i' <Predicate = (p_read45 == 6)> <Delay = 7.05> <CoreType = "Generic">   --->   Generic Core
ST_8 : Operation 80 [7/13] (7.05ns)   --->   "%call_ret6_i = call i32 @post_process, i32 %p_read146, i32 %p_read247, i32 %p_read348" [/home/xiaorang/Documents/ATOMFLOW/Image_analysis/src/image_analysis.cpp:275->/home/xiaorang/Documents/ATOMFLOW/Image_analysis/src/image_analysis.cpp:275]   --->   Operation 80 'call' 'call_ret6_i' <Predicate = (p_read45 == 5)> <Delay = 7.05> <CoreType = "Generic">   --->   Generic Core
ST_8 : Operation 81 [7/13] (7.05ns)   --->   "%call_ret5_i = call i32 @post_process, i32 %p_read146, i32 %p_read247, i32 %p_read348" [/home/xiaorang/Documents/ATOMFLOW/Image_analysis/src/image_analysis.cpp:275->/home/xiaorang/Documents/ATOMFLOW/Image_analysis/src/image_analysis.cpp:275]   --->   Operation 81 'call' 'call_ret5_i' <Predicate = (p_read45 == 4)> <Delay = 7.05> <CoreType = "Generic">   --->   Generic Core
ST_8 : Operation 82 [7/13] (7.05ns)   --->   "%call_ret4_i = call i32 @post_process, i32 %p_read146, i32 %p_read247, i32 %p_read348" [/home/xiaorang/Documents/ATOMFLOW/Image_analysis/src/image_analysis.cpp:275->/home/xiaorang/Documents/ATOMFLOW/Image_analysis/src/image_analysis.cpp:275]   --->   Operation 82 'call' 'call_ret4_i' <Predicate = (p_read45 == 3)> <Delay = 7.05> <CoreType = "Generic">   --->   Generic Core
ST_8 : Operation 83 [7/13] (7.05ns)   --->   "%call_ret3_i = call i32 @post_process, i32 %p_read146, i32 %p_read247, i32 %p_read348" [/home/xiaorang/Documents/ATOMFLOW/Image_analysis/src/image_analysis.cpp:275->/home/xiaorang/Documents/ATOMFLOW/Image_analysis/src/image_analysis.cpp:275]   --->   Operation 83 'call' 'call_ret3_i' <Predicate = (p_read45 == 2)> <Delay = 7.05> <CoreType = "Generic">   --->   Generic Core
ST_8 : Operation 84 [7/13] (7.05ns)   --->   "%call_ret2_i = call i32 @post_process, i32 %p_read146, i32 %p_read247, i32 %p_read348" [/home/xiaorang/Documents/ATOMFLOW/Image_analysis/src/image_analysis.cpp:275->/home/xiaorang/Documents/ATOMFLOW/Image_analysis/src/image_analysis.cpp:275]   --->   Operation 84 'call' 'call_ret2_i' <Predicate = (p_read45 == 1)> <Delay = 7.05> <CoreType = "Generic">   --->   Generic Core
ST_8 : Operation 85 [7/13] (7.05ns)   --->   "%call_ret1_i = call i32 @post_process, i32 %p_read146, i32 %p_read247, i32 %p_read348" [/home/xiaorang/Documents/ATOMFLOW/Image_analysis/src/image_analysis.cpp:275->/home/xiaorang/Documents/ATOMFLOW/Image_analysis/src/image_analysis.cpp:275]   --->   Operation 85 'call' 'call_ret1_i' <Predicate = (p_read45 == 0)> <Delay = 7.05> <CoreType = "Generic">   --->   Generic Core
ST_8 : Operation 86 [7/13] (7.05ns)   --->   "%call_ret_i = call i32 @post_process, i32 %p_read146, i32 %p_read247, i32 %p_read348" [/home/xiaorang/Documents/ATOMFLOW/Image_analysis/src/image_analysis.cpp:275->/home/xiaorang/Documents/ATOMFLOW/Image_analysis/src/image_analysis.cpp:275]   --->   Operation 86 'call' 'call_ret_i' <Predicate = (p_read45 == 7)> <Delay = 7.05> <CoreType = "Generic">   --->   Generic Core

State 9 <SV = 8> <Delay = 7.05>
ST_9 : Operation 87 [6/13] (7.05ns)   --->   "%call_ret7_i = call i32 @post_process, i32 %p_read146, i32 %p_read247, i32 %p_read348" [/home/xiaorang/Documents/ATOMFLOW/Image_analysis/src/image_analysis.cpp:275->/home/xiaorang/Documents/ATOMFLOW/Image_analysis/src/image_analysis.cpp:275]   --->   Operation 87 'call' 'call_ret7_i' <Predicate = (p_read45 == 6)> <Delay = 7.05> <CoreType = "Generic">   --->   Generic Core
ST_9 : Operation 88 [6/13] (7.05ns)   --->   "%call_ret6_i = call i32 @post_process, i32 %p_read146, i32 %p_read247, i32 %p_read348" [/home/xiaorang/Documents/ATOMFLOW/Image_analysis/src/image_analysis.cpp:275->/home/xiaorang/Documents/ATOMFLOW/Image_analysis/src/image_analysis.cpp:275]   --->   Operation 88 'call' 'call_ret6_i' <Predicate = (p_read45 == 5)> <Delay = 7.05> <CoreType = "Generic">   --->   Generic Core
ST_9 : Operation 89 [6/13] (7.05ns)   --->   "%call_ret5_i = call i32 @post_process, i32 %p_read146, i32 %p_read247, i32 %p_read348" [/home/xiaorang/Documents/ATOMFLOW/Image_analysis/src/image_analysis.cpp:275->/home/xiaorang/Documents/ATOMFLOW/Image_analysis/src/image_analysis.cpp:275]   --->   Operation 89 'call' 'call_ret5_i' <Predicate = (p_read45 == 4)> <Delay = 7.05> <CoreType = "Generic">   --->   Generic Core
ST_9 : Operation 90 [6/13] (7.05ns)   --->   "%call_ret4_i = call i32 @post_process, i32 %p_read146, i32 %p_read247, i32 %p_read348" [/home/xiaorang/Documents/ATOMFLOW/Image_analysis/src/image_analysis.cpp:275->/home/xiaorang/Documents/ATOMFLOW/Image_analysis/src/image_analysis.cpp:275]   --->   Operation 90 'call' 'call_ret4_i' <Predicate = (p_read45 == 3)> <Delay = 7.05> <CoreType = "Generic">   --->   Generic Core
ST_9 : Operation 91 [6/13] (7.05ns)   --->   "%call_ret3_i = call i32 @post_process, i32 %p_read146, i32 %p_read247, i32 %p_read348" [/home/xiaorang/Documents/ATOMFLOW/Image_analysis/src/image_analysis.cpp:275->/home/xiaorang/Documents/ATOMFLOW/Image_analysis/src/image_analysis.cpp:275]   --->   Operation 91 'call' 'call_ret3_i' <Predicate = (p_read45 == 2)> <Delay = 7.05> <CoreType = "Generic">   --->   Generic Core
ST_9 : Operation 92 [6/13] (7.05ns)   --->   "%call_ret2_i = call i32 @post_process, i32 %p_read146, i32 %p_read247, i32 %p_read348" [/home/xiaorang/Documents/ATOMFLOW/Image_analysis/src/image_analysis.cpp:275->/home/xiaorang/Documents/ATOMFLOW/Image_analysis/src/image_analysis.cpp:275]   --->   Operation 92 'call' 'call_ret2_i' <Predicate = (p_read45 == 1)> <Delay = 7.05> <CoreType = "Generic">   --->   Generic Core
ST_9 : Operation 93 [6/13] (7.05ns)   --->   "%call_ret1_i = call i32 @post_process, i32 %p_read146, i32 %p_read247, i32 %p_read348" [/home/xiaorang/Documents/ATOMFLOW/Image_analysis/src/image_analysis.cpp:275->/home/xiaorang/Documents/ATOMFLOW/Image_analysis/src/image_analysis.cpp:275]   --->   Operation 93 'call' 'call_ret1_i' <Predicate = (p_read45 == 0)> <Delay = 7.05> <CoreType = "Generic">   --->   Generic Core
ST_9 : Operation 94 [6/13] (7.05ns)   --->   "%call_ret_i = call i32 @post_process, i32 %p_read146, i32 %p_read247, i32 %p_read348" [/home/xiaorang/Documents/ATOMFLOW/Image_analysis/src/image_analysis.cpp:275->/home/xiaorang/Documents/ATOMFLOW/Image_analysis/src/image_analysis.cpp:275]   --->   Operation 94 'call' 'call_ret_i' <Predicate = (p_read45 == 7)> <Delay = 7.05> <CoreType = "Generic">   --->   Generic Core

State 10 <SV = 9> <Delay = 7.05>
ST_10 : Operation 95 [5/13] (7.05ns)   --->   "%call_ret7_i = call i32 @post_process, i32 %p_read146, i32 %p_read247, i32 %p_read348" [/home/xiaorang/Documents/ATOMFLOW/Image_analysis/src/image_analysis.cpp:275->/home/xiaorang/Documents/ATOMFLOW/Image_analysis/src/image_analysis.cpp:275]   --->   Operation 95 'call' 'call_ret7_i' <Predicate = (p_read45 == 6)> <Delay = 7.05> <CoreType = "Generic">   --->   Generic Core
ST_10 : Operation 96 [5/13] (7.05ns)   --->   "%call_ret6_i = call i32 @post_process, i32 %p_read146, i32 %p_read247, i32 %p_read348" [/home/xiaorang/Documents/ATOMFLOW/Image_analysis/src/image_analysis.cpp:275->/home/xiaorang/Documents/ATOMFLOW/Image_analysis/src/image_analysis.cpp:275]   --->   Operation 96 'call' 'call_ret6_i' <Predicate = (p_read45 == 5)> <Delay = 7.05> <CoreType = "Generic">   --->   Generic Core
ST_10 : Operation 97 [5/13] (7.05ns)   --->   "%call_ret5_i = call i32 @post_process, i32 %p_read146, i32 %p_read247, i32 %p_read348" [/home/xiaorang/Documents/ATOMFLOW/Image_analysis/src/image_analysis.cpp:275->/home/xiaorang/Documents/ATOMFLOW/Image_analysis/src/image_analysis.cpp:275]   --->   Operation 97 'call' 'call_ret5_i' <Predicate = (p_read45 == 4)> <Delay = 7.05> <CoreType = "Generic">   --->   Generic Core
ST_10 : Operation 98 [5/13] (7.05ns)   --->   "%call_ret4_i = call i32 @post_process, i32 %p_read146, i32 %p_read247, i32 %p_read348" [/home/xiaorang/Documents/ATOMFLOW/Image_analysis/src/image_analysis.cpp:275->/home/xiaorang/Documents/ATOMFLOW/Image_analysis/src/image_analysis.cpp:275]   --->   Operation 98 'call' 'call_ret4_i' <Predicate = (p_read45 == 3)> <Delay = 7.05> <CoreType = "Generic">   --->   Generic Core
ST_10 : Operation 99 [5/13] (7.05ns)   --->   "%call_ret3_i = call i32 @post_process, i32 %p_read146, i32 %p_read247, i32 %p_read348" [/home/xiaorang/Documents/ATOMFLOW/Image_analysis/src/image_analysis.cpp:275->/home/xiaorang/Documents/ATOMFLOW/Image_analysis/src/image_analysis.cpp:275]   --->   Operation 99 'call' 'call_ret3_i' <Predicate = (p_read45 == 2)> <Delay = 7.05> <CoreType = "Generic">   --->   Generic Core
ST_10 : Operation 100 [5/13] (7.05ns)   --->   "%call_ret2_i = call i32 @post_process, i32 %p_read146, i32 %p_read247, i32 %p_read348" [/home/xiaorang/Documents/ATOMFLOW/Image_analysis/src/image_analysis.cpp:275->/home/xiaorang/Documents/ATOMFLOW/Image_analysis/src/image_analysis.cpp:275]   --->   Operation 100 'call' 'call_ret2_i' <Predicate = (p_read45 == 1)> <Delay = 7.05> <CoreType = "Generic">   --->   Generic Core
ST_10 : Operation 101 [5/13] (7.05ns)   --->   "%call_ret1_i = call i32 @post_process, i32 %p_read146, i32 %p_read247, i32 %p_read348" [/home/xiaorang/Documents/ATOMFLOW/Image_analysis/src/image_analysis.cpp:275->/home/xiaorang/Documents/ATOMFLOW/Image_analysis/src/image_analysis.cpp:275]   --->   Operation 101 'call' 'call_ret1_i' <Predicate = (p_read45 == 0)> <Delay = 7.05> <CoreType = "Generic">   --->   Generic Core
ST_10 : Operation 102 [5/13] (7.05ns)   --->   "%call_ret_i = call i32 @post_process, i32 %p_read146, i32 %p_read247, i32 %p_read348" [/home/xiaorang/Documents/ATOMFLOW/Image_analysis/src/image_analysis.cpp:275->/home/xiaorang/Documents/ATOMFLOW/Image_analysis/src/image_analysis.cpp:275]   --->   Operation 102 'call' 'call_ret_i' <Predicate = (p_read45 == 7)> <Delay = 7.05> <CoreType = "Generic">   --->   Generic Core

State 11 <SV = 10> <Delay = 7.05>
ST_11 : Operation 103 [4/13] (7.05ns)   --->   "%call_ret7_i = call i32 @post_process, i32 %p_read146, i32 %p_read247, i32 %p_read348" [/home/xiaorang/Documents/ATOMFLOW/Image_analysis/src/image_analysis.cpp:275->/home/xiaorang/Documents/ATOMFLOW/Image_analysis/src/image_analysis.cpp:275]   --->   Operation 103 'call' 'call_ret7_i' <Predicate = (p_read45 == 6)> <Delay = 7.05> <CoreType = "Generic">   --->   Generic Core
ST_11 : Operation 104 [4/13] (7.05ns)   --->   "%call_ret6_i = call i32 @post_process, i32 %p_read146, i32 %p_read247, i32 %p_read348" [/home/xiaorang/Documents/ATOMFLOW/Image_analysis/src/image_analysis.cpp:275->/home/xiaorang/Documents/ATOMFLOW/Image_analysis/src/image_analysis.cpp:275]   --->   Operation 104 'call' 'call_ret6_i' <Predicate = (p_read45 == 5)> <Delay = 7.05> <CoreType = "Generic">   --->   Generic Core
ST_11 : Operation 105 [4/13] (7.05ns)   --->   "%call_ret5_i = call i32 @post_process, i32 %p_read146, i32 %p_read247, i32 %p_read348" [/home/xiaorang/Documents/ATOMFLOW/Image_analysis/src/image_analysis.cpp:275->/home/xiaorang/Documents/ATOMFLOW/Image_analysis/src/image_analysis.cpp:275]   --->   Operation 105 'call' 'call_ret5_i' <Predicate = (p_read45 == 4)> <Delay = 7.05> <CoreType = "Generic">   --->   Generic Core
ST_11 : Operation 106 [4/13] (7.05ns)   --->   "%call_ret4_i = call i32 @post_process, i32 %p_read146, i32 %p_read247, i32 %p_read348" [/home/xiaorang/Documents/ATOMFLOW/Image_analysis/src/image_analysis.cpp:275->/home/xiaorang/Documents/ATOMFLOW/Image_analysis/src/image_analysis.cpp:275]   --->   Operation 106 'call' 'call_ret4_i' <Predicate = (p_read45 == 3)> <Delay = 7.05> <CoreType = "Generic">   --->   Generic Core
ST_11 : Operation 107 [4/13] (7.05ns)   --->   "%call_ret3_i = call i32 @post_process, i32 %p_read146, i32 %p_read247, i32 %p_read348" [/home/xiaorang/Documents/ATOMFLOW/Image_analysis/src/image_analysis.cpp:275->/home/xiaorang/Documents/ATOMFLOW/Image_analysis/src/image_analysis.cpp:275]   --->   Operation 107 'call' 'call_ret3_i' <Predicate = (p_read45 == 2)> <Delay = 7.05> <CoreType = "Generic">   --->   Generic Core
ST_11 : Operation 108 [4/13] (7.05ns)   --->   "%call_ret2_i = call i32 @post_process, i32 %p_read146, i32 %p_read247, i32 %p_read348" [/home/xiaorang/Documents/ATOMFLOW/Image_analysis/src/image_analysis.cpp:275->/home/xiaorang/Documents/ATOMFLOW/Image_analysis/src/image_analysis.cpp:275]   --->   Operation 108 'call' 'call_ret2_i' <Predicate = (p_read45 == 1)> <Delay = 7.05> <CoreType = "Generic">   --->   Generic Core
ST_11 : Operation 109 [4/13] (7.05ns)   --->   "%call_ret1_i = call i32 @post_process, i32 %p_read146, i32 %p_read247, i32 %p_read348" [/home/xiaorang/Documents/ATOMFLOW/Image_analysis/src/image_analysis.cpp:275->/home/xiaorang/Documents/ATOMFLOW/Image_analysis/src/image_analysis.cpp:275]   --->   Operation 109 'call' 'call_ret1_i' <Predicate = (p_read45 == 0)> <Delay = 7.05> <CoreType = "Generic">   --->   Generic Core
ST_11 : Operation 110 [4/13] (7.05ns)   --->   "%call_ret_i = call i32 @post_process, i32 %p_read146, i32 %p_read247, i32 %p_read348" [/home/xiaorang/Documents/ATOMFLOW/Image_analysis/src/image_analysis.cpp:275->/home/xiaorang/Documents/ATOMFLOW/Image_analysis/src/image_analysis.cpp:275]   --->   Operation 110 'call' 'call_ret_i' <Predicate = (p_read45 == 7)> <Delay = 7.05> <CoreType = "Generic">   --->   Generic Core

State 12 <SV = 11> <Delay = 7.05>
ST_12 : Operation 111 [3/13] (7.05ns)   --->   "%call_ret7_i = call i32 @post_process, i32 %p_read146, i32 %p_read247, i32 %p_read348" [/home/xiaorang/Documents/ATOMFLOW/Image_analysis/src/image_analysis.cpp:275->/home/xiaorang/Documents/ATOMFLOW/Image_analysis/src/image_analysis.cpp:275]   --->   Operation 111 'call' 'call_ret7_i' <Predicate = (p_read45 == 6)> <Delay = 7.05> <CoreType = "Generic">   --->   Generic Core
ST_12 : Operation 112 [3/13] (7.05ns)   --->   "%call_ret6_i = call i32 @post_process, i32 %p_read146, i32 %p_read247, i32 %p_read348" [/home/xiaorang/Documents/ATOMFLOW/Image_analysis/src/image_analysis.cpp:275->/home/xiaorang/Documents/ATOMFLOW/Image_analysis/src/image_analysis.cpp:275]   --->   Operation 112 'call' 'call_ret6_i' <Predicate = (p_read45 == 5)> <Delay = 7.05> <CoreType = "Generic">   --->   Generic Core
ST_12 : Operation 113 [3/13] (7.05ns)   --->   "%call_ret5_i = call i32 @post_process, i32 %p_read146, i32 %p_read247, i32 %p_read348" [/home/xiaorang/Documents/ATOMFLOW/Image_analysis/src/image_analysis.cpp:275->/home/xiaorang/Documents/ATOMFLOW/Image_analysis/src/image_analysis.cpp:275]   --->   Operation 113 'call' 'call_ret5_i' <Predicate = (p_read45 == 4)> <Delay = 7.05> <CoreType = "Generic">   --->   Generic Core
ST_12 : Operation 114 [3/13] (7.05ns)   --->   "%call_ret4_i = call i32 @post_process, i32 %p_read146, i32 %p_read247, i32 %p_read348" [/home/xiaorang/Documents/ATOMFLOW/Image_analysis/src/image_analysis.cpp:275->/home/xiaorang/Documents/ATOMFLOW/Image_analysis/src/image_analysis.cpp:275]   --->   Operation 114 'call' 'call_ret4_i' <Predicate = (p_read45 == 3)> <Delay = 7.05> <CoreType = "Generic">   --->   Generic Core
ST_12 : Operation 115 [3/13] (7.05ns)   --->   "%call_ret3_i = call i32 @post_process, i32 %p_read146, i32 %p_read247, i32 %p_read348" [/home/xiaorang/Documents/ATOMFLOW/Image_analysis/src/image_analysis.cpp:275->/home/xiaorang/Documents/ATOMFLOW/Image_analysis/src/image_analysis.cpp:275]   --->   Operation 115 'call' 'call_ret3_i' <Predicate = (p_read45 == 2)> <Delay = 7.05> <CoreType = "Generic">   --->   Generic Core
ST_12 : Operation 116 [3/13] (7.05ns)   --->   "%call_ret2_i = call i32 @post_process, i32 %p_read146, i32 %p_read247, i32 %p_read348" [/home/xiaorang/Documents/ATOMFLOW/Image_analysis/src/image_analysis.cpp:275->/home/xiaorang/Documents/ATOMFLOW/Image_analysis/src/image_analysis.cpp:275]   --->   Operation 116 'call' 'call_ret2_i' <Predicate = (p_read45 == 1)> <Delay = 7.05> <CoreType = "Generic">   --->   Generic Core
ST_12 : Operation 117 [3/13] (7.05ns)   --->   "%call_ret1_i = call i32 @post_process, i32 %p_read146, i32 %p_read247, i32 %p_read348" [/home/xiaorang/Documents/ATOMFLOW/Image_analysis/src/image_analysis.cpp:275->/home/xiaorang/Documents/ATOMFLOW/Image_analysis/src/image_analysis.cpp:275]   --->   Operation 117 'call' 'call_ret1_i' <Predicate = (p_read45 == 0)> <Delay = 7.05> <CoreType = "Generic">   --->   Generic Core
ST_12 : Operation 118 [3/13] (7.05ns)   --->   "%call_ret_i = call i32 @post_process, i32 %p_read146, i32 %p_read247, i32 %p_read348" [/home/xiaorang/Documents/ATOMFLOW/Image_analysis/src/image_analysis.cpp:275->/home/xiaorang/Documents/ATOMFLOW/Image_analysis/src/image_analysis.cpp:275]   --->   Operation 118 'call' 'call_ret_i' <Predicate = (p_read45 == 7)> <Delay = 7.05> <CoreType = "Generic">   --->   Generic Core

State 13 <SV = 12> <Delay = 7.05>
ST_13 : Operation 119 [2/13] (7.05ns)   --->   "%call_ret7_i = call i32 @post_process, i32 %p_read146, i32 %p_read247, i32 %p_read348" [/home/xiaorang/Documents/ATOMFLOW/Image_analysis/src/image_analysis.cpp:275->/home/xiaorang/Documents/ATOMFLOW/Image_analysis/src/image_analysis.cpp:275]   --->   Operation 119 'call' 'call_ret7_i' <Predicate = (p_read45 == 6)> <Delay = 7.05> <CoreType = "Generic">   --->   Generic Core
ST_13 : Operation 120 [2/13] (7.05ns)   --->   "%call_ret6_i = call i32 @post_process, i32 %p_read146, i32 %p_read247, i32 %p_read348" [/home/xiaorang/Documents/ATOMFLOW/Image_analysis/src/image_analysis.cpp:275->/home/xiaorang/Documents/ATOMFLOW/Image_analysis/src/image_analysis.cpp:275]   --->   Operation 120 'call' 'call_ret6_i' <Predicate = (p_read45 == 5)> <Delay = 7.05> <CoreType = "Generic">   --->   Generic Core
ST_13 : Operation 121 [2/13] (7.05ns)   --->   "%call_ret5_i = call i32 @post_process, i32 %p_read146, i32 %p_read247, i32 %p_read348" [/home/xiaorang/Documents/ATOMFLOW/Image_analysis/src/image_analysis.cpp:275->/home/xiaorang/Documents/ATOMFLOW/Image_analysis/src/image_analysis.cpp:275]   --->   Operation 121 'call' 'call_ret5_i' <Predicate = (p_read45 == 4)> <Delay = 7.05> <CoreType = "Generic">   --->   Generic Core
ST_13 : Operation 122 [2/13] (7.05ns)   --->   "%call_ret4_i = call i32 @post_process, i32 %p_read146, i32 %p_read247, i32 %p_read348" [/home/xiaorang/Documents/ATOMFLOW/Image_analysis/src/image_analysis.cpp:275->/home/xiaorang/Documents/ATOMFLOW/Image_analysis/src/image_analysis.cpp:275]   --->   Operation 122 'call' 'call_ret4_i' <Predicate = (p_read45 == 3)> <Delay = 7.05> <CoreType = "Generic">   --->   Generic Core
ST_13 : Operation 123 [2/13] (7.05ns)   --->   "%call_ret3_i = call i32 @post_process, i32 %p_read146, i32 %p_read247, i32 %p_read348" [/home/xiaorang/Documents/ATOMFLOW/Image_analysis/src/image_analysis.cpp:275->/home/xiaorang/Documents/ATOMFLOW/Image_analysis/src/image_analysis.cpp:275]   --->   Operation 123 'call' 'call_ret3_i' <Predicate = (p_read45 == 2)> <Delay = 7.05> <CoreType = "Generic">   --->   Generic Core
ST_13 : Operation 124 [2/13] (7.05ns)   --->   "%call_ret2_i = call i32 @post_process, i32 %p_read146, i32 %p_read247, i32 %p_read348" [/home/xiaorang/Documents/ATOMFLOW/Image_analysis/src/image_analysis.cpp:275->/home/xiaorang/Documents/ATOMFLOW/Image_analysis/src/image_analysis.cpp:275]   --->   Operation 124 'call' 'call_ret2_i' <Predicate = (p_read45 == 1)> <Delay = 7.05> <CoreType = "Generic">   --->   Generic Core
ST_13 : Operation 125 [2/13] (7.05ns)   --->   "%call_ret1_i = call i32 @post_process, i32 %p_read146, i32 %p_read247, i32 %p_read348" [/home/xiaorang/Documents/ATOMFLOW/Image_analysis/src/image_analysis.cpp:275->/home/xiaorang/Documents/ATOMFLOW/Image_analysis/src/image_analysis.cpp:275]   --->   Operation 125 'call' 'call_ret1_i' <Predicate = (p_read45 == 0)> <Delay = 7.05> <CoreType = "Generic">   --->   Generic Core
ST_13 : Operation 126 [2/13] (7.05ns)   --->   "%call_ret_i = call i32 @post_process, i32 %p_read146, i32 %p_read247, i32 %p_read348" [/home/xiaorang/Documents/ATOMFLOW/Image_analysis/src/image_analysis.cpp:275->/home/xiaorang/Documents/ATOMFLOW/Image_analysis/src/image_analysis.cpp:275]   --->   Operation 126 'call' 'call_ret_i' <Predicate = (p_read45 == 7)> <Delay = 7.05> <CoreType = "Generic">   --->   Generic Core

State 14 <SV = 13> <Delay = 7.01>
ST_14 : Operation 127 [1/13] (7.01ns)   --->   "%call_ret7_i = call i32 @post_process, i32 %p_read146, i32 %p_read247, i32 %p_read348" [/home/xiaorang/Documents/ATOMFLOW/Image_analysis/src/image_analysis.cpp:275->/home/xiaorang/Documents/ATOMFLOW/Image_analysis/src/image_analysis.cpp:275]   --->   Operation 127 'call' 'call_ret7_i' <Predicate = (p_read45 == 6)> <Delay = 7.01> <CoreType = "Generic">   --->   Generic Core
ST_14 : Operation 128 [1/13] (7.01ns)   --->   "%call_ret6_i = call i32 @post_process, i32 %p_read146, i32 %p_read247, i32 %p_read348" [/home/xiaorang/Documents/ATOMFLOW/Image_analysis/src/image_analysis.cpp:275->/home/xiaorang/Documents/ATOMFLOW/Image_analysis/src/image_analysis.cpp:275]   --->   Operation 128 'call' 'call_ret6_i' <Predicate = (p_read45 == 5)> <Delay = 7.01> <CoreType = "Generic">   --->   Generic Core
ST_14 : Operation 129 [1/13] (7.01ns)   --->   "%call_ret5_i = call i32 @post_process, i32 %p_read146, i32 %p_read247, i32 %p_read348" [/home/xiaorang/Documents/ATOMFLOW/Image_analysis/src/image_analysis.cpp:275->/home/xiaorang/Documents/ATOMFLOW/Image_analysis/src/image_analysis.cpp:275]   --->   Operation 129 'call' 'call_ret5_i' <Predicate = (p_read45 == 4)> <Delay = 7.01> <CoreType = "Generic">   --->   Generic Core
ST_14 : Operation 130 [1/13] (7.01ns)   --->   "%call_ret4_i = call i32 @post_process, i32 %p_read146, i32 %p_read247, i32 %p_read348" [/home/xiaorang/Documents/ATOMFLOW/Image_analysis/src/image_analysis.cpp:275->/home/xiaorang/Documents/ATOMFLOW/Image_analysis/src/image_analysis.cpp:275]   --->   Operation 130 'call' 'call_ret4_i' <Predicate = (p_read45 == 3)> <Delay = 7.01> <CoreType = "Generic">   --->   Generic Core
ST_14 : Operation 131 [1/13] (7.01ns)   --->   "%call_ret3_i = call i32 @post_process, i32 %p_read146, i32 %p_read247, i32 %p_read348" [/home/xiaorang/Documents/ATOMFLOW/Image_analysis/src/image_analysis.cpp:275->/home/xiaorang/Documents/ATOMFLOW/Image_analysis/src/image_analysis.cpp:275]   --->   Operation 131 'call' 'call_ret3_i' <Predicate = (p_read45 == 2)> <Delay = 7.01> <CoreType = "Generic">   --->   Generic Core
ST_14 : Operation 132 [1/13] (7.01ns)   --->   "%call_ret2_i = call i32 @post_process, i32 %p_read146, i32 %p_read247, i32 %p_read348" [/home/xiaorang/Documents/ATOMFLOW/Image_analysis/src/image_analysis.cpp:275->/home/xiaorang/Documents/ATOMFLOW/Image_analysis/src/image_analysis.cpp:275]   --->   Operation 132 'call' 'call_ret2_i' <Predicate = (p_read45 == 1)> <Delay = 7.01> <CoreType = "Generic">   --->   Generic Core
ST_14 : Operation 133 [1/13] (7.01ns)   --->   "%call_ret1_i = call i32 @post_process, i32 %p_read146, i32 %p_read247, i32 %p_read348" [/home/xiaorang/Documents/ATOMFLOW/Image_analysis/src/image_analysis.cpp:275->/home/xiaorang/Documents/ATOMFLOW/Image_analysis/src/image_analysis.cpp:275]   --->   Operation 133 'call' 'call_ret1_i' <Predicate = (p_read45 == 0)> <Delay = 7.01> <CoreType = "Generic">   --->   Generic Core
ST_14 : Operation 134 [1/13] (7.01ns)   --->   "%call_ret_i = call i32 @post_process, i32 %p_read146, i32 %p_read247, i32 %p_read348" [/home/xiaorang/Documents/ATOMFLOW/Image_analysis/src/image_analysis.cpp:275->/home/xiaorang/Documents/ATOMFLOW/Image_analysis/src/image_analysis.cpp:275]   --->   Operation 134 'call' 'call_ret_i' <Predicate = (p_read45 == 7)> <Delay = 7.01> <CoreType = "Generic">   --->   Generic Core

State 15 <SV = 14> <Delay = 1.23>
ST_15 : Operation 135 [1/1] ( I:1.23ns O:1.23ns )   --->   "%store_ln275 = store i32 %call_ret7_i, i8 %emissions_6_addr" [/home/xiaorang/Documents/ATOMFLOW/Image_analysis/src/image_analysis.cpp:275->/home/xiaorang/Documents/ATOMFLOW/Image_analysis/src/image_analysis.cpp:275]   --->   Operation 135 'store' 'store_ln275' <Predicate = (p_read45 == 6)> <Delay = 1.23> <CoreInst = "RAM">   --->   Core 82 'RAM' <Latency = 1> <II = 1> <Delay = 1.23> <Storage> <Opcode : 'load' 'store'> <Ports = 2> <Width = 32> <Depth = 250> <RAM>
ST_15 : Operation 136 [1/1] (0.00ns)   --->   "%br_ln275 = br void %dataflow_in_loop_VITIS_LOOP_241_1.1_Block_newFuncRoot_proc.exit" [/home/xiaorang/Documents/ATOMFLOW/Image_analysis/src/image_analysis.cpp:275->/home/xiaorang/Documents/ATOMFLOW/Image_analysis/src/image_analysis.cpp:275]   --->   Operation 136 'br' 'br_ln275' <Predicate = (p_read45 == 6)> <Delay = 0.00>
ST_15 : Operation 137 [1/1] ( I:1.23ns O:1.23ns )   --->   "%store_ln275 = store i32 %call_ret6_i, i8 %emissions_5_addr" [/home/xiaorang/Documents/ATOMFLOW/Image_analysis/src/image_analysis.cpp:275->/home/xiaorang/Documents/ATOMFLOW/Image_analysis/src/image_analysis.cpp:275]   --->   Operation 137 'store' 'store_ln275' <Predicate = (p_read45 == 5)> <Delay = 1.23> <CoreInst = "RAM">   --->   Core 82 'RAM' <Latency = 1> <II = 1> <Delay = 1.23> <Storage> <Opcode : 'load' 'store'> <Ports = 2> <Width = 32> <Depth = 250> <RAM>
ST_15 : Operation 138 [1/1] (0.00ns)   --->   "%br_ln275 = br void %dataflow_in_loop_VITIS_LOOP_241_1.1_Block_newFuncRoot_proc.exit" [/home/xiaorang/Documents/ATOMFLOW/Image_analysis/src/image_analysis.cpp:275->/home/xiaorang/Documents/ATOMFLOW/Image_analysis/src/image_analysis.cpp:275]   --->   Operation 138 'br' 'br_ln275' <Predicate = (p_read45 == 5)> <Delay = 0.00>
ST_15 : Operation 139 [1/1] ( I:1.23ns O:1.23ns )   --->   "%store_ln275 = store i32 %call_ret5_i, i8 %emissions_4_addr" [/home/xiaorang/Documents/ATOMFLOW/Image_analysis/src/image_analysis.cpp:275->/home/xiaorang/Documents/ATOMFLOW/Image_analysis/src/image_analysis.cpp:275]   --->   Operation 139 'store' 'store_ln275' <Predicate = (p_read45 == 4)> <Delay = 1.23> <CoreInst = "RAM">   --->   Core 82 'RAM' <Latency = 1> <II = 1> <Delay = 1.23> <Storage> <Opcode : 'load' 'store'> <Ports = 2> <Width = 32> <Depth = 250> <RAM>
ST_15 : Operation 140 [1/1] (0.00ns)   --->   "%br_ln275 = br void %dataflow_in_loop_VITIS_LOOP_241_1.1_Block_newFuncRoot_proc.exit" [/home/xiaorang/Documents/ATOMFLOW/Image_analysis/src/image_analysis.cpp:275->/home/xiaorang/Documents/ATOMFLOW/Image_analysis/src/image_analysis.cpp:275]   --->   Operation 140 'br' 'br_ln275' <Predicate = (p_read45 == 4)> <Delay = 0.00>
ST_15 : Operation 141 [1/1] ( I:1.23ns O:1.23ns )   --->   "%store_ln275 = store i32 %call_ret4_i, i8 %emissions_3_addr" [/home/xiaorang/Documents/ATOMFLOW/Image_analysis/src/image_analysis.cpp:275->/home/xiaorang/Documents/ATOMFLOW/Image_analysis/src/image_analysis.cpp:275]   --->   Operation 141 'store' 'store_ln275' <Predicate = (p_read45 == 3)> <Delay = 1.23> <CoreInst = "RAM">   --->   Core 82 'RAM' <Latency = 1> <II = 1> <Delay = 1.23> <Storage> <Opcode : 'load' 'store'> <Ports = 2> <Width = 32> <Depth = 250> <RAM>
ST_15 : Operation 142 [1/1] (0.00ns)   --->   "%br_ln275 = br void %dataflow_in_loop_VITIS_LOOP_241_1.1_Block_newFuncRoot_proc.exit" [/home/xiaorang/Documents/ATOMFLOW/Image_analysis/src/image_analysis.cpp:275->/home/xiaorang/Documents/ATOMFLOW/Image_analysis/src/image_analysis.cpp:275]   --->   Operation 142 'br' 'br_ln275' <Predicate = (p_read45 == 3)> <Delay = 0.00>
ST_15 : Operation 143 [1/1] ( I:1.23ns O:1.23ns )   --->   "%store_ln275 = store i32 %call_ret3_i, i8 %emissions_2_addr" [/home/xiaorang/Documents/ATOMFLOW/Image_analysis/src/image_analysis.cpp:275->/home/xiaorang/Documents/ATOMFLOW/Image_analysis/src/image_analysis.cpp:275]   --->   Operation 143 'store' 'store_ln275' <Predicate = (p_read45 == 2)> <Delay = 1.23> <CoreInst = "RAM">   --->   Core 82 'RAM' <Latency = 1> <II = 1> <Delay = 1.23> <Storage> <Opcode : 'load' 'store'> <Ports = 2> <Width = 32> <Depth = 250> <RAM>
ST_15 : Operation 144 [1/1] (0.00ns)   --->   "%br_ln275 = br void %dataflow_in_loop_VITIS_LOOP_241_1.1_Block_newFuncRoot_proc.exit" [/home/xiaorang/Documents/ATOMFLOW/Image_analysis/src/image_analysis.cpp:275->/home/xiaorang/Documents/ATOMFLOW/Image_analysis/src/image_analysis.cpp:275]   --->   Operation 144 'br' 'br_ln275' <Predicate = (p_read45 == 2)> <Delay = 0.00>
ST_15 : Operation 145 [1/1] ( I:1.23ns O:1.23ns )   --->   "%store_ln275 = store i32 %call_ret2_i, i8 %emissions_1_addr" [/home/xiaorang/Documents/ATOMFLOW/Image_analysis/src/image_analysis.cpp:275->/home/xiaorang/Documents/ATOMFLOW/Image_analysis/src/image_analysis.cpp:275]   --->   Operation 145 'store' 'store_ln275' <Predicate = (p_read45 == 1)> <Delay = 1.23> <CoreInst = "RAM">   --->   Core 82 'RAM' <Latency = 1> <II = 1> <Delay = 1.23> <Storage> <Opcode : 'load' 'store'> <Ports = 2> <Width = 32> <Depth = 250> <RAM>
ST_15 : Operation 146 [1/1] (0.00ns)   --->   "%br_ln275 = br void %dataflow_in_loop_VITIS_LOOP_241_1.1_Block_newFuncRoot_proc.exit" [/home/xiaorang/Documents/ATOMFLOW/Image_analysis/src/image_analysis.cpp:275->/home/xiaorang/Documents/ATOMFLOW/Image_analysis/src/image_analysis.cpp:275]   --->   Operation 146 'br' 'br_ln275' <Predicate = (p_read45 == 1)> <Delay = 0.00>
ST_15 : Operation 147 [1/1] ( I:1.23ns O:1.23ns )   --->   "%store_ln275 = store i32 %call_ret1_i, i8 %emissions_0_addr" [/home/xiaorang/Documents/ATOMFLOW/Image_analysis/src/image_analysis.cpp:275->/home/xiaorang/Documents/ATOMFLOW/Image_analysis/src/image_analysis.cpp:275]   --->   Operation 147 'store' 'store_ln275' <Predicate = (p_read45 == 0)> <Delay = 1.23> <CoreInst = "RAM">   --->   Core 82 'RAM' <Latency = 1> <II = 1> <Delay = 1.23> <Storage> <Opcode : 'load' 'store'> <Ports = 2> <Width = 32> <Depth = 250> <RAM>
ST_15 : Operation 148 [1/1] (0.00ns)   --->   "%br_ln275 = br void %dataflow_in_loop_VITIS_LOOP_241_1.1_Block_newFuncRoot_proc.exit" [/home/xiaorang/Documents/ATOMFLOW/Image_analysis/src/image_analysis.cpp:275->/home/xiaorang/Documents/ATOMFLOW/Image_analysis/src/image_analysis.cpp:275]   --->   Operation 148 'br' 'br_ln275' <Predicate = (p_read45 == 0)> <Delay = 0.00>
ST_15 : Operation 149 [1/1] ( I:1.23ns O:1.23ns )   --->   "%store_ln275 = store i32 %call_ret_i, i8 %emissions_7_addr" [/home/xiaorang/Documents/ATOMFLOW/Image_analysis/src/image_analysis.cpp:275->/home/xiaorang/Documents/ATOMFLOW/Image_analysis/src/image_analysis.cpp:275]   --->   Operation 149 'store' 'store_ln275' <Predicate = (p_read45 == 7)> <Delay = 1.23> <CoreInst = "RAM">   --->   Core 82 'RAM' <Latency = 1> <II = 1> <Delay = 1.23> <Storage> <Opcode : 'load' 'store'> <Ports = 2> <Width = 32> <Depth = 250> <RAM>
ST_15 : Operation 150 [1/1] (0.00ns)   --->   "%br_ln275 = br void %dataflow_in_loop_VITIS_LOOP_241_1.1_Block_newFuncRoot_proc.exit" [/home/xiaorang/Documents/ATOMFLOW/Image_analysis/src/image_analysis.cpp:275->/home/xiaorang/Documents/ATOMFLOW/Image_analysis/src/image_analysis.cpp:275]   --->   Operation 150 'br' 'br_ln275' <Predicate = (p_read45 == 7)> <Delay = 0.00>
ST_15 : Operation 151 [1/1] (0.00ns)   --->   "%ret_ln275 = ret" [/home/xiaorang/Documents/ATOMFLOW/Image_analysis/src/image_analysis.cpp:275]   --->   Operation 151 'ret' 'ret_ln275' <Predicate = true> <Delay = 0.00>


============================================================
+ Verbose Summary: Timing violations
============================================================
Target clock period: 10.000ns, clock uncertainty: 2.700ns.

 <State 1>: 2.511ns
The critical path consists of the following:
	wire read operation ('p_read45', /home/xiaorang/Documents/ATOMFLOW/Image_analysis/src/image_analysis.cpp:275->/home/xiaorang/Documents/ATOMFLOW/Image_analysis/src/image_analysis.cpp:275) on port 'p_read' (/home/xiaorang/Documents/ATOMFLOW/Image_analysis/src/image_analysis.cpp:275->/home/xiaorang/Documents/ATOMFLOW/Image_analysis/src/image_analysis.cpp:275) [18]  (1.838 ns)
	blocking operation 0.6725 ns on control path)

 <State 2>: 7.057ns
The critical path consists of the following:
	'call' operation 32 bit ('call_ret1_i', /home/xiaorang/Documents/ATOMFLOW/Image_analysis/src/image_analysis.cpp:275->/home/xiaorang/Documents/ATOMFLOW/Image_analysis/src/image_analysis.cpp:275) to 'post_process' [54]  (7.057 ns)

 <State 3>: 7.057ns
The critical path consists of the following:
	'call' operation 32 bit ('call_ret1_i', /home/xiaorang/Documents/ATOMFLOW/Image_analysis/src/image_analysis.cpp:275->/home/xiaorang/Documents/ATOMFLOW/Image_analysis/src/image_analysis.cpp:275) to 'post_process' [54]  (7.057 ns)

 <State 4>: 7.057ns
The critical path consists of the following:
	'call' operation 32 bit ('call_ret2_i', /home/xiaorang/Documents/ATOMFLOW/Image_analysis/src/image_analysis.cpp:275->/home/xiaorang/Documents/ATOMFLOW/Image_analysis/src/image_analysis.cpp:275) to 'post_process' [50]  (7.057 ns)

 <State 5>: 7.057ns
The critical path consists of the following:
	'call' operation 32 bit ('call_ret7_i', /home/xiaorang/Documents/ATOMFLOW/Image_analysis/src/image_analysis.cpp:275->/home/xiaorang/Documents/ATOMFLOW/Image_analysis/src/image_analysis.cpp:275) to 'post_process' [30]  (7.057 ns)

 <State 6>: 7.057ns
The critical path consists of the following:
	'call' operation 32 bit ('call_ret5_i', /home/xiaorang/Documents/ATOMFLOW/Image_analysis/src/image_analysis.cpp:275->/home/xiaorang/Documents/ATOMFLOW/Image_analysis/src/image_analysis.cpp:275) to 'post_process' [38]  (7.057 ns)

 <State 7>: 7.057ns
The critical path consists of the following:
	'call' operation 32 bit ('call_ret1_i', /home/xiaorang/Documents/ATOMFLOW/Image_analysis/src/image_analysis.cpp:275->/home/xiaorang/Documents/ATOMFLOW/Image_analysis/src/image_analysis.cpp:275) to 'post_process' [54]  (7.057 ns)

 <State 8>: 7.057ns
The critical path consists of the following:
	'call' operation 32 bit ('call_ret1_i', /home/xiaorang/Documents/ATOMFLOW/Image_analysis/src/image_analysis.cpp:275->/home/xiaorang/Documents/ATOMFLOW/Image_analysis/src/image_analysis.cpp:275) to 'post_process' [54]  (7.057 ns)

 <State 9>: 7.057ns
The critical path consists of the following:
	'call' operation 32 bit ('call_ret7_i', /home/xiaorang/Documents/ATOMFLOW/Image_analysis/src/image_analysis.cpp:275->/home/xiaorang/Documents/ATOMFLOW/Image_analysis/src/image_analysis.cpp:275) to 'post_process' [30]  (7.057 ns)

 <State 10>: 7.057ns
The critical path consists of the following:
	'call' operation 32 bit ('call_ret1_i', /home/xiaorang/Documents/ATOMFLOW/Image_analysis/src/image_analysis.cpp:275->/home/xiaorang/Documents/ATOMFLOW/Image_analysis/src/image_analysis.cpp:275) to 'post_process' [54]  (7.057 ns)

 <State 11>: 7.057ns
The critical path consists of the following:
	'call' operation 32 bit ('call_ret3_i', /home/xiaorang/Documents/ATOMFLOW/Image_analysis/src/image_analysis.cpp:275->/home/xiaorang/Documents/ATOMFLOW/Image_analysis/src/image_analysis.cpp:275) to 'post_process' [46]  (7.057 ns)

 <State 12>: 7.057ns
The critical path consists of the following:
	'call' operation 32 bit ('call_ret1_i', /home/xiaorang/Documents/ATOMFLOW/Image_analysis/src/image_analysis.cpp:275->/home/xiaorang/Documents/ATOMFLOW/Image_analysis/src/image_analysis.cpp:275) to 'post_process' [54]  (7.057 ns)

 <State 13>: 7.057ns
The critical path consists of the following:
	'call' operation 32 bit ('call_ret6_i', /home/xiaorang/Documents/ATOMFLOW/Image_analysis/src/image_analysis.cpp:275->/home/xiaorang/Documents/ATOMFLOW/Image_analysis/src/image_analysis.cpp:275) to 'post_process' [34]  (7.057 ns)

 <State 14>: 7.016ns
The critical path consists of the following:
	'call' operation 32 bit ('call_ret7_i', /home/xiaorang/Documents/ATOMFLOW/Image_analysis/src/image_analysis.cpp:275->/home/xiaorang/Documents/ATOMFLOW/Image_analysis/src/image_analysis.cpp:275) to 'post_process' [30]  (7.016 ns)

 <State 15>: 1.237ns
The critical path consists of the following:
	'store' operation 0 bit ('store_ln275', /home/xiaorang/Documents/ATOMFLOW/Image_analysis/src/image_analysis.cpp:275->/home/xiaorang/Documents/ATOMFLOW/Image_analysis/src/image_analysis.cpp:275) of variable 'call_ret1_i', /home/xiaorang/Documents/ATOMFLOW/Image_analysis/src/image_analysis.cpp:275->/home/xiaorang/Documents/ATOMFLOW/Image_analysis/src/image_analysis.cpp:275 on array 'emissions_0' [55]  (1.237 ns)


============================================================
+ Verbose Summary: Binding
============================================================
N/A
* FSMD analyzer results:
  - Output states:
 - Input state : 
  - Chain level:
	State 1
	State 2
	State 3
	State 4
	State 5
	State 6
	State 7
	State 8
	State 9
	State 10
	State 11
	State 12
	State 13
	State 14
	State 15


============================================================
+ Verbose Summary: Datapath Resource usage 
============================================================
N/A
