

================================================================
== Vitis HLS Report for 'dataflow_in_loop_VITIS_LOOP_241_1_1_Block_newFuncRoot_proc_1'
================================================================
* Date:           Sat Mar 28 14:02:12 2026

* Version:        2024.2 (Build 5238294 on Nov  8 2024)
* Project:        atomflow_controller_2024_2
* Solution:       hls (Vivado IP Flow Target)
* Product family: zynquplusRFSOC
* Target device:  xczu49dr-ffvf1760-2-e


================================================================
== Performance Estimates
================================================================
+ Timing: 
    * Summary: 
    +--------+----------+----------+------------+
    |  Clock |  Target  | Estimated| Uncertainty|
    +--------+----------+----------+------------+
    |ap_clk  |  10.00 ns|      0 ns|     2.70 ns|
    +--------+----------+----------+------------+

+ Latency: 
    * Summary: 
    +---------+---------+----------+----------+-----+-----+---------+
    |  Latency (cycles) |  Latency (absolute) |  Interval | Pipeline|
    |   min   |   max   |    min   |    max   | min | max |   Type  |
    +---------+---------+----------+----------+-----+-----+---------+
    |        0|        0|      0 ns|      0 ns|    0|    0|       no|
    +---------+---------+----------+----------+-----+-----+---------+

    + Detail: 
        * Instance: 
        N/A

        * Loop: 
        N/A

============================================================
+ Verbose Summary: Synthesis Manager
============================================================
InlineROM: 1
ExposeGlobal: 0
============================================================
+ Verbose Summary: CDFG Model
============================================================
IsTopModel: 0
ResetActiveHigh: 1
IsCombinational: 2
IsDatapathOnly: 0
HasWiredReturn: 1
HasMFsm: 0
HasVarLatency: 0
IsPipeline: 0
IsRtlPipelined: 0
IsInstanceOverlapped: 0
IsDontTouch: 0
HasImplIP: 0
IsGatedGlobalClock: 0


============================================================
+ Verbose Summary: Schedule
============================================================
* Number of FSM states : 1
* Pipeline : 0
* Dataflow Pipeline: 0

* FSM state transitions: 
1 --> 

* FSM state operations: 

State 1 <SV = 0> <Delay = 0.00>
ST_1 : Operation 2 [1/1] (0.00ns)   --->   "%conv_read = read i16 @_ssdm_op_Read.ap_auto.i16, i16 %conv" [/home/xiaorang/Documents/ATOMFLOW/Image_analysis/src/image_analysis.cpp:256]   --->   Operation 2 'read' 'conv_read' <Predicate = true> <Delay = 0.00>
ST_1 : Operation 3 [1/1] (0.00ns)   --->   "%trunc_ln256 = trunc i16 %conv_read" [/home/xiaorang/Documents/ATOMFLOW/Image_analysis/src/image_analysis.cpp:256]   --->   Operation 3 'trunc' 'trunc_ln256' <Predicate = true> <Delay = 0.00>
ST_1 : Operation 4 [1/1] (0.00ns)   --->   "%p_out = partselect i13 @_ssdm_op_PartSelect.i13.i16.i32.i32, i16 %conv_read, i32 3, i32 15" [/home/xiaorang/Documents/ATOMFLOW/Image_analysis/src/image_analysis.cpp:256]   --->   Operation 4 'partselect' 'p_out' <Predicate = true> <Delay = 0.00>
ST_1 : Operation 5 [1/1] (0.00ns)   --->   "%mrv = insertvalue i16 <undef>, i13 %p_out" [/home/xiaorang/Documents/ATOMFLOW/Image_analysis/src/image_analysis.cpp:256]   --->   Operation 5 'insertvalue' 'mrv' <Predicate = true> <Delay = 0.00>
ST_1 : Operation 6 [1/1] (0.00ns)   --->   "%mrv_1 = insertvalue i16 %mrv, i3 %trunc_ln256" [/home/xiaorang/Documents/ATOMFLOW/Image_analysis/src/image_analysis.cpp:256]   --->   Operation 6 'insertvalue' 'mrv_1' <Predicate = true> <Delay = 0.00>
ST_1 : Operation 7 [1/1] (0.00ns)   --->   "%ret_ln256 = ret i16 %mrv_1" [/home/xiaorang/Documents/ATOMFLOW/Image_analysis/src/image_analysis.cpp:256]   --->   Operation 7 'ret' 'ret_ln256' <Predicate = true> <Delay = 0.00>


============================================================
+ Verbose Summary: Timing violations
============================================================
Target clock period: 10.000ns, clock uncertainty: 2.700ns.

 <State 1>: 0.000ns
The critical path consists of the following:


============================================================
+ Verbose Summary: Binding
============================================================
N/A
* FSMD analyzer results:
  - Output states:
 - Input state : 
  - Chain level:
	State 1


============================================================
+ Verbose Summary: Datapath Resource usage 
============================================================
N/A
