

================================================================
== Vitis HLS Report for 'load_target_geometry_Pipeline_VITIS_LOOP_42_1_VITIS_LOOP_44_2'
================================================================
* Date:           Thu Mar 26 11:03:16 2026

* Version:        2024.2 (Build 5238294 on Nov  8 2024)
* Project:        atomflow_controller_2024_2
* Solution:       hls (Vivado IP Flow Target)
* Product family: zynquplusRFSOC
* Target device:  xczu49dr-ffvf1760-2-e


================================================================
== Performance Estimates
================================================================
+ Timing: 
    * Summary: 
    +--------+----------+----------+------------+
    |  Clock |  Target  | Estimated| Uncertainty|
    +--------+----------+----------+------------+
    |ap_clk  |  10.00 ns|  7.300 ns|     2.70 ns|
    +--------+----------+----------+------------+

+ Latency: 
    * Summary: 
    +---------+---------+----------+----------+-----+--------+------------------------------------------------+
    |  Latency (cycles) |  Latency (absolute) |   Interval   |                    Pipeline                    |
    |   min   |   max   |    min   |    max   | min |   max  |                      Type                      |
    +---------+---------+----------+----------+-----+--------+------------------------------------------------+
    |       13|   262156|  0.130 us|  2.622 ms|    2|  262145|  loop auto-rewind stp (delay=0 clock cycles(s))|
    +---------+---------+----------+----------+-----+--------+------------------------------------------------+

    + Detail: 
        * Instance: 
        N/A

        * Loop: 
        +-----------------------------------+---------+---------+----------+-----------+-----------+------------+----------+
        |                                   |  Latency (cycles) | Iteration|  Initiation Interval  |    Trip    |          |
        |             Loop Name             |   min   |   max   |  Latency |  achieved |   target  |    Count   | Pipelined|
        +-----------------------------------+---------+---------+----------+-----------+-----------+------------+----------+
        |- VITIS_LOOP_42_1_VITIS_LOOP_44_2  |       11|   262154|        12|          1|          1|  1 ~ 262144|       yes|
        +-----------------------------------+---------+---------+----------+-----------+-----------+------------+----------+

============================================================
+ Verbose Summary: Synthesis Manager
============================================================
InlineROM: 1
ExposeGlobal: 0
============================================================
+ Verbose Summary: CDFG Model
============================================================
IsTopModel: 0
ResetActiveHigh: 1
IsCombinational: 0
IsDatapathOnly: 0
HasWiredReturn: 1
HasMFsm: 2
HasVarLatency: 1
IsPipeline: 0
IsRtlPipelined: 0
IsInstanceOverlapped: 0
IsDontTouch: 0
HasImplIP: 0
IsGatedGlobalClock: 0

+ Individual pipeline summary: 
  * Pipeline-0: initiation interval (II) = 1, depth = 13


============================================================
+ Verbose Summary: Schedule
============================================================
* Number of FSM states : 13
* Pipeline : 1
  Pipeline-0 : II = 1, D = 13, States = { 1 2 3 4 5 6 7 8 9 10 11 12 13 }
* Dataflow Pipeline: 0

* FSM state transitions: 
1 --> 2 
2 --> 3 
3 --> 4 
4 --> 5 
5 --> 6 
6 --> 7 
7 --> 8 
8 --> 9 
9 --> 10 
10 --> 11 
11 --> 12 
12 --> 13 
13 --> 

* FSM state operations: 

State 1 <SV = 0> <Delay = 0.42>
ST_1 : Operation 15 [1/1] (0.00ns)   --->   "%col = alloca i32 1" [/home/xiaorang/Documents/ATOMFLOW/atomflow_controller/../sorting-organized-main/src/sortLatticeByRow.hpp:315->/home/xiaorang/Documents/ATOMFLOW/atomflow_controller/atomflow_controller.cpp:47]   --->   Operation 15 'alloca' 'col' <Predicate = true> <Delay = 0.00>
ST_1 : Operation 16 [1/1] (0.00ns)   --->   "%r = alloca i32 1" [/home/xiaorang/Documents/ATOMFLOW/atomflow_controller/atomflow_controller.cpp:42]   --->   Operation 16 'alloca' 'r' <Predicate = true> <Delay = 0.00>
ST_1 : Operation 17 [1/1] (0.00ns)   --->   "%indvar_flatten = alloca i32 1"   --->   Operation 17 'alloca' 'indvar_flatten' <Predicate = true> <Delay = 0.00>
ST_1 : Operation 18 [1/1] (0.00ns)   --->   "%targetGeometry_mem_read = read i64 @_ssdm_op_Read.ap_auto.i64, i64 %targetGeometry_mem"   --->   Operation 18 'read' 'targetGeometry_mem_read' <Predicate = true> <Delay = 0.00>
ST_1 : Operation 19 [1/1] (0.00ns)   --->   "%sext_ln0_read = read i32 @_ssdm_op_Read.ap_auto.i32, i32 %sext_ln0"   --->   Operation 19 'read' 'sext_ln0_read' <Predicate = true> <Delay = 0.00>
ST_1 : Operation 20 [1/1] (0.00ns)   --->   "%bound_read = read i62 @_ssdm_op_Read.ap_auto.i62, i62 %bound"   --->   Operation 20 'read' 'bound_read' <Predicate = true> <Delay = 0.00>
ST_1 : Operation 21 [1/1] (0.00ns)   --->   "%targetGeometry_cols_write_read = read i32 @_ssdm_op_Read.ap_auto.i32, i32 %targetGeometry_cols_write"   --->   Operation 21 'read' 'targetGeometry_cols_write_read' <Predicate = true> <Delay = 0.00>
ST_1 : Operation 22 [1/1] (0.00ns)   --->   "%sext_ln0_cast = sext i32 %sext_ln0_read"   --->   Operation 22 'sext' 'sext_ln0_cast' <Predicate = true> <Delay = 0.00>
ST_1 : Operation 23 [1/1] (0.00ns)   --->   "%specmemcore_ln0 = specmemcore void @_ssdm_op_SpecMemCore, i1 %targetGeometry_data_s, i64 666, i64 22, i64 18446744073709551615"   --->   Operation 23 'specmemcore' 'specmemcore_ln0' <Predicate = true> <Delay = 0.00>
ST_1 : Operation 24 [1/1] (0.00ns)   --->   "%specinterface_ln0 = specinterface void @_ssdm_op_SpecInterface, i8 %gmem4, void @empty_41, i32 0, i32 0, void @empty_18, i32 0, i32 0, void @empty_8, void @empty_4, void @empty_18, i32 16, i32 16, i32 16, i32 16, void @empty_18, void @empty_18, i32 4294967295, i32 0, i32 0"   --->   Operation 24 'specinterface' 'specinterface_ln0' <Predicate = true> <Delay = 0.00>
ST_1 : Operation 25 [1/1] (0.42ns)   --->   "%store_ln0 = store i62 0, i62 %indvar_flatten"   --->   Operation 25 'store' 'store_ln0' <Predicate = true> <Delay = 0.42>
ST_1 : Operation 26 [1/1] (0.42ns)   --->   "%store_ln42 = store i31 0, i31 %r" [/home/xiaorang/Documents/ATOMFLOW/atomflow_controller/atomflow_controller.cpp:42]   --->   Operation 26 'store' 'store_ln42' <Predicate = true> <Delay = 0.42>
ST_1 : Operation 27 [1/1] (0.42ns)   --->   "%store_ln315 = store i31 0, i31 %col" [/home/xiaorang/Documents/ATOMFLOW/atomflow_controller/../sorting-organized-main/src/sortLatticeByRow.hpp:315->/home/xiaorang/Documents/ATOMFLOW/atomflow_controller/atomflow_controller.cpp:47]   --->   Operation 27 'store' 'store_ln315' <Predicate = true> <Delay = 0.42>
ST_1 : Operation 28 [1/1] (0.00ns)   --->   "%br_ln0 = br void %for.inc"   --->   Operation 28 'br' 'br_ln0' <Predicate = true> <Delay = 0.00>

State 2 <SV = 1> <Delay = 1.51>
ST_2 : Operation 29 [1/1] (0.00ns)   --->   "%indvar_flatten_load = load i62 %indvar_flatten" [/home/xiaorang/Documents/ATOMFLOW/atomflow_controller/atomflow_controller.cpp:42]   --->   Operation 29 'load' 'indvar_flatten_load' <Predicate = true> <Delay = 0.00>
ST_2 : Operation 30 [1/1] (1.08ns)   --->   "%icmp_ln42 = icmp_eq  i62 %indvar_flatten_load, i62 %bound_read" [/home/xiaorang/Documents/ATOMFLOW/atomflow_controller/atomflow_controller.cpp:42]   --->   Operation 30 'icmp' 'icmp_ln42' <Predicate = true> <Delay = 1.08> <CoreInst = "Cmp">   --->   Core 9 'Cmp' <Latency = 0> <II = 1> <Delay = 1.08> <FuncUnit> <Opcode : 'seteq' 'setne' 'setle' 'setge' 'setlt' 'setgt'> <InPorts = 2> <OutPorts = 1>
ST_2 : Operation 31 [1/1] (1.08ns)   --->   "%add_ln42_1 = add i62 %indvar_flatten_load, i62 1" [/home/xiaorang/Documents/ATOMFLOW/atomflow_controller/atomflow_controller.cpp:42]   --->   Operation 31 'add' 'add_ln42_1' <Predicate = true> <Delay = 1.08> <CoreInst = "Adder">   --->   Core 1 'Adder' <Latency = 0> <II = 1> <Delay = 1.08> <FuncUnit> <Opcode : 'add' 'sub'> <InPorts = 2> <OutPorts = 1>
ST_2 : Operation 32 [1/1] (0.00ns)   --->   "%br_ln42 = br i1 %icmp_ln42, void %for.inc10.loopexit, void %for.end12.loopexit.exitStub" [/home/xiaorang/Documents/ATOMFLOW/atomflow_controller/atomflow_controller.cpp:42]   --->   Operation 32 'br' 'br_ln42' <Predicate = true> <Delay = 0.00>
ST_2 : Operation 33 [1/1] (0.42ns)   --->   "%store_ln42 = store i62 %add_ln42_1, i62 %indvar_flatten" [/home/xiaorang/Documents/ATOMFLOW/atomflow_controller/atomflow_controller.cpp:42]   --->   Operation 33 'store' 'store_ln42' <Predicate = (!icmp_ln42)> <Delay = 0.42>

State 3 <SV = 2> <Delay = 7.02>
ST_3 : Operation 34 [1/1] (0.00ns)   --->   "%c = load i31 %col" [/home/xiaorang/Documents/ATOMFLOW/atomflow_controller/atomflow_controller.cpp:44]   --->   Operation 34 'load' 'c' <Predicate = true> <Delay = 0.00>
ST_3 : Operation 35 [1/1] (0.00ns)   --->   "%zext_ln44_1 = zext i31 %c" [/home/xiaorang/Documents/ATOMFLOW/atomflow_controller/atomflow_controller.cpp:44]   --->   Operation 35 'zext' 'zext_ln44_1' <Predicate = true> <Delay = 0.00>
ST_3 : Operation 36 [1/1] (1.01ns)   --->   "%icmp_ln44 = icmp_slt  i32 %zext_ln44_1, i32 %targetGeometry_cols_write_read" [/home/xiaorang/Documents/ATOMFLOW/atomflow_controller/atomflow_controller.cpp:44]   --->   Operation 36 'icmp' 'icmp_ln44' <Predicate = true> <Delay = 1.01> <CoreInst = "Cmp">   --->   Core 9 'Cmp' <Latency = 0> <II = 1> <Delay = 1.01> <FuncUnit> <Opcode : 'seteq' 'setne' 'setle' 'setge' 'setlt' 'setgt'> <InPorts = 2> <OutPorts = 1>
ST_3 : Operation 37 [1/1] (0.00ns)   --->   "%r_load = load i31 %r" [/home/xiaorang/Documents/ATOMFLOW/atomflow_controller/atomflow_controller.cpp:42]   --->   Operation 37 'load' 'r_load' <Predicate = (!icmp_ln42)> <Delay = 0.00>
ST_3 : Operation 38 [1/1] (1.00ns)   --->   "%add_ln42 = add i31 %r_load, i31 1" [/home/xiaorang/Documents/ATOMFLOW/atomflow_controller/atomflow_controller.cpp:42]   --->   Operation 38 'add' 'add_ln42' <Predicate = (!icmp_ln42)> <Delay = 1.00> <CoreInst = "Adder">   --->   Core 1 'Adder' <Latency = 0> <II = 1> <Delay = 1.00> <FuncUnit> <Opcode : 'add' 'sub'> <InPorts = 2> <OutPorts = 1>
ST_3 : Operation 39 [1/1] (0.41ns)   --->   "%select_ln42 = select i1 %icmp_ln44, i31 %c, i31 0" [/home/xiaorang/Documents/ATOMFLOW/atomflow_controller/atomflow_controller.cpp:42]   --->   Operation 39 'select' 'select_ln42' <Predicate = (!icmp_ln42)> <Delay = 0.41> <CoreInst = "Sel">   --->   Core 73 'Sel' <Latency = 0> <II = 1> <Delay = 0.41> <FuncUnit> <Opcode : 'select'> <InPorts = 3> <OutPorts = 1>
ST_3 : Operation 40 [1/1] (0.41ns)   --->   "%select_ln42_1 = select i1 %icmp_ln44, i31 %r_load, i31 %add_ln42" [/home/xiaorang/Documents/ATOMFLOW/atomflow_controller/atomflow_controller.cpp:42]   --->   Operation 40 'select' 'select_ln42_1' <Predicate = (!icmp_ln42)> <Delay = 0.41> <CoreInst = "Sel">   --->   Core 73 'Sel' <Latency = 0> <II = 1> <Delay = 0.41> <FuncUnit> <Opcode : 'select'> <InPorts = 3> <OutPorts = 1>
ST_3 : Operation 41 [1/1] (0.00ns)   --->   "%zext_ln42 = zext i31 %select_ln42_1" [/home/xiaorang/Documents/ATOMFLOW/atomflow_controller/atomflow_controller.cpp:42]   --->   Operation 41 'zext' 'zext_ln42' <Predicate = (!icmp_ln42)> <Delay = 0.00>
ST_3 : Operation 42 [1/1] (3.42ns)   --->   "%empty = mul i62 %sext_ln0_cast, i62 %zext_ln42" [/home/xiaorang/Documents/ATOMFLOW/atomflow_controller/atomflow_controller.cpp:42]   --->   Operation 42 'mul' 'empty' <Predicate = (!icmp_ln42)> <Delay = 3.42> <CoreInst = "Multiplier">   --->   Core 3 'Multiplier' <Latency = 0> <II = 1> <Delay = 3.42> <FuncUnit> <Opcode : 'mul'> <InPorts = 2> <OutPorts = 1>
ST_3 : Operation 43 [1/1] (0.00ns)   --->   "%zext_ln44 = zext i31 %select_ln42" [/home/xiaorang/Documents/ATOMFLOW/atomflow_controller/atomflow_controller.cpp:44]   --->   Operation 43 'zext' 'zext_ln44' <Predicate = (!icmp_ln42)> <Delay = 0.00>
ST_3 : Operation 44 [1/1] (1.08ns)   --->   "%add_ln46 = add i62 %empty, i62 %zext_ln44" [/home/xiaorang/Documents/ATOMFLOW/atomflow_controller/atomflow_controller.cpp:46]   --->   Operation 44 'add' 'add_ln46' <Predicate = (!icmp_ln42)> <Delay = 1.08> <CoreInst = "Adder">   --->   Core 1 'Adder' <Latency = 0> <II = 1> <Delay = 1.08> <FuncUnit> <Opcode : 'add' 'sub'> <InPorts = 2> <OutPorts = 1>
ST_3 : Operation 45 [1/1] (0.00ns)   --->   "%zext_ln47 = zext i62 %add_ln46" [/home/xiaorang/Documents/ATOMFLOW/atomflow_controller/atomflow_controller.cpp:47]   --->   Operation 45 'zext' 'zext_ln47' <Predicate = (!icmp_ln42)> <Delay = 0.00>
ST_3 : Operation 46 [1/1] (1.08ns)   --->   "%add_ln47 = add i64 %zext_ln47, i64 %targetGeometry_mem_read" [/home/xiaorang/Documents/ATOMFLOW/atomflow_controller/atomflow_controller.cpp:47]   --->   Operation 46 'add' 'add_ln47' <Predicate = (!icmp_ln42)> <Delay = 1.08> <CoreInst = "Adder">   --->   Core 1 'Adder' <Latency = 0> <II = 1> <Delay = 1.08> <FuncUnit> <Opcode : 'add' 'sub'> <InPorts = 2> <OutPorts = 1>
ST_3 : Operation 47 [1/1] (0.00ns)   --->   "%gmem4_addr = getelementptr i8 %gmem4, i64 %add_ln47" [/home/xiaorang/Documents/ATOMFLOW/atomflow_controller/atomflow_controller.cpp:47]   --->   Operation 47 'getelementptr' 'gmem4_addr' <Predicate = (!icmp_ln42)> <Delay = 0.00>
ST_3 : Operation 48 [1/1] (1.00ns)   --->   "%add_ln44 = add i31 %select_ln42, i31 1" [/home/xiaorang/Documents/ATOMFLOW/atomflow_controller/atomflow_controller.cpp:44]   --->   Operation 48 'add' 'add_ln44' <Predicate = (!icmp_ln42)> <Delay = 1.00> <CoreInst = "Adder">   --->   Core 1 'Adder' <Latency = 0> <II = 1> <Delay = 1.00> <FuncUnit> <Opcode : 'add' 'sub'> <InPorts = 2> <OutPorts = 1>
ST_3 : Operation 49 [1/1] (0.42ns)   --->   "%store_ln42 = store i31 %select_ln42_1, i31 %r" [/home/xiaorang/Documents/ATOMFLOW/atomflow_controller/atomflow_controller.cpp:42]   --->   Operation 49 'store' 'store_ln42' <Predicate = (!icmp_ln42)> <Delay = 0.42>
ST_3 : Operation 50 [1/1] (0.42ns)   --->   "%store_ln315 = store i31 %add_ln44, i31 %col" [/home/xiaorang/Documents/ATOMFLOW/atomflow_controller/../sorting-organized-main/src/sortLatticeByRow.hpp:315->/home/xiaorang/Documents/ATOMFLOW/atomflow_controller/atomflow_controller.cpp:47]   --->   Operation 50 'store' 'store_ln315' <Predicate = (!icmp_ln42)> <Delay = 0.42>

State 4 <SV = 3> <Delay = 7.30>
ST_4 : Operation 51 [8/8] (7.30ns)   --->   "%gmem4_load_req = readreq i1 @_ssdm_op_ReadReq.m_axi.i8P1A, i8 %gmem4_addr, i64 1" [/home/xiaorang/Documents/ATOMFLOW/atomflow_controller/atomflow_controller.cpp:47]   --->   Operation 51 'readreq' 'gmem4_load_req' <Predicate = true> <Delay = 7.30> <CoreInst = "m_axi">   --->   Core 119 'm_axi' <Latency = 6> <II = 1> <Delay = 1.00> <Adapter> <Opcode : 'read' 'write' 'readreq' 'writereq' 'writeresp'>

State 5 <SV = 4> <Delay = 7.30>
ST_5 : Operation 52 [7/8] (7.30ns)   --->   "%gmem4_load_req = readreq i1 @_ssdm_op_ReadReq.m_axi.i8P1A, i8 %gmem4_addr, i64 1" [/home/xiaorang/Documents/ATOMFLOW/atomflow_controller/atomflow_controller.cpp:47]   --->   Operation 52 'readreq' 'gmem4_load_req' <Predicate = true> <Delay = 7.30> <CoreInst = "m_axi">   --->   Core 119 'm_axi' <Latency = 6> <II = 1> <Delay = 1.00> <Adapter> <Opcode : 'read' 'write' 'readreq' 'writereq' 'writeresp'>

State 6 <SV = 5> <Delay = 7.30>
ST_6 : Operation 53 [6/8] (7.30ns)   --->   "%gmem4_load_req = readreq i1 @_ssdm_op_ReadReq.m_axi.i8P1A, i8 %gmem4_addr, i64 1" [/home/xiaorang/Documents/ATOMFLOW/atomflow_controller/atomflow_controller.cpp:47]   --->   Operation 53 'readreq' 'gmem4_load_req' <Predicate = true> <Delay = 7.30> <CoreInst = "m_axi">   --->   Core 119 'm_axi' <Latency = 6> <II = 1> <Delay = 1.00> <Adapter> <Opcode : 'read' 'write' 'readreq' 'writereq' 'writeresp'>

State 7 <SV = 6> <Delay = 7.30>
ST_7 : Operation 54 [5/8] (7.30ns)   --->   "%gmem4_load_req = readreq i1 @_ssdm_op_ReadReq.m_axi.i8P1A, i8 %gmem4_addr, i64 1" [/home/xiaorang/Documents/ATOMFLOW/atomflow_controller/atomflow_controller.cpp:47]   --->   Operation 54 'readreq' 'gmem4_load_req' <Predicate = true> <Delay = 7.30> <CoreInst = "m_axi">   --->   Core 119 'm_axi' <Latency = 6> <II = 1> <Delay = 1.00> <Adapter> <Opcode : 'read' 'write' 'readreq' 'writereq' 'writeresp'>

State 8 <SV = 7> <Delay = 7.30>
ST_8 : Operation 55 [4/8] (7.30ns)   --->   "%gmem4_load_req = readreq i1 @_ssdm_op_ReadReq.m_axi.i8P1A, i8 %gmem4_addr, i64 1" [/home/xiaorang/Documents/ATOMFLOW/atomflow_controller/atomflow_controller.cpp:47]   --->   Operation 55 'readreq' 'gmem4_load_req' <Predicate = true> <Delay = 7.30> <CoreInst = "m_axi">   --->   Core 119 'm_axi' <Latency = 6> <II = 1> <Delay = 1.00> <Adapter> <Opcode : 'read' 'write' 'readreq' 'writereq' 'writeresp'>

State 9 <SV = 8> <Delay = 7.30>
ST_9 : Operation 56 [3/8] (7.30ns)   --->   "%gmem4_load_req = readreq i1 @_ssdm_op_ReadReq.m_axi.i8P1A, i8 %gmem4_addr, i64 1" [/home/xiaorang/Documents/ATOMFLOW/atomflow_controller/atomflow_controller.cpp:47]   --->   Operation 56 'readreq' 'gmem4_load_req' <Predicate = true> <Delay = 7.30> <CoreInst = "m_axi">   --->   Core 119 'm_axi' <Latency = 6> <II = 1> <Delay = 1.00> <Adapter> <Opcode : 'read' 'write' 'readreq' 'writereq' 'writeresp'>

State 10 <SV = 9> <Delay = 7.30>
ST_10 : Operation 57 [2/8] (7.30ns)   --->   "%gmem4_load_req = readreq i1 @_ssdm_op_ReadReq.m_axi.i8P1A, i8 %gmem4_addr, i64 1" [/home/xiaorang/Documents/ATOMFLOW/atomflow_controller/atomflow_controller.cpp:47]   --->   Operation 57 'readreq' 'gmem4_load_req' <Predicate = true> <Delay = 7.30> <CoreInst = "m_axi">   --->   Core 119 'm_axi' <Latency = 6> <II = 1> <Delay = 1.00> <Adapter> <Opcode : 'read' 'write' 'readreq' 'writereq' 'writeresp'>

State 11 <SV = 10> <Delay = 7.30>
ST_11 : Operation 58 [1/8] (7.30ns)   --->   "%gmem4_load_req = readreq i1 @_ssdm_op_ReadReq.m_axi.i8P1A, i8 %gmem4_addr, i64 1" [/home/xiaorang/Documents/ATOMFLOW/atomflow_controller/atomflow_controller.cpp:47]   --->   Operation 58 'readreq' 'gmem4_load_req' <Predicate = true> <Delay = 7.30> <CoreInst = "m_axi">   --->   Core 119 'm_axi' <Latency = 6> <II = 1> <Delay = 1.00> <Adapter> <Opcode : 'read' 'write' 'readreq' 'writereq' 'writeresp'>

State 12 <SV = 11> <Delay = 7.30>
ST_12 : Operation 59 [1/1] (7.30ns)   --->   "%gmem4_addr_read = read i8 @_ssdm_op_Read.m_axi.volatile.i8P1A, i8 %gmem4_addr" [/home/xiaorang/Documents/ATOMFLOW/atomflow_controller/atomflow_controller.cpp:47]   --->   Operation 59 'read' 'gmem4_addr_read' <Predicate = true> <Delay = 7.30> <CoreInst = "m_axi">   --->   Core 119 'm_axi' <Latency = 3> <II = 1> <Delay = 1.00> <Adapter> <Opcode : 'read' 'write' 'readreq' 'writereq' 'writeresp'>
ST_12 : Operation 67 [1/1] (0.42ns)   --->   "%ret_ln0 = ret"   --->   Operation 67 'ret' 'ret_ln0' <Predicate = (icmp_ln42)> <Delay = 0.42>

State 13 <SV = 12> <Delay = 2.00>
ST_13 : Operation 60 [1/1] (0.00ns)   --->   "%specloopname_ln0 = specloopname void @_ssdm_op_SpecLoopName, void @VITIS_LOOP_42_1_VITIS_LOOP_44_2_str"   --->   Operation 60 'specloopname' 'specloopname_ln0' <Predicate = true> <Delay = 0.00>
ST_13 : Operation 61 [1/1] (0.00ns)   --->   "%speclooptripcount_ln0 = speclooptripcount void @_ssdm_op_SpecLoopTripCount, i64 1, i64 262144, i64 65536"   --->   Operation 61 'speclooptripcount' 'speclooptripcount_ln0' <Predicate = true> <Delay = 0.00>
ST_13 : Operation 62 [1/1] (0.00ns)   --->   "%specpipeline_ln44 = specpipeline void @_ssdm_op_SpecPipeline, i32 4294967295, i32 0, i32 0, i32 0, void @empty_18" [/home/xiaorang/Documents/ATOMFLOW/atomflow_controller/atomflow_controller.cpp:44]   --->   Operation 62 'specpipeline' 'specpipeline_ln44' <Predicate = true> <Delay = 0.00>
ST_13 : Operation 63 [1/1] (0.76ns)   --->   "%icmp_ln47 = icmp_ne  i8 %gmem4_addr_read, i8 0" [/home/xiaorang/Documents/ATOMFLOW/atomflow_controller/atomflow_controller.cpp:47]   --->   Operation 63 'icmp' 'icmp_ln47' <Predicate = true> <Delay = 0.76> <CoreInst = "Cmp">   --->   Core 9 'Cmp' <Latency = 0> <II = 1> <Delay = 0.76> <FuncUnit> <Opcode : 'seteq' 'setne' 'setle' 'setge' 'setlt' 'setgt'> <InPorts = 2> <OutPorts = 1>
ST_13 : Operation 64 [1/1] (0.00ns)   --->   "%targetGeometry_data_addr = getelementptr i1 %targetGeometry_data_s, i64 0, i64 %zext_ln47" [/home/xiaorang/Documents/ATOMFLOW/atomflow_controller/../sorting-organized-main/src/sortLatticeByRow.hpp:316->/home/xiaorang/Documents/ATOMFLOW/atomflow_controller/atomflow_controller.cpp:47]   --->   Operation 64 'getelementptr' 'targetGeometry_data_addr' <Predicate = true> <Delay = 0.00>
ST_13 : Operation 65 [1/1] ( I:1.23ns O:1.23ns )   --->   "%store_ln47 = store i1 %icmp_ln47, i15 %targetGeometry_data_addr" [/home/xiaorang/Documents/ATOMFLOW/atomflow_controller/atomflow_controller.cpp:47]   --->   Operation 65 'store' 'store_ln47' <Predicate = true> <Delay = 1.23> <CoreInst = "RAM_2P_BRAM">   --->   Core 93 'RAM_2P_BRAM' <Latency = 1> <II = 1> <Delay = 1.23> <Storage> <Opcode : 'load' 'store'> <Ports = 2> <Width = 1> <Depth = 25000> <RAM>
ST_13 : Operation 66 [1/1] (0.00ns)   --->   "%br_ln44 = br void %for.inc" [/home/xiaorang/Documents/ATOMFLOW/atomflow_controller/atomflow_controller.cpp:44]   --->   Operation 66 'br' 'br_ln44' <Predicate = true> <Delay = 0.00>


============================================================
+ Verbose Summary: Timing violations
============================================================
Target clock period: 10.000ns, clock uncertainty: 2.700ns.

 <State 1>: 0.427ns
The critical path consists of the following:
	'alloca' operation 62 bit ('indvar_flatten') [9]  (0.000 ns)
	'store' operation 0 bit ('store_ln0') of constant 0 on local variable 'indvar_flatten' [17]  (0.427 ns)

 <State 2>: 1.515ns
The critical path consists of the following:
	'load' operation 62 bit ('indvar_flatten_load', /home/xiaorang/Documents/ATOMFLOW/atomflow_controller/atomflow_controller.cpp:42) on local variable 'indvar_flatten' [23]  (0.000 ns)
	'add' operation 62 bit ('add_ln42_1', /home/xiaorang/Documents/ATOMFLOW/atomflow_controller/atomflow_controller.cpp:42) [27]  (1.088 ns)
	'store' operation 0 bit ('store_ln42', /home/xiaorang/Documents/ATOMFLOW/atomflow_controller/atomflow_controller.cpp:42) of variable 'add_ln42_1', /home/xiaorang/Documents/ATOMFLOW/atomflow_controller/atomflow_controller.cpp:42 on local variable 'indvar_flatten' [50]  (0.427 ns)

 <State 3>: 7.027ns
The critical path consists of the following:
	'load' operation 31 bit ('c', /home/xiaorang/Documents/ATOMFLOW/atomflow_controller/atomflow_controller.cpp:44) on local variable 'col', /home/xiaorang/Documents/ATOMFLOW/atomflow_controller/../sorting-organized-main/src/sortLatticeByRow.hpp:315->/home/xiaorang/Documents/ATOMFLOW/atomflow_controller/atomflow_controller.cpp:47 [22]  (0.000 ns)
	'icmp' operation 1 bit ('icmp_ln44', /home/xiaorang/Documents/ATOMFLOW/atomflow_controller/atomflow_controller.cpp:44) [25]  (1.016 ns)
	'select' operation 31 bit ('select_ln42_1', /home/xiaorang/Documents/ATOMFLOW/atomflow_controller/atomflow_controller.cpp:42) [35]  (0.418 ns)
	'mul' operation 62 bit ('empty', /home/xiaorang/Documents/ATOMFLOW/atomflow_controller/atomflow_controller.cpp:42) [37]  (3.420 ns)
	'add' operation 62 bit ('add_ln46', /home/xiaorang/Documents/ATOMFLOW/atomflow_controller/atomflow_controller.cpp:46) [40]  (1.088 ns)
	'add' operation 64 bit ('add_ln47', /home/xiaorang/Documents/ATOMFLOW/atomflow_controller/atomflow_controller.cpp:47) [42]  (1.085 ns)

 <State 4>: 7.300ns
The critical path consists of the following:
	bus request operation ('gmem4_load_req', /home/xiaorang/Documents/ATOMFLOW/atomflow_controller/atomflow_controller.cpp:47) on port 'gmem4' (/home/xiaorang/Documents/ATOMFLOW/atomflow_controller/atomflow_controller.cpp:47) [44]  (7.300 ns)

 <State 5>: 7.300ns
The critical path consists of the following:
	bus request operation ('gmem4_load_req', /home/xiaorang/Documents/ATOMFLOW/atomflow_controller/atomflow_controller.cpp:47) on port 'gmem4' (/home/xiaorang/Documents/ATOMFLOW/atomflow_controller/atomflow_controller.cpp:47) [44]  (7.300 ns)

 <State 6>: 7.300ns
The critical path consists of the following:
	bus request operation ('gmem4_load_req', /home/xiaorang/Documents/ATOMFLOW/atomflow_controller/atomflow_controller.cpp:47) on port 'gmem4' (/home/xiaorang/Documents/ATOMFLOW/atomflow_controller/atomflow_controller.cpp:47) [44]  (7.300 ns)

 <State 7>: 7.300ns
The critical path consists of the following:
	bus request operation ('gmem4_load_req', /home/xiaorang/Documents/ATOMFLOW/atomflow_controller/atomflow_controller.cpp:47) on port 'gmem4' (/home/xiaorang/Documents/ATOMFLOW/atomflow_controller/atomflow_controller.cpp:47) [44]  (7.300 ns)

 <State 8>: 7.300ns
The critical path consists of the following:
	bus request operation ('gmem4_load_req', /home/xiaorang/Documents/ATOMFLOW/atomflow_controller/atomflow_controller.cpp:47) on port 'gmem4' (/home/xiaorang/Documents/ATOMFLOW/atomflow_controller/atomflow_controller.cpp:47) [44]  (7.300 ns)

 <State 9>: 7.300ns
The critical path consists of the following:
	bus request operation ('gmem4_load_req', /home/xiaorang/Documents/ATOMFLOW/atomflow_controller/atomflow_controller.cpp:47) on port 'gmem4' (/home/xiaorang/Documents/ATOMFLOW/atomflow_controller/atomflow_controller.cpp:47) [44]  (7.300 ns)

 <State 10>: 7.300ns
The critical path consists of the following:
	bus request operation ('gmem4_load_req', /home/xiaorang/Documents/ATOMFLOW/atomflow_controller/atomflow_controller.cpp:47) on port 'gmem4' (/home/xiaorang/Documents/ATOMFLOW/atomflow_controller/atomflow_controller.cpp:47) [44]  (7.300 ns)

 <State 11>: 7.300ns
The critical path consists of the following:
	bus request operation ('gmem4_load_req', /home/xiaorang/Documents/ATOMFLOW/atomflow_controller/atomflow_controller.cpp:47) on port 'gmem4' (/home/xiaorang/Documents/ATOMFLOW/atomflow_controller/atomflow_controller.cpp:47) [44]  (7.300 ns)

 <State 12>: 7.300ns
The critical path consists of the following:
	bus read operation ('gmem4_addr_read', /home/xiaorang/Documents/ATOMFLOW/atomflow_controller/atomflow_controller.cpp:47) on port 'gmem4' (/home/xiaorang/Documents/ATOMFLOW/atomflow_controller/atomflow_controller.cpp:47) [45]  (7.300 ns)

 <State 13>: 2.002ns
The critical path consists of the following:
	'icmp' operation 1 bit ('icmp_ln47', /home/xiaorang/Documents/ATOMFLOW/atomflow_controller/atomflow_controller.cpp:47) [46]  (0.765 ns)
	'store' operation 0 bit ('store_ln47', /home/xiaorang/Documents/ATOMFLOW/atomflow_controller/atomflow_controller.cpp:47) of variable 'icmp_ln47', /home/xiaorang/Documents/ATOMFLOW/atomflow_controller/atomflow_controller.cpp:47 on array 'targetGeometry_data_s' [48]  (1.237 ns)


============================================================
+ Verbose Summary: Binding
============================================================
N/A
* FSMD analyzer results:
  - Output states:
 - Input state : 
  - Chain level:
	State 1
	State 2
	State 3
	State 4
	State 5
	State 6
	State 7
	State 8
	State 9
	State 10
	State 11
	State 12
	State 13


============================================================
+ Verbose Summary: Datapath Resource usage 
============================================================
N/A
