

================================================================
== Vitis HLS Report for 'load_target_geometry'
================================================================
* Date:           Thu Mar 26 11:03:16 2026

* Version:        2024.2 (Build 5238294 on Nov  8 2024)
* Project:        atomflow_controller_2024_2
* Solution:       hls (Vivado IP Flow Target)
* Product family: zynquplusRFSOC
* Target device:  xczu49dr-ffvf1760-2-e


================================================================
== Performance Estimates
================================================================
+ Timing: 
    * Summary: 
    +--------+----------+----------+------------+
    |  Clock |  Target  | Estimated| Uncertainty|
    +--------+----------+----------+------------+
    |ap_clk  |  10.00 ns|  7.300 ns|     2.70 ns|
    +--------+----------+----------+------------+

+ Latency: 
    * Summary: 
    +---------+---------+----------+----------+-----+--------+---------+
    |  Latency (cycles) |  Latency (absolute) |   Interval   | Pipeline|
    |   min   |   max   |    min   |    max   | min |   max  |   Type  |
    +---------+---------+----------+----------+-----+--------+---------+
    |       23|   312165|  0.230 us|  3.122 ms|   23|  312165|       no|
    +---------+---------+----------+----------+-----+--------+---------+

    + Detail: 
        * Instance: 
        N/A

        * Loop: 
        N/A

============================================================
+ Verbose Summary: Synthesis Manager
============================================================
InlineROM: 1
ExposeGlobal: 0
============================================================
+ Verbose Summary: CDFG Model
============================================================
IsTopModel: 0
ResetActiveHigh: 1
IsCombinational: 0
IsDatapathOnly: 0
HasWiredReturn: 1
HasMFsm: 0
HasVarLatency: 1
IsPipeline: 0
IsRtlPipelined: 0
IsInstanceOverlapped: 0
IsDontTouch: 0
HasImplIP: 0
IsGatedGlobalClock: 0


============================================================
+ Verbose Summary: Schedule
============================================================
* Number of FSM states : 6
* Pipeline : 0
* Dataflow Pipeline: 0

* FSM state transitions: 
1 --> 2 
2 --> 3 
3 --> 4 
4 --> 5 
5 --> 6 
6 --> 

* FSM state operations: 

State 1 <SV = 0> <Delay = 5.74>
ST_1 : Operation 7 [1/1] (0.00ns)   --->   "%targetGeometry_cols_write_read = read i32 @_ssdm_op_Read.ap_auto.i32, i32 %targetGeometry_cols_write"   --->   Operation 7 'read' 'targetGeometry_cols_write_read' <Predicate = true> <Delay = 0.00>
ST_1 : Operation 8 [1/1] (0.00ns)   --->   "%targetGeometry_rows_write_read = read i32 @_ssdm_op_Read.ap_auto.i32, i32 %targetGeometry_rows_write"   --->   Operation 8 'read' 'targetGeometry_rows_write_read' <Predicate = true> <Delay = 0.00>
ST_1 : Operation 9 [1/1] (0.00ns)   --->   "%empty = trunc i32 %targetGeometry_cols_write_read"   --->   Operation 9 'trunc' 'empty' <Predicate = true> <Delay = 0.00>
ST_1 : Operation 10 [1/1] (0.00ns)   --->   "%empty_174 = trunc i32 %targetGeometry_rows_write_read"   --->   Operation 10 'trunc' 'empty_174' <Predicate = true> <Delay = 0.00>
ST_1 : Operation 11 [1/1] (0.00ns)   --->   "%sext_ln40 = sext i32 %targetGeometry_rows_write_read" [/home/xiaorang/Documents/ATOMFLOW/atomflow_controller/atomflow_controller.cpp:40]   --->   Operation 11 'sext' 'sext_ln40' <Predicate = true> <Delay = 0.00>
ST_1 : Operation 12 [1/1] (0.00ns)   --->   "%sext_ln40_1 = sext i32 %targetGeometry_cols_write_read" [/home/xiaorang/Documents/ATOMFLOW/atomflow_controller/atomflow_controller.cpp:40]   --->   Operation 12 'sext' 'sext_ln40_1' <Predicate = true> <Delay = 0.00>
ST_1 : Operation 13 [1/1] (3.42ns)   --->   "%i = mul i64 %sext_ln40_1, i64 %sext_ln40" [/home/xiaorang/Documents/ATOMFLOW/atomflow_controller/src/../../sorting-organized-main/src/sortLatticeByRow.hpp:341->/home/xiaorang/Documents/ATOMFLOW/atomflow_controller/atomflow_controller.cpp:40]   --->   Operation 13 'mul' 'i' <Predicate = true> <Delay = 3.42> <CoreInst = "Multiplier">   --->   Core 3 'Multiplier' <Latency = 0> <II = 1> <Delay = 3.42> <FuncUnit> <Opcode : 'mul'> <InPorts = 2> <OutPorts = 1>
ST_1 : Operation 14 [1/1] (0.00ns)   --->   "%trunc_ln348 = trunc i64 %i" [/home/xiaorang/Documents/ATOMFLOW/atomflow_controller/src/../../sorting-organized-main/src/sortLatticeByRow.hpp:348->/home/xiaorang/Documents/ATOMFLOW/atomflow_controller/atomflow_controller.cpp:40]   --->   Operation 14 'trunc' 'trunc_ln348' <Predicate = true> <Delay = 0.00>
ST_1 : Operation 15 [2/2] (2.32ns)   --->   "%call_ln341 = call void @load_target_geometry_Pipeline_VITIS_LOOP_342_1, i64 %i, i1 %targetGeometry_data_s" [/home/xiaorang/Documents/ATOMFLOW/atomflow_controller/src/../../sorting-organized-main/src/sortLatticeByRow.hpp:341->/home/xiaorang/Documents/ATOMFLOW/atomflow_controller/atomflow_controller.cpp:40]   --->   Operation 15 'call' 'call_ln341' <Predicate = true> <Delay = 2.32> <CoreType = "Generic">   --->   Generic Core
ST_1 : Operation 16 [1/1] (1.01ns)   --->   "%empty_175 = icmp_sgt  i32 %targetGeometry_rows_write_read, i32 0"   --->   Operation 16 'icmp' 'empty_175' <Predicate = true> <Delay = 1.01> <CoreInst = "Cmp">   --->   Core 9 'Cmp' <Latency = 0> <II = 1> <Delay = 1.01> <FuncUnit> <Opcode : 'seteq' 'setne' 'setle' 'setge' 'setlt' 'setgt'> <InPorts = 2> <OutPorts = 1>
ST_1 : Operation 17 [1/1] (0.41ns)   --->   "%smax = select i1 %empty_175, i31 %empty_174, i31 0"   --->   Operation 17 'select' 'smax' <Predicate = true> <Delay = 0.41> <CoreInst = "Sel">   --->   Core 73 'Sel' <Latency = 0> <II = 1> <Delay = 0.41> <FuncUnit> <Opcode : 'select'> <InPorts = 3> <OutPorts = 1>

State 2 <SV = 1> <Delay = 1.93>
ST_2 : Operation 18 [1/2] (1.93ns)   --->   "%call_ln341 = call void @load_target_geometry_Pipeline_VITIS_LOOP_342_1, i64 %i, i1 %targetGeometry_data_s" [/home/xiaorang/Documents/ATOMFLOW/atomflow_controller/src/../../sorting-organized-main/src/sortLatticeByRow.hpp:341->/home/xiaorang/Documents/ATOMFLOW/atomflow_controller/atomflow_controller.cpp:40]   --->   Operation 18 'call' 'call_ln341' <Predicate = true> <Delay = 1.93> <CoreType = "Generic">   --->   Generic Core

State 3 <SV = 2> <Delay = 2.50>
ST_3 : Operation 19 [2/2] (2.50ns)   --->   "%call_ln348 = call void @load_target_geometry_Pipeline_VITIS_LOOP_348_2, i15 %trunc_ln348, i1 %targetGeometry_data_s" [/home/xiaorang/Documents/ATOMFLOW/atomflow_controller/src/../../sorting-organized-main/src/sortLatticeByRow.hpp:348->/home/xiaorang/Documents/ATOMFLOW/atomflow_controller/atomflow_controller.cpp:40]   --->   Operation 19 'call' 'call_ln348' <Predicate = true> <Delay = 2.50> <CoreType = "Generic">   --->   Generic Core

State 4 <SV = 3> <Delay = 4.80>
ST_4 : Operation 20 [1/2] (1.69ns)   --->   "%call_ln348 = call void @load_target_geometry_Pipeline_VITIS_LOOP_348_2, i15 %trunc_ln348, i1 %targetGeometry_data_s" [/home/xiaorang/Documents/ATOMFLOW/atomflow_controller/src/../../sorting-organized-main/src/sortLatticeByRow.hpp:348->/home/xiaorang/Documents/ATOMFLOW/atomflow_controller/atomflow_controller.cpp:40]   --->   Operation 20 'call' 'call_ln348' <Predicate = true> <Delay = 1.69> <CoreType = "Generic">   --->   Generic Core
ST_4 : Operation 21 [1/1] (1.01ns)   --->   "%empty_176 = icmp_sgt  i32 %targetGeometry_cols_write_read, i32 0"   --->   Operation 21 'icmp' 'empty_176' <Predicate = true> <Delay = 1.01> <CoreInst = "Cmp">   --->   Core 9 'Cmp' <Latency = 0> <II = 1> <Delay = 1.01> <FuncUnit> <Opcode : 'seteq' 'setne' 'setle' 'setge' 'setlt' 'setgt'> <InPorts = 2> <OutPorts = 1>
ST_4 : Operation 22 [1/1] (0.41ns)   --->   "%smax1 = select i1 %empty_176, i31 %empty, i31 0"   --->   Operation 22 'select' 'smax1' <Predicate = true> <Delay = 0.41> <CoreInst = "Sel">   --->   Core 73 'Sel' <Latency = 0> <II = 1> <Delay = 0.41> <FuncUnit> <Opcode : 'select'> <InPorts = 3> <OutPorts = 1>
ST_4 : Operation 23 [1/1] (0.00ns)   --->   "%smax_cast = zext i31 %smax"   --->   Operation 23 'zext' 'smax_cast' <Predicate = true> <Delay = 0.00>
ST_4 : Operation 24 [1/1] (0.00ns)   --->   "%smax1_cast = zext i31 %smax1"   --->   Operation 24 'zext' 'smax1_cast' <Predicate = true> <Delay = 0.00>
ST_4 : Operation 25 [1/1] (3.37ns)   --->   "%bound = mul i62 %smax_cast, i62 %smax1_cast"   --->   Operation 25 'mul' 'bound' <Predicate = true> <Delay = 3.37> <CoreInst = "Multiplier">   --->   Core 3 'Multiplier' <Latency = 0> <II = 1> <Delay = 3.37> <FuncUnit> <Opcode : 'mul'> <InPorts = 2> <OutPorts = 1>

State 5 <SV = 4> <Delay = 0.00>
ST_5 : Operation 26 [1/1] (0.00ns)   --->   "%targetGeometry_mem_read = read i64 @_ssdm_op_Read.ap_auto.i64, i64 %targetGeometry_mem"   --->   Operation 26 'read' 'targetGeometry_mem_read' <Predicate = true> <Delay = 0.00>
ST_5 : Operation 27 [2/2] (0.00ns)   --->   "%call_ln0 = call void @load_target_geometry_Pipeline_VITIS_LOOP_42_1_VITIS_LOOP_44_2, i32 %targetGeometry_cols_write_read, i62 %bound, i32 %targetGeometry_cols_write_read, i64 %targetGeometry_mem_read, i8 %gmem4, i1 %targetGeometry_data_s"   --->   Operation 27 'call' 'call_ln0' <Predicate = true> <Delay = 0.00> <CoreType = "Generic">   --->   Generic Core

State 6 <SV = 5> <Delay = 0.00>
ST_6 : Operation 28 [1/1] (0.00ns)   --->   "%specmemcore_ln0 = specmemcore void @_ssdm_op_SpecMemCore, i1 %targetGeometry_data_s, i64 666, i64 22, i64 18446744073709551615"   --->   Operation 28 'specmemcore' 'specmemcore_ln0' <Predicate = true> <Delay = 0.00>
ST_6 : Operation 29 [1/1] (0.00ns)   --->   "%specinterface_ln0 = specinterface void @_ssdm_op_SpecInterface, i8 %gmem4, void @empty_41, i32 0, i32 0, void @empty_18, i32 0, i32 0, void @empty_8, void @empty_4, void @empty_18, i32 16, i32 16, i32 16, i32 16, void @empty_18, void @empty_18, i32 4294967295, i32 0, i32 0"   --->   Operation 29 'specinterface' 'specinterface_ln0' <Predicate = true> <Delay = 0.00>
ST_6 : Operation 30 [1/2] (0.00ns)   --->   "%call_ln0 = call void @load_target_geometry_Pipeline_VITIS_LOOP_42_1_VITIS_LOOP_44_2, i32 %targetGeometry_cols_write_read, i62 %bound, i32 %targetGeometry_cols_write_read, i64 %targetGeometry_mem_read, i8 %gmem4, i1 %targetGeometry_data_s"   --->   Operation 30 'call' 'call_ln0' <Predicate = true> <Delay = 0.00> <CoreType = "Generic">   --->   Generic Core
ST_6 : Operation 31 [1/1] (0.00ns)   --->   "%mrv = insertvalue i128 <undef>, i64 %sext_ln40" [/home/xiaorang/Documents/ATOMFLOW/atomflow_controller/atomflow_controller.cpp:50]   --->   Operation 31 'insertvalue' 'mrv' <Predicate = true> <Delay = 0.00>
ST_6 : Operation 32 [1/1] (0.00ns)   --->   "%mrv_1 = insertvalue i128 %mrv, i64 %sext_ln40_1" [/home/xiaorang/Documents/ATOMFLOW/atomflow_controller/atomflow_controller.cpp:50]   --->   Operation 32 'insertvalue' 'mrv_1' <Predicate = true> <Delay = 0.00>
ST_6 : Operation 33 [1/1] (0.00ns)   --->   "%ret_ln50 = ret i128 %mrv_1" [/home/xiaorang/Documents/ATOMFLOW/atomflow_controller/atomflow_controller.cpp:50]   --->   Operation 33 'ret' 'ret_ln50' <Predicate = true> <Delay = 0.00>


============================================================
+ Verbose Summary: Timing violations
============================================================
Target clock period: 10.000ns, clock uncertainty: 2.700ns.

 <State 1>: 5.742ns
The critical path consists of the following:
	wire read operation ('targetGeometry.cols_') on port 'targetGeometry_cols_write' [6]  (0.000 ns)
	'mul' operation 64 bit ('i', /home/xiaorang/Documents/ATOMFLOW/atomflow_controller/src/../../sorting-organized-main/src/sortLatticeByRow.hpp:341->/home/xiaorang/Documents/ATOMFLOW/atomflow_controller/atomflow_controller.cpp:40) [15]  (3.420 ns)
	'call' operation 0 bit ('call_ln341', /home/xiaorang/Documents/ATOMFLOW/atomflow_controller/src/../../sorting-organized-main/src/sortLatticeByRow.hpp:341->/home/xiaorang/Documents/ATOMFLOW/atomflow_controller/atomflow_controller.cpp:40) to 'load_target_geometry_Pipeline_VITIS_LOOP_342_1' [17]  (2.322 ns)

 <State 2>: 1.939ns
The critical path consists of the following:
	'call' operation 0 bit ('call_ln341', /home/xiaorang/Documents/ATOMFLOW/atomflow_controller/src/../../sorting-organized-main/src/sortLatticeByRow.hpp:341->/home/xiaorang/Documents/ATOMFLOW/atomflow_controller/atomflow_controller.cpp:40) to 'load_target_geometry_Pipeline_VITIS_LOOP_342_1' [17]  (1.939 ns)

 <State 3>: 2.506ns
The critical path consists of the following:
	'call' operation 0 bit ('call_ln348', /home/xiaorang/Documents/ATOMFLOW/atomflow_controller/src/../../sorting-organized-main/src/sortLatticeByRow.hpp:348->/home/xiaorang/Documents/ATOMFLOW/atomflow_controller/atomflow_controller.cpp:40) to 'load_target_geometry_Pipeline_VITIS_LOOP_348_2' [18]  (2.506 ns)

 <State 4>: 4.808ns
The critical path consists of the following:
	'icmp' operation 1 bit ('empty_176') [21]  (1.016 ns)
	'select' operation 31 bit ('smax1') [22]  (0.418 ns)
	'mul' operation 62 bit ('bound') [25]  (3.374 ns)

 <State 5>: 0.000ns
The critical path consists of the following:

 <State 6>: 0.000ns
The critical path consists of the following:


============================================================
+ Verbose Summary: Binding
============================================================
N/A
* FSMD analyzer results:
  - Output states:
 - Input state : 
  - Chain level:
	State 1
	State 2
	State 3
	State 4
	State 5
	State 6


============================================================
+ Verbose Summary: Datapath Resource usage 
============================================================
N/A
